[WARN ][2025-05-29 09:32:43.825][][com.alibaba.cloud.nacos.client.NacosPropertySourceBuilder] - Ignore the empty nacos configuration and get it based on dataId[capture-simulator] & group[DEFAULT_GROUP]
[WARN ][2025-05-29 09:32:43.868][][com.alibaba.cloud.nacos.client.NacosPropertySourceBuilder] - Ignore the empty nacos configuration and get it based on dataId[capture-simulator.yml] & group[DEFAULT_GROUP]
[WARN ][2025-05-29 09:32:44.250][][org.mybatis.spring.mapper.ClassPathMapperScanner] - Skipping MapperFactoryBean with name 'configMapper' and 'com.tsing.mapper.ConfigMapper' mapperInterface. Bean already defined with the same name!
[WARN ][2025-05-29 09:32:44.251][][org.mybatis.spring.mapper.ClassPathMapperScanner] - Skipping MapperFactoryBean with name 'deviceMapper' and 'com.tsing.mapper.DeviceMapper' mapperInterface. Bean already defined with the same name!
[WARN ][2025-05-29 09:32:44.251][][org.mybatis.spring.mapper.ClassPathMapperScanner] - Skipping MapperFactoryBean with name 'libraryDetailMapper' and 'com.tsing.mapper.LibraryDetailMapper' mapperInterface. Bean already defined with the same name!
[WARN ][2025-05-29 09:32:44.251][][org.mybatis.spring.mapper.ClassPathMapperScanner] - Skipping MapperFactoryBean with name 'libraryMapper' and 'com.tsing.mapper.LibraryMapper' mapperInterface. Bean already defined with the same name!
[WARN ][2025-05-29 09:32:44.251][][org.mybatis.spring.mapper.ClassPathMapperScanner] - Skipping MapperFactoryBean with name 'taskMapper' and 'com.tsing.mapper.TaskMapper' mapperInterface. Bean already defined with the same name!
[WARN ][2025-05-29 09:32:44.251][][org.mybatis.spring.mapper.ClassPathMapperScanner] - No MyBatis mapper was found in '[com.tsing.mapper]' package. Please check your configuration.
[WARN ][2025-05-29 15:08:59.413][][com.alibaba.cloud.nacos.client.NacosPropertySourceBuilder] - Ignore the empty nacos configuration and get it based on dataId[capture-simulator] & group[DEFAULT_GROUP]
[WARN ][2025-05-29 15:08:59.444][][com.alibaba.cloud.nacos.client.NacosPropertySourceBuilder] - Ignore the empty nacos configuration and get it based on dataId[capture-simulator.yml] & group[DEFAULT_GROUP]
[WARN ][2025-05-29 15:08:59.878][][org.mybatis.spring.mapper.ClassPathMapperScanner] - Skipping MapperFactoryBean with name 'configMapper' and 'com.tsing.mapper.ConfigMapper' mapperInterface. Bean already defined with the same name!
[WARN ][2025-05-29 15:08:59.878][][org.mybatis.spring.mapper.ClassPathMapperScanner] - Skipping MapperFactoryBean with name 'deviceMapper' and 'com.tsing.mapper.DeviceMapper' mapperInterface. Bean already defined with the same name!
[WARN ][2025-05-29 15:08:59.878][][org.mybatis.spring.mapper.ClassPathMapperScanner] - Skipping MapperFactoryBean with name 'libraryDetailMapper' and 'com.tsing.mapper.LibraryDetailMapper' mapperInterface. Bean already defined with the same name!
[WARN ][2025-05-29 15:08:59.878][][org.mybatis.spring.mapper.ClassPathMapperScanner] - Skipping MapperFactoryBean with name 'libraryMapper' and 'com.tsing.mapper.LibraryMapper' mapperInterface. Bean already defined with the same name!
[WARN ][2025-05-29 15:08:59.878][][org.mybatis.spring.mapper.ClassPathMapperScanner] - Skipping MapperFactoryBean with name 'taskMapper' and 'com.tsing.mapper.TaskMapper' mapperInterface. Bean already defined with the same name!
[WARN ][2025-05-29 15:08:59.878][][org.mybatis.spring.mapper.ClassPathMapperScanner] - No MyBatis mapper was found in '[com.tsing.mapper]' package. Please check your configuration.
[WARN ][2025-05-29 15:21:21.047][][com.alibaba.cloud.nacos.client.NacosPropertySourceBuilder] - Ignore the empty nacos configuration and get it based on dataId[capture-simulator] & group[DEFAULT_GROUP]
[WARN ][2025-05-29 15:21:21.078][][com.alibaba.cloud.nacos.client.NacosPropertySourceBuilder] - Ignore the empty nacos configuration and get it based on dataId[capture-simulator.yml] & group[DEFAULT_GROUP]
[WARN ][2025-05-29 15:21:21.397][][org.mybatis.spring.mapper.ClassPathMapperScanner] - Skipping MapperFactoryBean with name 'configMapper' and 'com.tsing.mapper.ConfigMapper' mapperInterface. Bean already defined with the same name!
[WARN ][2025-05-29 15:21:21.397][][org.mybatis.spring.mapper.ClassPathMapperScanner] - Skipping MapperFactoryBean with name 'deviceMapper' and 'com.tsing.mapper.DeviceMapper' mapperInterface. Bean already defined with the same name!
[WARN ][2025-05-29 15:21:21.397][][org.mybatis.spring.mapper.ClassPathMapperScanner] - Skipping MapperFactoryBean with name 'libraryDetailMapper' and 'com.tsing.mapper.LibraryDetailMapper' mapperInterface. Bean already defined with the same name!
[WARN ][2025-05-29 15:21:21.397][][org.mybatis.spring.mapper.ClassPathMapperScanner] - Skipping MapperFactoryBean with name 'libraryMapper' and 'com.tsing.mapper.LibraryMapper' mapperInterface. Bean already defined with the same name!
[WARN ][2025-05-29 15:21:21.397][][org.mybatis.spring.mapper.ClassPathMapperScanner] - Skipping MapperFactoryBean with name 'taskMapper' and 'com.tsing.mapper.TaskMapper' mapperInterface. Bean already defined with the same name!
[WARN ][2025-05-29 15:21:21.397][][org.mybatis.spring.mapper.ClassPathMapperScanner] - No MyBatis mapper was found in '[com.tsing.mapper]' package. Please check your configuration.
[WARN ][2025-05-29 15:25:50.366][][com.alibaba.cloud.nacos.client.NacosPropertySourceBuilder] - Ignore the empty nacos configuration and get it based on dataId[capture-simulator] & group[DEFAULT_GROUP]
[WARN ][2025-05-29 15:25:50.399][][com.alibaba.cloud.nacos.client.NacosPropertySourceBuilder] - Ignore the empty nacos configuration and get it based on dataId[capture-simulator.yml] & group[DEFAULT_GROUP]
[WARN ][2025-05-29 15:25:50.687][][org.mybatis.spring.mapper.ClassPathMapperScanner] - Skipping MapperFactoryBean with name 'configMapper' and 'com.tsing.mapper.ConfigMapper' mapperInterface. Bean already defined with the same name!
[WARN ][2025-05-29 15:25:50.688][][org.mybatis.spring.mapper.ClassPathMapperScanner] - Skipping MapperFactoryBean with name 'deviceMapper' and 'com.tsing.mapper.DeviceMapper' mapperInterface. Bean already defined with the same name!
[WARN ][2025-05-29 15:25:50.688][][org.mybatis.spring.mapper.ClassPathMapperScanner] - Skipping MapperFactoryBean with name 'libraryDetailMapper' and 'com.tsing.mapper.LibraryDetailMapper' mapperInterface. Bean already defined with the same name!
[WARN ][2025-05-29 15:25:50.688][][org.mybatis.spring.mapper.ClassPathMapperScanner] - Skipping MapperFactoryBean with name 'libraryMapper' and 'com.tsing.mapper.LibraryMapper' mapperInterface. Bean already defined with the same name!
[WARN ][2025-05-29 15:25:50.688][][org.mybatis.spring.mapper.ClassPathMapperScanner] - Skipping MapperFactoryBean with name 'taskMapper' and 'com.tsing.mapper.TaskMapper' mapperInterface. Bean already defined with the same name!
[WARN ][2025-05-29 15:25:50.688][][org.mybatis.spring.mapper.ClassPathMapperScanner] - No MyBatis mapper was found in '[com.tsing.mapper]' package. Please check your configuration.
[WARN ][2025-05-29 15:39:30.304][][com.alibaba.cloud.nacos.client.NacosPropertySourceBuilder] - Ignore the empty nacos configuration and get it based on dataId[capture-simulator] & group[DEFAULT_GROUP]
[WARN ][2025-05-29 15:39:30.335][][com.alibaba.cloud.nacos.client.NacosPropertySourceBuilder] - Ignore the empty nacos configuration and get it based on dataId[capture-simulator.yml] & group[DEFAULT_GROUP]
[WARN ][2025-05-29 15:39:30.610][][org.mybatis.spring.mapper.ClassPathMapperScanner] - Skipping MapperFactoryBean with name 'configMapper' and 'com.tsing.mapper.ConfigMapper' mapperInterface. Bean already defined with the same name!
[WARN ][2025-05-29 15:39:30.610][][org.mybatis.spring.mapper.ClassPathMapperScanner] - Skipping MapperFactoryBean with name 'deviceMapper' and 'com.tsing.mapper.DeviceMapper' mapperInterface. Bean already defined with the same name!
[WARN ][2025-05-29 15:39:30.610][][org.mybatis.spring.mapper.ClassPathMapperScanner] - Skipping MapperFactoryBean with name 'libraryDetailMapper' and 'com.tsing.mapper.LibraryDetailMapper' mapperInterface. Bean already defined with the same name!
[WARN ][2025-05-29 15:39:30.611][][org.mybatis.spring.mapper.ClassPathMapperScanner] - Skipping MapperFactoryBean with name 'libraryMapper' and 'com.tsing.mapper.LibraryMapper' mapperInterface. Bean already defined with the same name!
[WARN ][2025-05-29 15:39:30.611][][org.mybatis.spring.mapper.ClassPathMapperScanner] - Skipping MapperFactoryBean with name 'taskMapper' and 'com.tsing.mapper.TaskMapper' mapperInterface. Bean already defined with the same name!
[WARN ][2025-05-29 15:39:30.611][][org.mybatis.spring.mapper.ClassPathMapperScanner] - No MyBatis mapper was found in '[com.tsing.mapper]' package. Please check your configuration.
