[WARN ][2025-05-30 15:27:24.714][][com.alibaba.cloud.nacos.client.NacosPropertySourceBuilder] - Ignore the empty nacos configuration and get it based on dataId[capture-simulator] & group[DEFAULT_GROUP]
[WARN ][2025-05-30 15:27:24.751][][com.alibaba.cloud.nacos.client.NacosPropertySourceBuilder] - Ignore the empty nacos configuration and get it based on dataId[capture-simulator.yml] & group[DEFAULT_GROUP]
[WARN ][2025-05-30 15:27:25.128][][org.mybatis.spring.mapper.ClassPathMapperScanner] - Skipping MapperFactoryBean with name 'configMapper' and 'com.tsing.mapper.ConfigMapper' mapperInterface. Bean already defined with the same name!
[WARN ][2025-05-30 15:27:25.128][][org.mybatis.spring.mapper.ClassPathMapperScanner] - Skipping MapperFactoryBean with name 'deviceMapper' and 'com.tsing.mapper.DeviceMapper' mapperInterface. Bean already defined with the same name!
[WARN ][2025-05-30 15:27:25.128][][org.mybatis.spring.mapper.ClassPathMapperScanner] - Skipping MapperFactoryBean with name 'libraryDetailMapper' and 'com.tsing.mapper.LibraryDetailMapper' mapperInterface. Bean already defined with the same name!
[WARN ][2025-05-30 15:27:25.128][][org.mybatis.spring.mapper.ClassPathMapperScanner] - Skipping MapperFactoryBean with name 'libraryMapper' and 'com.tsing.mapper.LibraryMapper' mapperInterface. Bean already defined with the same name!
[WARN ][2025-05-30 15:27:25.128][][org.mybatis.spring.mapper.ClassPathMapperScanner] - Skipping MapperFactoryBean with name 'taskLogMapper' and 'com.tsing.mapper.TaskLogMapper' mapperInterface. Bean already defined with the same name!
[WARN ][2025-05-30 15:27:25.128][][org.mybatis.spring.mapper.ClassPathMapperScanner] - Skipping MapperFactoryBean with name 'taskMapper' and 'com.tsing.mapper.TaskMapper' mapperInterface. Bean already defined with the same name!
[WARN ][2025-05-30 15:27:25.129][][org.mybatis.spring.mapper.ClassPathMapperScanner] - No MyBatis mapper was found in '[com.tsing.mapper]' package. Please check your configuration.
[WARN ][2025-05-30 15:28:24.963][][com.alibaba.cloud.nacos.client.NacosPropertySourceBuilder] - Ignore the empty nacos configuration and get it based on dataId[null.properties] & group[DEFAULT_GROUP]
[WARN ][2025-05-30 15:28:25.719][][org.mybatis.spring.mapper.ClassPathMapperScanner] - Skipping MapperFactoryBean with name 'configMapper' and 'com.tsing.mapper.ConfigMapper' mapperInterface. Bean already defined with the same name!
[WARN ][2025-05-30 15:28:25.719][][org.mybatis.spring.mapper.ClassPathMapperScanner] - Skipping MapperFactoryBean with name 'deviceMapper' and 'com.tsing.mapper.DeviceMapper' mapperInterface. Bean already defined with the same name!
[WARN ][2025-05-30 15:28:25.719][][org.mybatis.spring.mapper.ClassPathMapperScanner] - Skipping MapperFactoryBean with name 'libraryDetailMapper' and 'com.tsing.mapper.LibraryDetailMapper' mapperInterface. Bean already defined with the same name!
[WARN ][2025-05-30 15:28:25.719][][org.mybatis.spring.mapper.ClassPathMapperScanner] - Skipping MapperFactoryBean with name 'libraryMapper' and 'com.tsing.mapper.LibraryMapper' mapperInterface. Bean already defined with the same name!
[WARN ][2025-05-30 15:28:25.719][][org.mybatis.spring.mapper.ClassPathMapperScanner] - Skipping MapperFactoryBean with name 'taskLogMapper' and 'com.tsing.mapper.TaskLogMapper' mapperInterface. Bean already defined with the same name!
[WARN ][2025-05-30 15:28:25.719][][org.mybatis.spring.mapper.ClassPathMapperScanner] - Skipping MapperFactoryBean with name 'taskMapper' and 'com.tsing.mapper.TaskMapper' mapperInterface. Bean already defined with the same name!
[WARN ][2025-05-30 15:28:25.719][][org.mybatis.spring.mapper.ClassPathMapperScanner] - No MyBatis mapper was found in '[com.tsing.mapper]' package. Please check your configuration.
[WARN ][2025-05-30 15:29:48.417][][com.alibaba.cloud.nacos.client.NacosPropertySourceBuilder] - Ignore the empty nacos configuration and get it based on dataId[capture-simulator] & group[DEFAULT_GROUP]
[WARN ][2025-05-30 15:29:48.448][][com.alibaba.cloud.nacos.client.NacosPropertySourceBuilder] - Ignore the empty nacos configuration and get it based on dataId[capture-simulator.yml] & group[DEFAULT_GROUP]
[WARN ][2025-05-30 15:29:48.793][][org.mybatis.spring.mapper.ClassPathMapperScanner] - Skipping MapperFactoryBean with name 'configMapper' and 'com.tsing.mapper.ConfigMapper' mapperInterface. Bean already defined with the same name!
[WARN ][2025-05-30 15:29:48.793][][org.mybatis.spring.mapper.ClassPathMapperScanner] - Skipping MapperFactoryBean with name 'deviceMapper' and 'com.tsing.mapper.DeviceMapper' mapperInterface. Bean already defined with the same name!
[WARN ][2025-05-30 15:29:48.793][][org.mybatis.spring.mapper.ClassPathMapperScanner] - Skipping MapperFactoryBean with name 'libraryDetailMapper' and 'com.tsing.mapper.LibraryDetailMapper' mapperInterface. Bean already defined with the same name!
[WARN ][2025-05-30 15:29:48.793][][org.mybatis.spring.mapper.ClassPathMapperScanner] - Skipping MapperFactoryBean with name 'libraryMapper' and 'com.tsing.mapper.LibraryMapper' mapperInterface. Bean already defined with the same name!
[WARN ][2025-05-30 15:29:48.793][][org.mybatis.spring.mapper.ClassPathMapperScanner] - Skipping MapperFactoryBean with name 'taskLogMapper' and 'com.tsing.mapper.TaskLogMapper' mapperInterface. Bean already defined with the same name!
[WARN ][2025-05-30 15:29:48.793][][org.mybatis.spring.mapper.ClassPathMapperScanner] - Skipping MapperFactoryBean with name 'taskMapper' and 'com.tsing.mapper.TaskMapper' mapperInterface. Bean already defined with the same name!
[WARN ][2025-05-30 15:29:48.794][][org.mybatis.spring.mapper.ClassPathMapperScanner] - No MyBatis mapper was found in '[com.tsing.mapper]' package. Please check your configuration.
[WARN ][2025-05-30 15:30:30.680][][com.alibaba.cloud.nacos.client.NacosPropertySourceBuilder] - Ignore the empty nacos configuration and get it based on dataId[capture-simulator] & group[DEFAULT_GROUP]
[WARN ][2025-05-30 15:30:30.712][][com.alibaba.cloud.nacos.client.NacosPropertySourceBuilder] - Ignore the empty nacos configuration and get it based on dataId[capture-simulator.yml] & group[DEFAULT_GROUP]
[WARN ][2025-05-30 15:30:31.032][][org.mybatis.spring.mapper.ClassPathMapperScanner] - Skipping MapperFactoryBean with name 'configMapper' and 'com.tsing.mapper.ConfigMapper' mapperInterface. Bean already defined with the same name!
[WARN ][2025-05-30 15:30:31.032][][org.mybatis.spring.mapper.ClassPathMapperScanner] - Skipping MapperFactoryBean with name 'deviceMapper' and 'com.tsing.mapper.DeviceMapper' mapperInterface. Bean already defined with the same name!
[WARN ][2025-05-30 15:30:31.032][][org.mybatis.spring.mapper.ClassPathMapperScanner] - Skipping MapperFactoryBean with name 'libraryDetailMapper' and 'com.tsing.mapper.LibraryDetailMapper' mapperInterface. Bean already defined with the same name!
[WARN ][2025-05-30 15:30:31.032][][org.mybatis.spring.mapper.ClassPathMapperScanner] - Skipping MapperFactoryBean with name 'libraryMapper' and 'com.tsing.mapper.LibraryMapper' mapperInterface. Bean already defined with the same name!
[WARN ][2025-05-30 15:30:31.032][][org.mybatis.spring.mapper.ClassPathMapperScanner] - Skipping MapperFactoryBean with name 'taskLogMapper' and 'com.tsing.mapper.TaskLogMapper' mapperInterface. Bean already defined with the same name!
[WARN ][2025-05-30 15:30:31.032][][org.mybatis.spring.mapper.ClassPathMapperScanner] - Skipping MapperFactoryBean with name 'taskMapper' and 'com.tsing.mapper.TaskMapper' mapperInterface. Bean already defined with the same name!
[WARN ][2025-05-30 15:30:31.032][][org.mybatis.spring.mapper.ClassPathMapperScanner] - No MyBatis mapper was found in '[com.tsing.mapper]' package. Please check your configuration.
[WARN ][2025-05-30 15:34:10.640][][com.alibaba.cloud.nacos.client.NacosPropertySourceBuilder] - Ignore the empty nacos configuration and get it based on dataId[capture-simulator] & group[DEFAULT_GROUP]
[WARN ][2025-05-30 15:34:10.671][][com.alibaba.cloud.nacos.client.NacosPropertySourceBuilder] - Ignore the empty nacos configuration and get it based on dataId[capture-simulator.yml] & group[DEFAULT_GROUP]
[WARN ][2025-05-30 15:34:10.977][][org.mybatis.spring.mapper.ClassPathMapperScanner] - Skipping MapperFactoryBean with name 'configMapper' and 'com.tsing.mapper.ConfigMapper' mapperInterface. Bean already defined with the same name!
[WARN ][2025-05-30 15:34:10.977][][org.mybatis.spring.mapper.ClassPathMapperScanner] - Skipping MapperFactoryBean with name 'deviceMapper' and 'com.tsing.mapper.DeviceMapper' mapperInterface. Bean already defined with the same name!
[WARN ][2025-05-30 15:34:10.977][][org.mybatis.spring.mapper.ClassPathMapperScanner] - Skipping MapperFactoryBean with name 'libraryDetailMapper' and 'com.tsing.mapper.LibraryDetailMapper' mapperInterface. Bean already defined with the same name!
[WARN ][2025-05-30 15:34:10.977][][org.mybatis.spring.mapper.ClassPathMapperScanner] - Skipping MapperFactoryBean with name 'libraryMapper' and 'com.tsing.mapper.LibraryMapper' mapperInterface. Bean already defined with the same name!
[WARN ][2025-05-30 15:34:10.977][][org.mybatis.spring.mapper.ClassPathMapperScanner] - Skipping MapperFactoryBean with name 'taskLogMapper' and 'com.tsing.mapper.TaskLogMapper' mapperInterface. Bean already defined with the same name!
[WARN ][2025-05-30 15:34:10.977][][org.mybatis.spring.mapper.ClassPathMapperScanner] - Skipping MapperFactoryBean with name 'taskMapper' and 'com.tsing.mapper.TaskMapper' mapperInterface. Bean already defined with the same name!
[WARN ][2025-05-30 15:34:10.977][][org.mybatis.spring.mapper.ClassPathMapperScanner] - No MyBatis mapper was found in '[com.tsing.mapper]' package. Please check your configuration.
[WARN ][2025-05-30 15:36:27.659][][com.alibaba.cloud.nacos.client.NacosPropertySourceBuilder] - Ignore the empty nacos configuration and get it based on dataId[capture-simulator] & group[DEFAULT_GROUP]
[WARN ][2025-05-30 15:36:27.690][][com.alibaba.cloud.nacos.client.NacosPropertySourceBuilder] - Ignore the empty nacos configuration and get it based on dataId[capture-simulator.yml] & group[DEFAULT_GROUP]
[WARN ][2025-05-30 15:36:27.992][][org.mybatis.spring.mapper.ClassPathMapperScanner] - Skipping MapperFactoryBean with name 'configMapper' and 'com.tsing.mapper.ConfigMapper' mapperInterface. Bean already defined with the same name!
[WARN ][2025-05-30 15:36:27.992][][org.mybatis.spring.mapper.ClassPathMapperScanner] - Skipping MapperFactoryBean with name 'deviceMapper' and 'com.tsing.mapper.DeviceMapper' mapperInterface. Bean already defined with the same name!
[WARN ][2025-05-30 15:36:27.992][][org.mybatis.spring.mapper.ClassPathMapperScanner] - Skipping MapperFactoryBean with name 'libraryDetailMapper' and 'com.tsing.mapper.LibraryDetailMapper' mapperInterface. Bean already defined with the same name!
[WARN ][2025-05-30 15:36:27.992][][org.mybatis.spring.mapper.ClassPathMapperScanner] - Skipping MapperFactoryBean with name 'libraryMapper' and 'com.tsing.mapper.LibraryMapper' mapperInterface. Bean already defined with the same name!
[WARN ][2025-05-30 15:36:27.992][][org.mybatis.spring.mapper.ClassPathMapperScanner] - Skipping MapperFactoryBean with name 'taskLogMapper' and 'com.tsing.mapper.TaskLogMapper' mapperInterface. Bean already defined with the same name!
[WARN ][2025-05-30 15:36:27.993][][org.mybatis.spring.mapper.ClassPathMapperScanner] - Skipping MapperFactoryBean with name 'taskMapper' and 'com.tsing.mapper.TaskMapper' mapperInterface. Bean already defined with the same name!
[WARN ][2025-05-30 15:36:27.993][][org.mybatis.spring.mapper.ClassPathMapperScanner] - No MyBatis mapper was found in '[com.tsing.mapper]' package. Please check your configuration.
[WARN ][2025-05-30 15:46:13.604][][com.alibaba.cloud.nacos.client.NacosPropertySourceBuilder] - Ignore the empty nacos configuration and get it based on dataId[capture-simulator] & group[DEFAULT_GROUP]
[WARN ][2025-05-30 15:46:13.636][][com.alibaba.cloud.nacos.client.NacosPropertySourceBuilder] - Ignore the empty nacos configuration and get it based on dataId[capture-simulator.yml] & group[DEFAULT_GROUP]
[WARN ][2025-05-30 15:46:14.064][][org.mybatis.spring.mapper.ClassPathMapperScanner] - Skipping MapperFactoryBean with name 'configMapper' and 'com.tsing.mapper.ConfigMapper' mapperInterface. Bean already defined with the same name!
[WARN ][2025-05-30 15:46:14.064][][org.mybatis.spring.mapper.ClassPathMapperScanner] - Skipping MapperFactoryBean with name 'deviceMapper' and 'com.tsing.mapper.DeviceMapper' mapperInterface. Bean already defined with the same name!
[WARN ][2025-05-30 15:46:14.064][][org.mybatis.spring.mapper.ClassPathMapperScanner] - Skipping MapperFactoryBean with name 'libraryDetailMapper' and 'com.tsing.mapper.LibraryDetailMapper' mapperInterface. Bean already defined with the same name!
[WARN ][2025-05-30 15:46:14.064][][org.mybatis.spring.mapper.ClassPathMapperScanner] - Skipping MapperFactoryBean with name 'libraryMapper' and 'com.tsing.mapper.LibraryMapper' mapperInterface. Bean already defined with the same name!
[WARN ][2025-05-30 15:46:14.064][][org.mybatis.spring.mapper.ClassPathMapperScanner] - Skipping MapperFactoryBean with name 'taskLogMapper' and 'com.tsing.mapper.TaskLogMapper' mapperInterface. Bean already defined with the same name!
[WARN ][2025-05-30 15:46:14.064][][org.mybatis.spring.mapper.ClassPathMapperScanner] - Skipping MapperFactoryBean with name 'taskMapper' and 'com.tsing.mapper.TaskMapper' mapperInterface. Bean already defined with the same name!
[WARN ][2025-05-30 15:46:14.064][][org.mybatis.spring.mapper.ClassPathMapperScanner] - No MyBatis mapper was found in '[com.tsing.mapper]' package. Please check your configuration.
[WARN ][2025-05-30 15:51:53.751][][com.alibaba.cloud.nacos.client.NacosPropertySourceBuilder] - Ignore the empty nacos configuration and get it based on dataId[capture-simulator] & group[DEFAULT_GROUP]
[WARN ][2025-05-30 15:51:53.782][][com.alibaba.cloud.nacos.client.NacosPropertySourceBuilder] - Ignore the empty nacos configuration and get it based on dataId[capture-simulator.yml] & group[DEFAULT_GROUP]
[WARN ][2025-05-30 15:51:54.119][][org.mybatis.spring.mapper.ClassPathMapperScanner] - Skipping MapperFactoryBean with name 'configMapper' and 'com.tsing.mapper.ConfigMapper' mapperInterface. Bean already defined with the same name!
[WARN ][2025-05-30 15:51:54.119][][org.mybatis.spring.mapper.ClassPathMapperScanner] - Skipping MapperFactoryBean with name 'deviceMapper' and 'com.tsing.mapper.DeviceMapper' mapperInterface. Bean already defined with the same name!
[WARN ][2025-05-30 15:51:54.119][][org.mybatis.spring.mapper.ClassPathMapperScanner] - Skipping MapperFactoryBean with name 'libraryDetailMapper' and 'com.tsing.mapper.LibraryDetailMapper' mapperInterface. Bean already defined with the same name!
[WARN ][2025-05-30 15:51:54.119][][org.mybatis.spring.mapper.ClassPathMapperScanner] - Skipping MapperFactoryBean with name 'libraryMapper' and 'com.tsing.mapper.LibraryMapper' mapperInterface. Bean already defined with the same name!
[WARN ][2025-05-30 15:51:54.119][][org.mybatis.spring.mapper.ClassPathMapperScanner] - Skipping MapperFactoryBean with name 'taskLogMapper' and 'com.tsing.mapper.TaskLogMapper' mapperInterface. Bean already defined with the same name!
[WARN ][2025-05-30 15:51:54.119][][org.mybatis.spring.mapper.ClassPathMapperScanner] - Skipping MapperFactoryBean with name 'taskMapper' and 'com.tsing.mapper.TaskMapper' mapperInterface. Bean already defined with the same name!
[WARN ][2025-05-30 15:51:54.119][][org.mybatis.spring.mapper.ClassPathMapperScanner] - No MyBatis mapper was found in '[com.tsing.mapper]' package. Please check your configuration.
[WARN ][2025-05-30 15:56:52.172][][com.alibaba.cloud.nacos.client.NacosPropertySourceBuilder] - Ignore the empty nacos configuration and get it based on dataId[capture-simulator] & group[DEFAULT_GROUP]
[WARN ][2025-05-30 15:56:52.203][][com.alibaba.cloud.nacos.client.NacosPropertySourceBuilder] - Ignore the empty nacos configuration and get it based on dataId[capture-simulator.yml] & group[DEFAULT_GROUP]
[WARN ][2025-05-30 15:56:52.489][][org.mybatis.spring.mapper.ClassPathMapperScanner] - Skipping MapperFactoryBean with name 'configMapper' and 'com.tsing.mapper.ConfigMapper' mapperInterface. Bean already defined with the same name!
[WARN ][2025-05-30 15:56:52.489][][org.mybatis.spring.mapper.ClassPathMapperScanner] - Skipping MapperFactoryBean with name 'deviceMapper' and 'com.tsing.mapper.DeviceMapper' mapperInterface. Bean already defined with the same name!
[WARN ][2025-05-30 15:56:52.489][][org.mybatis.spring.mapper.ClassPathMapperScanner] - Skipping MapperFactoryBean with name 'libraryDetailMapper' and 'com.tsing.mapper.LibraryDetailMapper' mapperInterface. Bean already defined with the same name!
[WARN ][2025-05-30 15:56:52.489][][org.mybatis.spring.mapper.ClassPathMapperScanner] - Skipping MapperFactoryBean with name 'libraryMapper' and 'com.tsing.mapper.LibraryMapper' mapperInterface. Bean already defined with the same name!
[WARN ][2025-05-30 15:56:52.489][][org.mybatis.spring.mapper.ClassPathMapperScanner] - Skipping MapperFactoryBean with name 'taskLogMapper' and 'com.tsing.mapper.TaskLogMapper' mapperInterface. Bean already defined with the same name!
[WARN ][2025-05-30 15:56:52.489][][org.mybatis.spring.mapper.ClassPathMapperScanner] - Skipping MapperFactoryBean with name 'taskMapper' and 'com.tsing.mapper.TaskMapper' mapperInterface. Bean already defined with the same name!
[WARN ][2025-05-30 15:56:52.489][][org.mybatis.spring.mapper.ClassPathMapperScanner] - No MyBatis mapper was found in '[com.tsing.mapper]' package. Please check your configuration.
[WARN ][2025-05-30 16:18:11.008][][com.alibaba.cloud.nacos.client.NacosPropertySourceBuilder] - Ignore the empty nacos configuration and get it based on dataId[capture-simulator] & group[DEFAULT_GROUP]
[WARN ][2025-05-30 16:18:11.035][][com.alibaba.cloud.nacos.client.NacosPropertySourceBuilder] - Ignore the empty nacos configuration and get it based on dataId[capture-simulator.yml] & group[DEFAULT_GROUP]
[WARN ][2025-05-30 16:18:11.347][][org.mybatis.spring.mapper.ClassPathMapperScanner] - Skipping MapperFactoryBean with name 'configMapper' and 'com.tsing.mapper.ConfigMapper' mapperInterface. Bean already defined with the same name!
[WARN ][2025-05-30 16:18:11.347][][org.mybatis.spring.mapper.ClassPathMapperScanner] - Skipping MapperFactoryBean with name 'deviceMapper' and 'com.tsing.mapper.DeviceMapper' mapperInterface. Bean already defined with the same name!
[WARN ][2025-05-30 16:18:11.347][][org.mybatis.spring.mapper.ClassPathMapperScanner] - Skipping MapperFactoryBean with name 'libraryDetailMapper' and 'com.tsing.mapper.LibraryDetailMapper' mapperInterface. Bean already defined with the same name!
[WARN ][2025-05-30 16:18:11.347][][org.mybatis.spring.mapper.ClassPathMapperScanner] - Skipping MapperFactoryBean with name 'libraryMapper' and 'com.tsing.mapper.LibraryMapper' mapperInterface. Bean already defined with the same name!
[WARN ][2025-05-30 16:18:11.348][][org.mybatis.spring.mapper.ClassPathMapperScanner] - Skipping MapperFactoryBean with name 'taskLogMapper' and 'com.tsing.mapper.TaskLogMapper' mapperInterface. Bean already defined with the same name!
[WARN ][2025-05-30 16:18:11.348][][org.mybatis.spring.mapper.ClassPathMapperScanner] - Skipping MapperFactoryBean with name 'taskMapper' and 'com.tsing.mapper.TaskMapper' mapperInterface. Bean already defined with the same name!
[WARN ][2025-05-30 16:18:11.348][][org.mybatis.spring.mapper.ClassPathMapperScanner] - No MyBatis mapper was found in '[com.tsing.mapper]' package. Please check your configuration.
[WARN ][2025-05-30 16:28:25.146][][com.alibaba.cloud.nacos.client.NacosPropertySourceBuilder] - Ignore the empty nacos configuration and get it based on dataId[capture-simulator] & group[DEFAULT_GROUP]
[WARN ][2025-05-30 16:28:25.172][][com.alibaba.cloud.nacos.client.NacosPropertySourceBuilder] - Ignore the empty nacos configuration and get it based on dataId[capture-simulator.yml] & group[DEFAULT_GROUP]
[WARN ][2025-05-30 16:28:25.492][][org.mybatis.spring.mapper.ClassPathMapperScanner] - Skipping MapperFactoryBean with name 'configMapper' and 'com.tsing.mapper.ConfigMapper' mapperInterface. Bean already defined with the same name!
[WARN ][2025-05-30 16:28:25.492][][org.mybatis.spring.mapper.ClassPathMapperScanner] - Skipping MapperFactoryBean with name 'deviceMapper' and 'com.tsing.mapper.DeviceMapper' mapperInterface. Bean already defined with the same name!
[WARN ][2025-05-30 16:28:25.492][][org.mybatis.spring.mapper.ClassPathMapperScanner] - Skipping MapperFactoryBean with name 'libraryDetailMapper' and 'com.tsing.mapper.LibraryDetailMapper' mapperInterface. Bean already defined with the same name!
[WARN ][2025-05-30 16:28:25.492][][org.mybatis.spring.mapper.ClassPathMapperScanner] - Skipping MapperFactoryBean with name 'libraryMapper' and 'com.tsing.mapper.LibraryMapper' mapperInterface. Bean already defined with the same name!
[WARN ][2025-05-30 16:28:25.492][][org.mybatis.spring.mapper.ClassPathMapperScanner] - Skipping MapperFactoryBean with name 'taskLogMapper' and 'com.tsing.mapper.TaskLogMapper' mapperInterface. Bean already defined with the same name!
[WARN ][2025-05-30 16:28:25.492][][org.mybatis.spring.mapper.ClassPathMapperScanner] - Skipping MapperFactoryBean with name 'taskMapper' and 'com.tsing.mapper.TaskMapper' mapperInterface. Bean already defined with the same name!
[WARN ][2025-05-30 16:28:25.492][][org.mybatis.spring.mapper.ClassPathMapperScanner] - No MyBatis mapper was found in '[com.tsing.mapper]' package. Please check your configuration.
[WARN ][2025-05-30 16:30:09.008][][com.alibaba.cloud.nacos.client.NacosPropertySourceBuilder] - Ignore the empty nacos configuration and get it based on dataId[capture-simulator] & group[DEFAULT_GROUP]
[WARN ][2025-05-30 16:30:09.036][][com.alibaba.cloud.nacos.client.NacosPropertySourceBuilder] - Ignore the empty nacos configuration and get it based on dataId[capture-simulator.yml] & group[DEFAULT_GROUP]
[WARN ][2025-05-30 16:30:09.371][][org.mybatis.spring.mapper.ClassPathMapperScanner] - Skipping MapperFactoryBean with name 'configMapper' and 'com.tsing.mapper.ConfigMapper' mapperInterface. Bean already defined with the same name!
[WARN ][2025-05-30 16:30:09.372][][org.mybatis.spring.mapper.ClassPathMapperScanner] - Skipping MapperFactoryBean with name 'deviceMapper' and 'com.tsing.mapper.DeviceMapper' mapperInterface. Bean already defined with the same name!
[WARN ][2025-05-30 16:30:09.372][][org.mybatis.spring.mapper.ClassPathMapperScanner] - Skipping MapperFactoryBean with name 'libraryDetailMapper' and 'com.tsing.mapper.LibraryDetailMapper' mapperInterface. Bean already defined with the same name!
[WARN ][2025-05-30 16:30:09.372][][org.mybatis.spring.mapper.ClassPathMapperScanner] - Skipping MapperFactoryBean with name 'libraryMapper' and 'com.tsing.mapper.LibraryMapper' mapperInterface. Bean already defined with the same name!
[WARN ][2025-05-30 16:30:09.372][][org.mybatis.spring.mapper.ClassPathMapperScanner] - Skipping MapperFactoryBean with name 'taskLogMapper' and 'com.tsing.mapper.TaskLogMapper' mapperInterface. Bean already defined with the same name!
[WARN ][2025-05-30 16:30:09.372][][org.mybatis.spring.mapper.ClassPathMapperScanner] - Skipping MapperFactoryBean with name 'taskMapper' and 'com.tsing.mapper.TaskMapper' mapperInterface. Bean already defined with the same name!
[WARN ][2025-05-30 16:30:09.372][][org.mybatis.spring.mapper.ClassPathMapperScanner] - No MyBatis mapper was found in '[com.tsing.mapper]' package. Please check your configuration.
[WARN ][2025-05-30 16:58:16.920][][com.alibaba.cloud.nacos.client.NacosPropertySourceBuilder] - Ignore the empty nacos configuration and get it based on dataId[capture-simulator] & group[DEFAULT_GROUP]
[WARN ][2025-05-30 16:58:16.948][][com.alibaba.cloud.nacos.client.NacosPropertySourceBuilder] - Ignore the empty nacos configuration and get it based on dataId[capture-simulator.yml] & group[DEFAULT_GROUP]
[WARN ][2025-05-30 16:58:17.252][][org.mybatis.spring.mapper.ClassPathMapperScanner] - Skipping MapperFactoryBean with name 'configMapper' and 'com.tsing.mapper.ConfigMapper' mapperInterface. Bean already defined with the same name!
[WARN ][2025-05-30 16:58:17.252][][org.mybatis.spring.mapper.ClassPathMapperScanner] - Skipping MapperFactoryBean with name 'deviceMapper' and 'com.tsing.mapper.DeviceMapper' mapperInterface. Bean already defined with the same name!
[WARN ][2025-05-30 16:58:17.252][][org.mybatis.spring.mapper.ClassPathMapperScanner] - Skipping MapperFactoryBean with name 'libraryDetailMapper' and 'com.tsing.mapper.LibraryDetailMapper' mapperInterface. Bean already defined with the same name!
[WARN ][2025-05-30 16:58:17.252][][org.mybatis.spring.mapper.ClassPathMapperScanner] - Skipping MapperFactoryBean with name 'libraryMapper' and 'com.tsing.mapper.LibraryMapper' mapperInterface. Bean already defined with the same name!
[WARN ][2025-05-30 16:58:17.252][][org.mybatis.spring.mapper.ClassPathMapperScanner] - Skipping MapperFactoryBean with name 'taskLogMapper' and 'com.tsing.mapper.TaskLogMapper' mapperInterface. Bean already defined with the same name!
[WARN ][2025-05-30 16:58:17.252][][org.mybatis.spring.mapper.ClassPathMapperScanner] - Skipping MapperFactoryBean with name 'taskMapper' and 'com.tsing.mapper.TaskMapper' mapperInterface. Bean already defined with the same name!
[WARN ][2025-05-30 16:58:17.252][][org.mybatis.spring.mapper.ClassPathMapperScanner] - No MyBatis mapper was found in '[com.tsing.mapper]' package. Please check your configuration.
[WARN ][2025-05-30 17:00:06.865][][com.alibaba.cloud.nacos.client.NacosPropertySourceBuilder] - Ignore the empty nacos configuration and get it based on dataId[capture-simulator] & group[DEFAULT_GROUP]
[WARN ][2025-05-30 17:00:06.893][][com.alibaba.cloud.nacos.client.NacosPropertySourceBuilder] - Ignore the empty nacos configuration and get it based on dataId[capture-simulator.yml] & group[DEFAULT_GROUP]
[WARN ][2025-05-30 17:00:07.360][][org.mybatis.spring.mapper.ClassPathMapperScanner] - Skipping MapperFactoryBean with name 'configMapper' and 'com.tsing.mapper.ConfigMapper' mapperInterface. Bean already defined with the same name!
[WARN ][2025-05-30 17:00:07.360][][org.mybatis.spring.mapper.ClassPathMapperScanner] - Skipping MapperFactoryBean with name 'deviceMapper' and 'com.tsing.mapper.DeviceMapper' mapperInterface. Bean already defined with the same name!
[WARN ][2025-05-30 17:00:07.360][][org.mybatis.spring.mapper.ClassPathMapperScanner] - Skipping MapperFactoryBean with name 'libraryDetailMapper' and 'com.tsing.mapper.LibraryDetailMapper' mapperInterface. Bean already defined with the same name!
[WARN ][2025-05-30 17:00:07.360][][org.mybatis.spring.mapper.ClassPathMapperScanner] - Skipping MapperFactoryBean with name 'libraryMapper' and 'com.tsing.mapper.LibraryMapper' mapperInterface. Bean already defined with the same name!
[WARN ][2025-05-30 17:00:07.360][][org.mybatis.spring.mapper.ClassPathMapperScanner] - Skipping MapperFactoryBean with name 'taskLogMapper' and 'com.tsing.mapper.TaskLogMapper' mapperInterface. Bean already defined with the same name!
[WARN ][2025-05-30 17:00:07.360][][org.mybatis.spring.mapper.ClassPathMapperScanner] - Skipping MapperFactoryBean with name 'taskMapper' and 'com.tsing.mapper.TaskMapper' mapperInterface. Bean already defined with the same name!
[WARN ][2025-05-30 17:00:07.360][][org.mybatis.spring.mapper.ClassPathMapperScanner] - No MyBatis mapper was found in '[com.tsing.mapper]' package. Please check your configuration.
[WARN ][2025-05-30 17:08:26.104][][com.alibaba.cloud.nacos.client.NacosPropertySourceBuilder] - Ignore the empty nacos configuration and get it based on dataId[capture-simulator] & group[DEFAULT_GROUP]
[WARN ][2025-05-30 17:08:26.130][][com.alibaba.cloud.nacos.client.NacosPropertySourceBuilder] - Ignore the empty nacos configuration and get it based on dataId[capture-simulator.yml] & group[DEFAULT_GROUP]
[WARN ][2025-05-30 17:08:26.417][][org.mybatis.spring.mapper.ClassPathMapperScanner] - Skipping MapperFactoryBean with name 'configMapper' and 'com.tsing.mapper.ConfigMapper' mapperInterface. Bean already defined with the same name!
[WARN ][2025-05-30 17:08:26.417][][org.mybatis.spring.mapper.ClassPathMapperScanner] - Skipping MapperFactoryBean with name 'deviceMapper' and 'com.tsing.mapper.DeviceMapper' mapperInterface. Bean already defined with the same name!
[WARN ][2025-05-30 17:08:26.417][][org.mybatis.spring.mapper.ClassPathMapperScanner] - Skipping MapperFactoryBean with name 'libraryDetailMapper' and 'com.tsing.mapper.LibraryDetailMapper' mapperInterface. Bean already defined with the same name!
[WARN ][2025-05-30 17:08:26.417][][org.mybatis.spring.mapper.ClassPathMapperScanner] - Skipping MapperFactoryBean with name 'libraryMapper' and 'com.tsing.mapper.LibraryMapper' mapperInterface. Bean already defined with the same name!
[WARN ][2025-05-30 17:08:26.418][][org.mybatis.spring.mapper.ClassPathMapperScanner] - Skipping MapperFactoryBean with name 'taskLogMapper' and 'com.tsing.mapper.TaskLogMapper' mapperInterface. Bean already defined with the same name!
[WARN ][2025-05-30 17:08:26.418][][org.mybatis.spring.mapper.ClassPathMapperScanner] - Skipping MapperFactoryBean with name 'taskMapper' and 'com.tsing.mapper.TaskMapper' mapperInterface. Bean already defined with the same name!
[WARN ][2025-05-30 17:08:26.418][][org.mybatis.spring.mapper.ClassPathMapperScanner] - No MyBatis mapper was found in '[com.tsing.mapper]' package. Please check your configuration.
[WARN ][2025-05-30 18:42:40.422][][com.alibaba.cloud.nacos.client.NacosPropertySourceBuilder] - Ignore the empty nacos configuration and get it based on dataId[capture-simulator] & group[DEFAULT_GROUP]
[WARN ][2025-05-30 18:42:40.471][][com.alibaba.cloud.nacos.client.NacosPropertySourceBuilder] - Ignore the empty nacos configuration and get it based on dataId[capture-simulator.yml] & group[DEFAULT_GROUP]
[WARN ][2025-05-30 18:42:40.791][][org.mybatis.spring.mapper.ClassPathMapperScanner] - Skipping MapperFactoryBean with name 'configMapper' and 'com.tsing.mapper.ConfigMapper' mapperInterface. Bean already defined with the same name!
[WARN ][2025-05-30 18:42:40.791][][org.mybatis.spring.mapper.ClassPathMapperScanner] - Skipping MapperFactoryBean with name 'deviceMapper' and 'com.tsing.mapper.DeviceMapper' mapperInterface. Bean already defined with the same name!
[WARN ][2025-05-30 18:42:40.791][][org.mybatis.spring.mapper.ClassPathMapperScanner] - Skipping MapperFactoryBean with name 'libraryDetailMapper' and 'com.tsing.mapper.LibraryDetailMapper' mapperInterface. Bean already defined with the same name!
[WARN ][2025-05-30 18:42:40.791][][org.mybatis.spring.mapper.ClassPathMapperScanner] - Skipping MapperFactoryBean with name 'libraryMapper' and 'com.tsing.mapper.LibraryMapper' mapperInterface. Bean already defined with the same name!
[WARN ][2025-05-30 18:42:40.791][][org.mybatis.spring.mapper.ClassPathMapperScanner] - Skipping MapperFactoryBean with name 'taskLogMapper' and 'com.tsing.mapper.TaskLogMapper' mapperInterface. Bean already defined with the same name!
[WARN ][2025-05-30 18:42:40.791][][org.mybatis.spring.mapper.ClassPathMapperScanner] - Skipping MapperFactoryBean with name 'taskMapper' and 'com.tsing.mapper.TaskMapper' mapperInterface. Bean already defined with the same name!
[WARN ][2025-05-30 18:42:40.791][][org.mybatis.spring.mapper.ClassPathMapperScanner] - No MyBatis mapper was found in '[com.tsing.mapper]' package. Please check your configuration.
