[WARN ][2025-06-04 10:39:11.994][][com.alibaba.cloud.nacos.client.NacosPropertySourceBuilder] - Ignore the empty nacos configuration and get it based on dataId[capture-simulator] & group[DEFAULT_GROUP]
[WARN ][2025-06-04 10:39:12.021][][com.alibaba.cloud.nacos.client.NacosPropertySourceBuilder] - Ignore the empty nacos configuration and get it based on dataId[capture-simulator.yml] & group[DEFAULT_GROUP]
[WARN ][2025-06-04 10:39:12.322][][org.mybatis.spring.mapper.ClassPathMapperScanner] - Skipping MapperFactoryBean with name 'configMapper' and 'com.tsing.mapper.ConfigMapper' mapperInterface. Bean already defined with the same name!
[WARN ][2025-06-04 10:39:12.322][][org.mybatis.spring.mapper.ClassPathMapperScanner] - Skipping MapperFactoryBean with name 'deviceMapper' and 'com.tsing.mapper.DeviceMapper' mapperInterface. Bean already defined with the same name!
[WARN ][2025-06-04 10:39:12.322][][org.mybatis.spring.mapper.ClassPathMapperScanner] - Skipping MapperFactoryBean with name 'libraryDetailMapper' and 'com.tsing.mapper.LibraryDetailMapper' mapperInterface. Bean already defined with the same name!
[WARN ][2025-06-04 10:39:12.322][][org.mybatis.spring.mapper.ClassPathMapperScanner] - Skipping MapperFactoryBean with name 'libraryMapper' and 'com.tsing.mapper.LibraryMapper' mapperInterface. Bean already defined with the same name!
[WARN ][2025-06-04 10:39:12.322][][org.mybatis.spring.mapper.ClassPathMapperScanner] - Skipping MapperFactoryBean with name 'taskLogMapper' and 'com.tsing.mapper.TaskLogMapper' mapperInterface. Bean already defined with the same name!
[WARN ][2025-06-04 10:39:12.322][][org.mybatis.spring.mapper.ClassPathMapperScanner] - Skipping MapperFactoryBean with name 'taskMapper' and 'com.tsing.mapper.TaskMapper' mapperInterface. Bean already defined with the same name!
[WARN ][2025-06-04 10:39:12.322][][org.mybatis.spring.mapper.ClassPathMapperScanner] - No MyBatis mapper was found in '[com.tsing.mapper]' package. Please check your configuration.
[WARN ][2025-06-04 10:50:48.537][][com.alibaba.cloud.nacos.client.NacosPropertySourceBuilder] - Ignore the empty nacos configuration and get it based on dataId[capture-simulator] & group[DEFAULT_GROUP]
[WARN ][2025-06-04 10:50:48.564][][com.alibaba.cloud.nacos.client.NacosPropertySourceBuilder] - Ignore the empty nacos configuration and get it based on dataId[capture-simulator.yml] & group[DEFAULT_GROUP]
[WARN ][2025-06-04 10:50:48.900][][org.mybatis.spring.mapper.ClassPathMapperScanner] - Skipping MapperFactoryBean with name 'configMapper' and 'com.tsing.mapper.ConfigMapper' mapperInterface. Bean already defined with the same name!
[WARN ][2025-06-04 10:50:48.900][][org.mybatis.spring.mapper.ClassPathMapperScanner] - Skipping MapperFactoryBean with name 'deviceMapper' and 'com.tsing.mapper.DeviceMapper' mapperInterface. Bean already defined with the same name!
[WARN ][2025-06-04 10:50:48.900][][org.mybatis.spring.mapper.ClassPathMapperScanner] - Skipping MapperFactoryBean with name 'libraryDetailMapper' and 'com.tsing.mapper.LibraryDetailMapper' mapperInterface. Bean already defined with the same name!
[WARN ][2025-06-04 10:50:48.901][][org.mybatis.spring.mapper.ClassPathMapperScanner] - Skipping MapperFactoryBean with name 'libraryMapper' and 'com.tsing.mapper.LibraryMapper' mapperInterface. Bean already defined with the same name!
[WARN ][2025-06-04 10:50:48.901][][org.mybatis.spring.mapper.ClassPathMapperScanner] - Skipping MapperFactoryBean with name 'taskLogMapper' and 'com.tsing.mapper.TaskLogMapper' mapperInterface. Bean already defined with the same name!
[WARN ][2025-06-04 10:50:48.901][][org.mybatis.spring.mapper.ClassPathMapperScanner] - Skipping MapperFactoryBean with name 'taskMapper' and 'com.tsing.mapper.TaskMapper' mapperInterface. Bean already defined with the same name!
[WARN ][2025-06-04 10:50:48.901][][org.mybatis.spring.mapper.ClassPathMapperScanner] - No MyBatis mapper was found in '[com.tsing.mapper]' package. Please check your configuration.
[WARN ][2025-06-04 15:28:53.340][][com.alibaba.cloud.nacos.client.NacosPropertySourceBuilder] - Ignore the empty nacos configuration and get it based on dataId[capture-simulator] & group[DEFAULT_GROUP]
[WARN ][2025-06-04 15:28:53.367][][com.alibaba.cloud.nacos.client.NacosPropertySourceBuilder] - Ignore the empty nacos configuration and get it based on dataId[capture-simulator.yml] & group[DEFAULT_GROUP]
[WARN ][2025-06-04 15:28:53.665][][org.mybatis.spring.mapper.ClassPathMapperScanner] - Skipping MapperFactoryBean with name 'configMapper' and 'com.tsing.mapper.ConfigMapper' mapperInterface. Bean already defined with the same name!
[WARN ][2025-06-04 15:28:53.665][][org.mybatis.spring.mapper.ClassPathMapperScanner] - Skipping MapperFactoryBean with name 'deviceMapper' and 'com.tsing.mapper.DeviceMapper' mapperInterface. Bean already defined with the same name!
[WARN ][2025-06-04 15:28:53.665][][org.mybatis.spring.mapper.ClassPathMapperScanner] - Skipping MapperFactoryBean with name 'libraryDetailMapper' and 'com.tsing.mapper.LibraryDetailMapper' mapperInterface. Bean already defined with the same name!
[WARN ][2025-06-04 15:28:53.665][][org.mybatis.spring.mapper.ClassPathMapperScanner] - Skipping MapperFactoryBean with name 'libraryMapper' and 'com.tsing.mapper.LibraryMapper' mapperInterface. Bean already defined with the same name!
[WARN ][2025-06-04 15:28:53.665][][org.mybatis.spring.mapper.ClassPathMapperScanner] - Skipping MapperFactoryBean with name 'taskLogMapper' and 'com.tsing.mapper.TaskLogMapper' mapperInterface. Bean already defined with the same name!
[WARN ][2025-06-04 15:28:53.665][][org.mybatis.spring.mapper.ClassPathMapperScanner] - Skipping MapperFactoryBean with name 'taskMapper' and 'com.tsing.mapper.TaskMapper' mapperInterface. Bean already defined with the same name!
[WARN ][2025-06-04 15:28:53.665][][org.mybatis.spring.mapper.ClassPathMapperScanner] - No MyBatis mapper was found in '[com.tsing.mapper]' package. Please check your configuration.
[WARN ][2025-06-04 15:33:05.634][][com.alibaba.cloud.nacos.client.NacosPropertySourceBuilder] - Ignore the empty nacos configuration and get it based on dataId[capture-simulator] & group[DEFAULT_GROUP]
[WARN ][2025-06-04 15:33:05.661][][com.alibaba.cloud.nacos.client.NacosPropertySourceBuilder] - Ignore the empty nacos configuration and get it based on dataId[capture-simulator.yml] & group[DEFAULT_GROUP]
[WARN ][2025-06-04 15:33:05.968][][org.mybatis.spring.mapper.ClassPathMapperScanner] - Skipping MapperFactoryBean with name 'configMapper' and 'com.tsing.mapper.ConfigMapper' mapperInterface. Bean already defined with the same name!
[WARN ][2025-06-04 15:33:05.968][][org.mybatis.spring.mapper.ClassPathMapperScanner] - Skipping MapperFactoryBean with name 'deviceMapper' and 'com.tsing.mapper.DeviceMapper' mapperInterface. Bean already defined with the same name!
[WARN ][2025-06-04 15:33:05.968][][org.mybatis.spring.mapper.ClassPathMapperScanner] - Skipping MapperFactoryBean with name 'libraryDetailMapper' and 'com.tsing.mapper.LibraryDetailMapper' mapperInterface. Bean already defined with the same name!
[WARN ][2025-06-04 15:33:05.968][][org.mybatis.spring.mapper.ClassPathMapperScanner] - Skipping MapperFactoryBean with name 'libraryMapper' and 'com.tsing.mapper.LibraryMapper' mapperInterface. Bean already defined with the same name!
[WARN ][2025-06-04 15:33:05.968][][org.mybatis.spring.mapper.ClassPathMapperScanner] - Skipping MapperFactoryBean with name 'taskLogMapper' and 'com.tsing.mapper.TaskLogMapper' mapperInterface. Bean already defined with the same name!
[WARN ][2025-06-04 15:33:05.968][][org.mybatis.spring.mapper.ClassPathMapperScanner] - Skipping MapperFactoryBean with name 'taskMapper' and 'com.tsing.mapper.TaskMapper' mapperInterface. Bean already defined with the same name!
[WARN ][2025-06-04 15:33:05.969][][org.mybatis.spring.mapper.ClassPathMapperScanner] - No MyBatis mapper was found in '[com.tsing.mapper]' package. Please check your configuration.
[WARN ][2025-06-04 15:52:06.428][][com.alibaba.cloud.nacos.client.NacosPropertySourceBuilder] - Ignore the empty nacos configuration and get it based on dataId[capture-simulator] & group[DEFAULT_GROUP]
[WARN ][2025-06-04 15:52:06.455][][com.alibaba.cloud.nacos.client.NacosPropertySourceBuilder] - Ignore the empty nacos configuration and get it based on dataId[capture-simulator.yml] & group[DEFAULT_GROUP]
[WARN ][2025-06-04 15:52:06.786][][org.mybatis.spring.mapper.ClassPathMapperScanner] - Skipping MapperFactoryBean with name 'configMapper' and 'com.tsing.mapper.ConfigMapper' mapperInterface. Bean already defined with the same name!
[WARN ][2025-06-04 15:52:06.786][][org.mybatis.spring.mapper.ClassPathMapperScanner] - Skipping MapperFactoryBean with name 'deviceMapper' and 'com.tsing.mapper.DeviceMapper' mapperInterface. Bean already defined with the same name!
[WARN ][2025-06-04 15:52:06.786][][org.mybatis.spring.mapper.ClassPathMapperScanner] - Skipping MapperFactoryBean with name 'libraryDetailMapper' and 'com.tsing.mapper.LibraryDetailMapper' mapperInterface. Bean already defined with the same name!
[WARN ][2025-06-04 15:52:06.786][][org.mybatis.spring.mapper.ClassPathMapperScanner] - Skipping MapperFactoryBean with name 'libraryMapper' and 'com.tsing.mapper.LibraryMapper' mapperInterface. Bean already defined with the same name!
[WARN ][2025-06-04 15:52:06.786][][org.mybatis.spring.mapper.ClassPathMapperScanner] - Skipping MapperFactoryBean with name 'taskLogMapper' and 'com.tsing.mapper.TaskLogMapper' mapperInterface. Bean already defined with the same name!
[WARN ][2025-06-04 15:52:06.786][][org.mybatis.spring.mapper.ClassPathMapperScanner] - Skipping MapperFactoryBean with name 'taskMapper' and 'com.tsing.mapper.TaskMapper' mapperInterface. Bean already defined with the same name!
[WARN ][2025-06-04 15:52:06.787][][org.mybatis.spring.mapper.ClassPathMapperScanner] - No MyBatis mapper was found in '[com.tsing.mapper]' package. Please check your configuration.
[WARN ][2025-06-04 16:00:59.542][][com.alibaba.cloud.nacos.client.NacosPropertySourceBuilder] - Ignore the empty nacos configuration and get it based on dataId[capture-simulator] & group[DEFAULT_GROUP]
[WARN ][2025-06-04 16:00:59.570][][com.alibaba.cloud.nacos.client.NacosPropertySourceBuilder] - Ignore the empty nacos configuration and get it based on dataId[capture-simulator.yml] & group[DEFAULT_GROUP]
[WARN ][2025-06-04 16:00:59.828][][org.mybatis.spring.mapper.ClassPathMapperScanner] - Skipping MapperFactoryBean with name 'configMapper' and 'com.tsing.mapper.ConfigMapper' mapperInterface. Bean already defined with the same name!
[WARN ][2025-06-04 16:00:59.828][][org.mybatis.spring.mapper.ClassPathMapperScanner] - Skipping MapperFactoryBean with name 'deviceMapper' and 'com.tsing.mapper.DeviceMapper' mapperInterface. Bean already defined with the same name!
[WARN ][2025-06-04 16:00:59.828][][org.mybatis.spring.mapper.ClassPathMapperScanner] - Skipping MapperFactoryBean with name 'libraryDetailMapper' and 'com.tsing.mapper.LibraryDetailMapper' mapperInterface. Bean already defined with the same name!
[WARN ][2025-06-04 16:00:59.828][][org.mybatis.spring.mapper.ClassPathMapperScanner] - Skipping MapperFactoryBean with name 'libraryMapper' and 'com.tsing.mapper.LibraryMapper' mapperInterface. Bean already defined with the same name!
[WARN ][2025-06-04 16:00:59.828][][org.mybatis.spring.mapper.ClassPathMapperScanner] - Skipping MapperFactoryBean with name 'taskLogMapper' and 'com.tsing.mapper.TaskLogMapper' mapperInterface. Bean already defined with the same name!
[WARN ][2025-06-04 16:00:59.828][][org.mybatis.spring.mapper.ClassPathMapperScanner] - Skipping MapperFactoryBean with name 'taskMapper' and 'com.tsing.mapper.TaskMapper' mapperInterface. Bean already defined with the same name!
[WARN ][2025-06-04 16:00:59.829][][org.mybatis.spring.mapper.ClassPathMapperScanner] - No MyBatis mapper was found in '[com.tsing.mapper]' package. Please check your configuration.
[WARN ][2025-06-04 16:01:49.225][][com.alibaba.cloud.nacos.client.NacosPropertySourceBuilder] - Ignore the empty nacos configuration and get it based on dataId[capture-simulator] & group[DEFAULT_GROUP]
[WARN ][2025-06-04 16:01:49.258][][com.alibaba.cloud.nacos.client.NacosPropertySourceBuilder] - Ignore the empty nacos configuration and get it based on dataId[capture-simulator.yml] & group[DEFAULT_GROUP]
[WARN ][2025-06-04 16:01:49.541][][org.mybatis.spring.mapper.ClassPathMapperScanner] - Skipping MapperFactoryBean with name 'configMapper' and 'com.tsing.mapper.ConfigMapper' mapperInterface. Bean already defined with the same name!
[WARN ][2025-06-04 16:01:49.542][][org.mybatis.spring.mapper.ClassPathMapperScanner] - Skipping MapperFactoryBean with name 'deviceMapper' and 'com.tsing.mapper.DeviceMapper' mapperInterface. Bean already defined with the same name!
[WARN ][2025-06-04 16:01:49.542][][org.mybatis.spring.mapper.ClassPathMapperScanner] - Skipping MapperFactoryBean with name 'libraryDetailMapper' and 'com.tsing.mapper.LibraryDetailMapper' mapperInterface. Bean already defined with the same name!
[WARN ][2025-06-04 16:01:49.542][][org.mybatis.spring.mapper.ClassPathMapperScanner] - Skipping MapperFactoryBean with name 'libraryMapper' and 'com.tsing.mapper.LibraryMapper' mapperInterface. Bean already defined with the same name!
[WARN ][2025-06-04 16:01:49.542][][org.mybatis.spring.mapper.ClassPathMapperScanner] - Skipping MapperFactoryBean with name 'taskLogMapper' and 'com.tsing.mapper.TaskLogMapper' mapperInterface. Bean already defined with the same name!
[WARN ][2025-06-04 16:01:49.542][][org.mybatis.spring.mapper.ClassPathMapperScanner] - Skipping MapperFactoryBean with name 'taskMapper' and 'com.tsing.mapper.TaskMapper' mapperInterface. Bean already defined with the same name!
[WARN ][2025-06-04 16:01:49.542][][org.mybatis.spring.mapper.ClassPathMapperScanner] - No MyBatis mapper was found in '[com.tsing.mapper]' package. Please check your configuration.
[WARN ][2025-06-04 16:05:16.439][][com.alibaba.cloud.nacos.client.NacosPropertySourceBuilder] - Ignore the empty nacos configuration and get it based on dataId[capture-simulator] & group[DEFAULT_GROUP]
[WARN ][2025-06-04 16:05:16.467][][com.alibaba.cloud.nacos.client.NacosPropertySourceBuilder] - Ignore the empty nacos configuration and get it based on dataId[capture-simulator.yml] & group[DEFAULT_GROUP]
[WARN ][2025-06-04 16:05:16.745][][org.mybatis.spring.mapper.ClassPathMapperScanner] - Skipping MapperFactoryBean with name 'configMapper' and 'com.tsing.mapper.ConfigMapper' mapperInterface. Bean already defined with the same name!
[WARN ][2025-06-04 16:05:16.745][][org.mybatis.spring.mapper.ClassPathMapperScanner] - Skipping MapperFactoryBean with name 'deviceMapper' and 'com.tsing.mapper.DeviceMapper' mapperInterface. Bean already defined with the same name!
[WARN ][2025-06-04 16:05:16.745][][org.mybatis.spring.mapper.ClassPathMapperScanner] - Skipping MapperFactoryBean with name 'libraryDetailMapper' and 'com.tsing.mapper.LibraryDetailMapper' mapperInterface. Bean already defined with the same name!
[WARN ][2025-06-04 16:05:16.745][][org.mybatis.spring.mapper.ClassPathMapperScanner] - Skipping MapperFactoryBean with name 'libraryMapper' and 'com.tsing.mapper.LibraryMapper' mapperInterface. Bean already defined with the same name!
[WARN ][2025-06-04 16:05:16.746][][org.mybatis.spring.mapper.ClassPathMapperScanner] - Skipping MapperFactoryBean with name 'taskLogMapper' and 'com.tsing.mapper.TaskLogMapper' mapperInterface. Bean already defined with the same name!
[WARN ][2025-06-04 16:05:16.746][][org.mybatis.spring.mapper.ClassPathMapperScanner] - Skipping MapperFactoryBean with name 'taskMapper' and 'com.tsing.mapper.TaskMapper' mapperInterface. Bean already defined with the same name!
[WARN ][2025-06-04 16:05:16.746][][org.mybatis.spring.mapper.ClassPathMapperScanner] - No MyBatis mapper was found in '[com.tsing.mapper]' package. Please check your configuration.
[WARN ][2025-06-04 16:13:37.132][][com.alibaba.cloud.nacos.client.NacosPropertySourceBuilder] - Ignore the empty nacos configuration and get it based on dataId[capture-simulator] & group[DEFAULT_GROUP]
[WARN ][2025-06-04 16:13:37.160][][com.alibaba.cloud.nacos.client.NacosPropertySourceBuilder] - Ignore the empty nacos configuration and get it based on dataId[capture-simulator.yml] & group[DEFAULT_GROUP]
[WARN ][2025-06-04 16:13:37.449][][org.mybatis.spring.mapper.ClassPathMapperScanner] - Skipping MapperFactoryBean with name 'configMapper' and 'com.tsing.mapper.ConfigMapper' mapperInterface. Bean already defined with the same name!
[WARN ][2025-06-04 16:13:37.449][][org.mybatis.spring.mapper.ClassPathMapperScanner] - Skipping MapperFactoryBean with name 'deviceMapper' and 'com.tsing.mapper.DeviceMapper' mapperInterface. Bean already defined with the same name!
[WARN ][2025-06-04 16:13:37.449][][org.mybatis.spring.mapper.ClassPathMapperScanner] - Skipping MapperFactoryBean with name 'libraryDetailMapper' and 'com.tsing.mapper.LibraryDetailMapper' mapperInterface. Bean already defined with the same name!
[WARN ][2025-06-04 16:13:37.449][][org.mybatis.spring.mapper.ClassPathMapperScanner] - Skipping MapperFactoryBean with name 'libraryMapper' and 'com.tsing.mapper.LibraryMapper' mapperInterface. Bean already defined with the same name!
[WARN ][2025-06-04 16:13:37.449][][org.mybatis.spring.mapper.ClassPathMapperScanner] - Skipping MapperFactoryBean with name 'taskLogMapper' and 'com.tsing.mapper.TaskLogMapper' mapperInterface. Bean already defined with the same name!
[WARN ][2025-06-04 16:13:37.449][][org.mybatis.spring.mapper.ClassPathMapperScanner] - Skipping MapperFactoryBean with name 'taskMapper' and 'com.tsing.mapper.TaskMapper' mapperInterface. Bean already defined with the same name!
[WARN ][2025-06-04 16:13:37.450][][org.mybatis.spring.mapper.ClassPathMapperScanner] - No MyBatis mapper was found in '[com.tsing.mapper]' package. Please check your configuration.
[WARN ][2025-06-04 17:35:52.211][][com.alibaba.cloud.nacos.client.NacosPropertySourceBuilder] - Ignore the empty nacos configuration and get it based on dataId[capture-simulator] & group[DEFAULT_GROUP]
[WARN ][2025-06-04 17:35:52.238][][com.alibaba.cloud.nacos.client.NacosPropertySourceBuilder] - Ignore the empty nacos configuration and get it based on dataId[capture-simulator.yml] & group[DEFAULT_GROUP]
[WARN ][2025-06-04 17:35:52.584][][org.mybatis.spring.mapper.ClassPathMapperScanner] - Skipping MapperFactoryBean with name 'configMapper' and 'com.tsing.mapper.ConfigMapper' mapperInterface. Bean already defined with the same name!
[WARN ][2025-06-04 17:35:52.584][][org.mybatis.spring.mapper.ClassPathMapperScanner] - Skipping MapperFactoryBean with name 'deviceMapper' and 'com.tsing.mapper.DeviceMapper' mapperInterface. Bean already defined with the same name!
[WARN ][2025-06-04 17:35:52.584][][org.mybatis.spring.mapper.ClassPathMapperScanner] - Skipping MapperFactoryBean with name 'libraryDetailMapper' and 'com.tsing.mapper.LibraryDetailMapper' mapperInterface. Bean already defined with the same name!
[WARN ][2025-06-04 17:35:52.584][][org.mybatis.spring.mapper.ClassPathMapperScanner] - Skipping MapperFactoryBean with name 'libraryMapper' and 'com.tsing.mapper.LibraryMapper' mapperInterface. Bean already defined with the same name!
[WARN ][2025-06-04 17:35:52.584][][org.mybatis.spring.mapper.ClassPathMapperScanner] - Skipping MapperFactoryBean with name 'taskLogMapper' and 'com.tsing.mapper.TaskLogMapper' mapperInterface. Bean already defined with the same name!
[WARN ][2025-06-04 17:35:52.585][][org.mybatis.spring.mapper.ClassPathMapperScanner] - Skipping MapperFactoryBean with name 'taskMapper' and 'com.tsing.mapper.TaskMapper' mapperInterface. Bean already defined with the same name!
[WARN ][2025-06-04 17:35:52.585][][org.mybatis.spring.mapper.ClassPathMapperScanner] - No MyBatis mapper was found in '[com.tsing.mapper]' package. Please check your configuration.
[WARN ][2025-06-04 17:37:03.506][][com.alibaba.cloud.nacos.client.NacosPropertySourceBuilder] - Ignore the empty nacos configuration and get it based on dataId[capture-simulator] & group[DEFAULT_GROUP]
[WARN ][2025-06-04 17:37:03.534][][com.alibaba.cloud.nacos.client.NacosPropertySourceBuilder] - Ignore the empty nacos configuration and get it based on dataId[capture-simulator.yml] & group[DEFAULT_GROUP]
[WARN ][2025-06-04 17:37:03.962][][org.mybatis.spring.mapper.ClassPathMapperScanner] - Skipping MapperFactoryBean with name 'configMapper' and 'com.tsing.mapper.ConfigMapper' mapperInterface. Bean already defined with the same name!
[WARN ][2025-06-04 17:37:03.962][][org.mybatis.spring.mapper.ClassPathMapperScanner] - Skipping MapperFactoryBean with name 'deviceMapper' and 'com.tsing.mapper.DeviceMapper' mapperInterface. Bean already defined with the same name!
[WARN ][2025-06-04 17:37:03.962][][org.mybatis.spring.mapper.ClassPathMapperScanner] - Skipping MapperFactoryBean with name 'libraryDetailMapper' and 'com.tsing.mapper.LibraryDetailMapper' mapperInterface. Bean already defined with the same name!
[WARN ][2025-06-04 17:37:03.962][][org.mybatis.spring.mapper.ClassPathMapperScanner] - Skipping MapperFactoryBean with name 'libraryMapper' and 'com.tsing.mapper.LibraryMapper' mapperInterface. Bean already defined with the same name!
[WARN ][2025-06-04 17:37:03.962][][org.mybatis.spring.mapper.ClassPathMapperScanner] - Skipping MapperFactoryBean with name 'taskLogMapper' and 'com.tsing.mapper.TaskLogMapper' mapperInterface. Bean already defined with the same name!
[WARN ][2025-06-04 17:37:03.962][][org.mybatis.spring.mapper.ClassPathMapperScanner] - Skipping MapperFactoryBean with name 'taskMapper' and 'com.tsing.mapper.TaskMapper' mapperInterface. Bean already defined with the same name!
[WARN ][2025-06-04 17:37:03.962][][org.mybatis.spring.mapper.ClassPathMapperScanner] - No MyBatis mapper was found in '[com.tsing.mapper]' package. Please check your configuration.
[WARN ][2025-06-04 17:43:53.681][][com.alibaba.cloud.nacos.client.NacosPropertySourceBuilder] - Ignore the empty nacos configuration and get it based on dataId[capture-simulator] & group[DEFAULT_GROUP]
[WARN ][2025-06-04 17:43:53.708][][com.alibaba.cloud.nacos.client.NacosPropertySourceBuilder] - Ignore the empty nacos configuration and get it based on dataId[capture-simulator.yml] & group[DEFAULT_GROUP]
[WARN ][2025-06-04 17:43:54.061][][org.mybatis.spring.mapper.ClassPathMapperScanner] - Skipping MapperFactoryBean with name 'configMapper' and 'com.tsing.mapper.ConfigMapper' mapperInterface. Bean already defined with the same name!
[WARN ][2025-06-04 17:43:54.061][][org.mybatis.spring.mapper.ClassPathMapperScanner] - Skipping MapperFactoryBean with name 'deviceMapper' and 'com.tsing.mapper.DeviceMapper' mapperInterface. Bean already defined with the same name!
[WARN ][2025-06-04 17:43:54.061][][org.mybatis.spring.mapper.ClassPathMapperScanner] - Skipping MapperFactoryBean with name 'libraryDetailMapper' and 'com.tsing.mapper.LibraryDetailMapper' mapperInterface. Bean already defined with the same name!
[WARN ][2025-06-04 17:43:54.061][][org.mybatis.spring.mapper.ClassPathMapperScanner] - Skipping MapperFactoryBean with name 'libraryMapper' and 'com.tsing.mapper.LibraryMapper' mapperInterface. Bean already defined with the same name!
[WARN ][2025-06-04 17:43:54.061][][org.mybatis.spring.mapper.ClassPathMapperScanner] - Skipping MapperFactoryBean with name 'taskLogMapper' and 'com.tsing.mapper.TaskLogMapper' mapperInterface. Bean already defined with the same name!
[WARN ][2025-06-04 17:43:54.061][][org.mybatis.spring.mapper.ClassPathMapperScanner] - Skipping MapperFactoryBean with name 'taskMapper' and 'com.tsing.mapper.TaskMapper' mapperInterface. Bean already defined with the same name!
[WARN ][2025-06-04 17:43:54.061][][org.mybatis.spring.mapper.ClassPathMapperScanner] - No MyBatis mapper was found in '[com.tsing.mapper]' package. Please check your configuration.
[WARN ][2025-06-04 17:51:09.286][][com.alibaba.cloud.nacos.client.NacosPropertySourceBuilder] - Ignore the empty nacos configuration and get it based on dataId[capture-simulator] & group[DEFAULT_GROUP]
[WARN ][2025-06-04 17:51:09.315][][com.alibaba.cloud.nacos.client.NacosPropertySourceBuilder] - Ignore the empty nacos configuration and get it based on dataId[capture-simulator.yml] & group[DEFAULT_GROUP]
[WARN ][2025-06-04 17:51:09.599][][org.mybatis.spring.mapper.ClassPathMapperScanner] - Skipping MapperFactoryBean with name 'configMapper' and 'com.tsing.mapper.ConfigMapper' mapperInterface. Bean already defined with the same name!
[WARN ][2025-06-04 17:51:09.599][][org.mybatis.spring.mapper.ClassPathMapperScanner] - Skipping MapperFactoryBean with name 'deviceMapper' and 'com.tsing.mapper.DeviceMapper' mapperInterface. Bean already defined with the same name!
[WARN ][2025-06-04 17:51:09.599][][org.mybatis.spring.mapper.ClassPathMapperScanner] - Skipping MapperFactoryBean with name 'libraryDetailMapper' and 'com.tsing.mapper.LibraryDetailMapper' mapperInterface. Bean already defined with the same name!
[WARN ][2025-06-04 17:51:09.599][][org.mybatis.spring.mapper.ClassPathMapperScanner] - Skipping MapperFactoryBean with name 'libraryMapper' and 'com.tsing.mapper.LibraryMapper' mapperInterface. Bean already defined with the same name!
[WARN ][2025-06-04 17:51:09.599][][org.mybatis.spring.mapper.ClassPathMapperScanner] - Skipping MapperFactoryBean with name 'taskLogMapper' and 'com.tsing.mapper.TaskLogMapper' mapperInterface. Bean already defined with the same name!
[WARN ][2025-06-04 17:51:09.599][][org.mybatis.spring.mapper.ClassPathMapperScanner] - Skipping MapperFactoryBean with name 'taskMapper' and 'com.tsing.mapper.TaskMapper' mapperInterface. Bean already defined with the same name!
[WARN ][2025-06-04 17:51:09.599][][org.mybatis.spring.mapper.ClassPathMapperScanner] - No MyBatis mapper was found in '[com.tsing.mapper]' package. Please check your configuration.
[WARN ][2025-06-04 18:12:53.976][][com.alibaba.cloud.nacos.client.NacosPropertySourceBuilder] - Ignore the empty nacos configuration and get it based on dataId[capture-simulator] & group[DEFAULT_GROUP]
[WARN ][2025-06-04 18:12:54.005][][com.alibaba.cloud.nacos.client.NacosPropertySourceBuilder] - Ignore the empty nacos configuration and get it based on dataId[capture-simulator.yml] & group[DEFAULT_GROUP]
[WARN ][2025-06-04 18:12:54.325][][org.mybatis.spring.mapper.ClassPathMapperScanner] - Skipping MapperFactoryBean with name 'configMapper' and 'com.tsing.mapper.ConfigMapper' mapperInterface. Bean already defined with the same name!
[WARN ][2025-06-04 18:12:54.325][][org.mybatis.spring.mapper.ClassPathMapperScanner] - Skipping MapperFactoryBean with name 'deviceMapper' and 'com.tsing.mapper.DeviceMapper' mapperInterface. Bean already defined with the same name!
[WARN ][2025-06-04 18:12:54.325][][org.mybatis.spring.mapper.ClassPathMapperScanner] - Skipping MapperFactoryBean with name 'libraryDetailMapper' and 'com.tsing.mapper.LibraryDetailMapper' mapperInterface. Bean already defined with the same name!
[WARN ][2025-06-04 18:12:54.325][][org.mybatis.spring.mapper.ClassPathMapperScanner] - Skipping MapperFactoryBean with name 'libraryMapper' and 'com.tsing.mapper.LibraryMapper' mapperInterface. Bean already defined with the same name!
[WARN ][2025-06-04 18:12:54.325][][org.mybatis.spring.mapper.ClassPathMapperScanner] - Skipping MapperFactoryBean with name 'taskLogMapper' and 'com.tsing.mapper.TaskLogMapper' mapperInterface. Bean already defined with the same name!
[WARN ][2025-06-04 18:12:54.325][][org.mybatis.spring.mapper.ClassPathMapperScanner] - Skipping MapperFactoryBean with name 'taskMapper' and 'com.tsing.mapper.TaskMapper' mapperInterface. Bean already defined with the same name!
[WARN ][2025-06-04 18:12:54.325][][org.mybatis.spring.mapper.ClassPathMapperScanner] - No MyBatis mapper was found in '[com.tsing.mapper]' package. Please check your configuration.
[WARN ][2025-06-04 18:15:15.175][][com.alibaba.cloud.nacos.client.NacosPropertySourceBuilder] - Ignore the empty nacos configuration and get it based on dataId[capture-simulator] & group[DEFAULT_GROUP]
[WARN ][2025-06-04 18:15:15.203][][com.alibaba.cloud.nacos.client.NacosPropertySourceBuilder] - Ignore the empty nacos configuration and get it based on dataId[capture-simulator.yml] & group[DEFAULT_GROUP]
[WARN ][2025-06-04 18:15:15.494][][org.mybatis.spring.mapper.ClassPathMapperScanner] - Skipping MapperFactoryBean with name 'configMapper' and 'com.tsing.mapper.ConfigMapper' mapperInterface. Bean already defined with the same name!
[WARN ][2025-06-04 18:15:15.494][][org.mybatis.spring.mapper.ClassPathMapperScanner] - Skipping MapperFactoryBean with name 'deviceMapper' and 'com.tsing.mapper.DeviceMapper' mapperInterface. Bean already defined with the same name!
[WARN ][2025-06-04 18:15:15.494][][org.mybatis.spring.mapper.ClassPathMapperScanner] - Skipping MapperFactoryBean with name 'libraryDetailMapper' and 'com.tsing.mapper.LibraryDetailMapper' mapperInterface. Bean already defined with the same name!
[WARN ][2025-06-04 18:15:15.494][][org.mybatis.spring.mapper.ClassPathMapperScanner] - Skipping MapperFactoryBean with name 'libraryMapper' and 'com.tsing.mapper.LibraryMapper' mapperInterface. Bean already defined with the same name!
[WARN ][2025-06-04 18:15:15.494][][org.mybatis.spring.mapper.ClassPathMapperScanner] - Skipping MapperFactoryBean with name 'taskLogMapper' and 'com.tsing.mapper.TaskLogMapper' mapperInterface. Bean already defined with the same name!
[WARN ][2025-06-04 18:15:15.494][][org.mybatis.spring.mapper.ClassPathMapperScanner] - Skipping MapperFactoryBean with name 'taskMapper' and 'com.tsing.mapper.TaskMapper' mapperInterface. Bean already defined with the same name!
[WARN ][2025-06-04 18:15:15.494][][org.mybatis.spring.mapper.ClassPathMapperScanner] - No MyBatis mapper was found in '[com.tsing.mapper]' package. Please check your configuration.
[WARN ][2025-06-04 18:27:54.156][][com.alibaba.cloud.nacos.client.NacosPropertySourceBuilder] - Ignore the empty nacos configuration and get it based on dataId[capture-simulator] & group[DEFAULT_GROUP]
[WARN ][2025-06-04 18:27:54.184][][com.alibaba.cloud.nacos.client.NacosPropertySourceBuilder] - Ignore the empty nacos configuration and get it based on dataId[capture-simulator.yml] & group[DEFAULT_GROUP]
[WARN ][2025-06-04 18:27:54.496][][org.mybatis.spring.mapper.ClassPathMapperScanner] - Skipping MapperFactoryBean with name 'configMapper' and 'com.tsing.mapper.ConfigMapper' mapperInterface. Bean already defined with the same name!
[WARN ][2025-06-04 18:27:54.496][][org.mybatis.spring.mapper.ClassPathMapperScanner] - Skipping MapperFactoryBean with name 'deviceMapper' and 'com.tsing.mapper.DeviceMapper' mapperInterface. Bean already defined with the same name!
[WARN ][2025-06-04 18:27:54.496][][org.mybatis.spring.mapper.ClassPathMapperScanner] - Skipping MapperFactoryBean with name 'libraryDetailMapper' and 'com.tsing.mapper.LibraryDetailMapper' mapperInterface. Bean already defined with the same name!
[WARN ][2025-06-04 18:27:54.496][][org.mybatis.spring.mapper.ClassPathMapperScanner] - Skipping MapperFactoryBean with name 'libraryMapper' and 'com.tsing.mapper.LibraryMapper' mapperInterface. Bean already defined with the same name!
[WARN ][2025-06-04 18:27:54.496][][org.mybatis.spring.mapper.ClassPathMapperScanner] - Skipping MapperFactoryBean with name 'taskLogMapper' and 'com.tsing.mapper.TaskLogMapper' mapperInterface. Bean already defined with the same name!
[WARN ][2025-06-04 18:27:54.496][][org.mybatis.spring.mapper.ClassPathMapperScanner] - Skipping MapperFactoryBean with name 'taskMapper' and 'com.tsing.mapper.TaskMapper' mapperInterface. Bean already defined with the same name!
[WARN ][2025-06-04 18:27:54.496][][org.mybatis.spring.mapper.ClassPathMapperScanner] - No MyBatis mapper was found in '[com.tsing.mapper]' package. Please check your configuration.
[WARN ][2025-06-04 18:34:24.929][][com.alibaba.cloud.nacos.client.NacosPropertySourceBuilder] - Ignore the empty nacos configuration and get it based on dataId[capture-simulator] & group[DEFAULT_GROUP]
[WARN ][2025-06-04 18:34:24.957][][com.alibaba.cloud.nacos.client.NacosPropertySourceBuilder] - Ignore the empty nacos configuration and get it based on dataId[capture-simulator.yml] & group[DEFAULT_GROUP]
[WARN ][2025-06-04 18:34:25.266][][org.mybatis.spring.mapper.ClassPathMapperScanner] - Skipping MapperFactoryBean with name 'configMapper' and 'com.tsing.mapper.ConfigMapper' mapperInterface. Bean already defined with the same name!
[WARN ][2025-06-04 18:34:25.266][][org.mybatis.spring.mapper.ClassPathMapperScanner] - Skipping MapperFactoryBean with name 'deviceMapper' and 'com.tsing.mapper.DeviceMapper' mapperInterface. Bean already defined with the same name!
[WARN ][2025-06-04 18:34:25.266][][org.mybatis.spring.mapper.ClassPathMapperScanner] - Skipping MapperFactoryBean with name 'libraryDetailMapper' and 'com.tsing.mapper.LibraryDetailMapper' mapperInterface. Bean already defined with the same name!
[WARN ][2025-06-04 18:34:25.266][][org.mybatis.spring.mapper.ClassPathMapperScanner] - Skipping MapperFactoryBean with name 'libraryMapper' and 'com.tsing.mapper.LibraryMapper' mapperInterface. Bean already defined with the same name!
[WARN ][2025-06-04 18:34:25.266][][org.mybatis.spring.mapper.ClassPathMapperScanner] - Skipping MapperFactoryBean with name 'taskLogMapper' and 'com.tsing.mapper.TaskLogMapper' mapperInterface. Bean already defined with the same name!
[WARN ][2025-06-04 18:34:25.266][][org.mybatis.spring.mapper.ClassPathMapperScanner] - Skipping MapperFactoryBean with name 'taskMapper' and 'com.tsing.mapper.TaskMapper' mapperInterface. Bean already defined with the same name!
[WARN ][2025-06-04 18:34:25.267][][org.mybatis.spring.mapper.ClassPathMapperScanner] - No MyBatis mapper was found in '[com.tsing.mapper]' package. Please check your configuration.
[WARN ][2025-06-04 18:58:15.550][][com.alibaba.cloud.nacos.client.NacosPropertySourceBuilder] - Ignore the empty nacos configuration and get it based on dataId[capture-simulator] & group[DEFAULT_GROUP]
[WARN ][2025-06-04 18:58:15.578][][com.alibaba.cloud.nacos.client.NacosPropertySourceBuilder] - Ignore the empty nacos configuration and get it based on dataId[capture-simulator.yml] & group[DEFAULT_GROUP]
[WARN ][2025-06-04 18:58:15.900][][org.mybatis.spring.mapper.ClassPathMapperScanner] - Skipping MapperFactoryBean with name 'configMapper' and 'com.tsing.mapper.ConfigMapper' mapperInterface. Bean already defined with the same name!
[WARN ][2025-06-04 18:58:15.901][][org.mybatis.spring.mapper.ClassPathMapperScanner] - Skipping MapperFactoryBean with name 'deviceMapper' and 'com.tsing.mapper.DeviceMapper' mapperInterface. Bean already defined with the same name!
[WARN ][2025-06-04 18:58:15.901][][org.mybatis.spring.mapper.ClassPathMapperScanner] - Skipping MapperFactoryBean with name 'libraryDetailMapper' and 'com.tsing.mapper.LibraryDetailMapper' mapperInterface. Bean already defined with the same name!
[WARN ][2025-06-04 18:58:15.901][][org.mybatis.spring.mapper.ClassPathMapperScanner] - Skipping MapperFactoryBean with name 'libraryMapper' and 'com.tsing.mapper.LibraryMapper' mapperInterface. Bean already defined with the same name!
[WARN ][2025-06-04 18:58:15.901][][org.mybatis.spring.mapper.ClassPathMapperScanner] - Skipping MapperFactoryBean with name 'taskLogMapper' and 'com.tsing.mapper.TaskLogMapper' mapperInterface. Bean already defined with the same name!
[WARN ][2025-06-04 18:58:15.901][][org.mybatis.spring.mapper.ClassPathMapperScanner] - Skipping MapperFactoryBean with name 'taskMapper' and 'com.tsing.mapper.TaskMapper' mapperInterface. Bean already defined with the same name!
[WARN ][2025-06-04 18:58:15.901][][org.mybatis.spring.mapper.ClassPathMapperScanner] - No MyBatis mapper was found in '[com.tsing.mapper]' package. Please check your configuration.
[WARN ][2025-06-04 19:00:35.812][][com.alibaba.cloud.nacos.client.NacosPropertySourceBuilder] - Ignore the empty nacos configuration and get it based on dataId[capture-simulator] & group[DEFAULT_GROUP]
[WARN ][2025-06-04 19:00:35.840][][com.alibaba.cloud.nacos.client.NacosPropertySourceBuilder] - Ignore the empty nacos configuration and get it based on dataId[capture-simulator.yml] & group[DEFAULT_GROUP]
[WARN ][2025-06-04 19:00:36.205][][org.mybatis.spring.mapper.ClassPathMapperScanner] - Skipping MapperFactoryBean with name 'configMapper' and 'com.tsing.mapper.ConfigMapper' mapperInterface. Bean already defined with the same name!
[WARN ][2025-06-04 19:00:36.205][][org.mybatis.spring.mapper.ClassPathMapperScanner] - Skipping MapperFactoryBean with name 'deviceMapper' and 'com.tsing.mapper.DeviceMapper' mapperInterface. Bean already defined with the same name!
[WARN ][2025-06-04 19:00:36.206][][org.mybatis.spring.mapper.ClassPathMapperScanner] - Skipping MapperFactoryBean with name 'libraryDetailMapper' and 'com.tsing.mapper.LibraryDetailMapper' mapperInterface. Bean already defined with the same name!
[WARN ][2025-06-04 19:00:36.206][][org.mybatis.spring.mapper.ClassPathMapperScanner] - Skipping MapperFactoryBean with name 'libraryMapper' and 'com.tsing.mapper.LibraryMapper' mapperInterface. Bean already defined with the same name!
[WARN ][2025-06-04 19:00:36.206][][org.mybatis.spring.mapper.ClassPathMapperScanner] - Skipping MapperFactoryBean with name 'taskLogMapper' and 'com.tsing.mapper.TaskLogMapper' mapperInterface. Bean already defined with the same name!
[WARN ][2025-06-04 19:00:36.206][][org.mybatis.spring.mapper.ClassPathMapperScanner] - Skipping MapperFactoryBean with name 'taskMapper' and 'com.tsing.mapper.TaskMapper' mapperInterface. Bean already defined with the same name!
[WARN ][2025-06-04 19:00:36.206][][org.mybatis.spring.mapper.ClassPathMapperScanner] - No MyBatis mapper was found in '[com.tsing.mapper]' package. Please check your configuration.
