[WARN ][2025-05-28 15:48:24.384][][com.alibaba.cloud.nacos.client.NacosPropertySourceBuilder] - Ignore the empty nacos configuration and get it based on dataId[capture-simulator] & group[DEFAULT_GROUP]
[WARN ][2025-05-28 15:48:24.415][][com.alibaba.cloud.nacos.client.NacosPropertySourceBuilder] - Ignore the empty nacos configuration and get it based on dataId[capture-simulator.yml] & group[DEFAULT_GROUP]
[WARN ][2025-05-28 15:48:26.342][][com.baomidou.dynamic.datasource.DynamicRoutingDataSource] - dynamic-datasource initial loaded [0] datasource,Please add your primary datasource or check your configuration
[WARN ][2025-05-28 15:55:24.216][][com.alibaba.cloud.nacos.client.NacosPropertySourceBuilder] - Ignore the empty nacos configuration and get it based on dataId[capture-simulator] & group[DEFAULT_GROUP]
[WARN ][2025-05-28 15:55:24.248][][com.alibaba.cloud.nacos.client.NacosPropertySourceBuilder] - Ignore the empty nacos configuration and get it based on dataId[capture-simulator.yml] & group[DEFAULT_GROUP]
[WARN ][2025-05-28 15:55:26.828][][com.baomidou.dynamic.datasource.DynamicRoutingDataSource] - dynamic-datasource initial loaded [0] datasource,Please add your primary datasource or check your configuration
[WARN ][2025-05-28 16:01:58.771][][com.alibaba.cloud.nacos.client.NacosPropertySourceBuilder] - Ignore the empty nacos configuration and get it based on dataId[capture-simulator] & group[DEFAULT_GROUP]
[WARN ][2025-05-28 16:01:58.803][][com.alibaba.cloud.nacos.client.NacosPropertySourceBuilder] - Ignore the empty nacos configuration and get it based on dataId[capture-simulator.yml] & group[DEFAULT_GROUP]
[WARN ][2025-05-28 16:02:00.599][][com.baomidou.dynamic.datasource.DynamicRoutingDataSource] - dynamic-datasource initial loaded [0] datasource,Please add your primary datasource or check your configuration
[WARN ][2025-05-28 16:04:19.868][][com.alibaba.cloud.nacos.client.NacosPropertySourceBuilder] - Ignore the empty nacos configuration and get it based on dataId[capture-simulator] & group[DEFAULT_GROUP]
[WARN ][2025-05-28 16:04:19.901][][com.alibaba.cloud.nacos.client.NacosPropertySourceBuilder] - Ignore the empty nacos configuration and get it based on dataId[capture-simulator.yml] & group[DEFAULT_GROUP]
[WARN ][2025-05-28 16:04:21.767][][com.baomidou.dynamic.datasource.DynamicRoutingDataSource] - dynamic-datasource initial loaded [0] datasource,Please add your primary datasource or check your configuration
[WARN ][2025-05-28 16:06:40.896][][com.alibaba.cloud.nacos.client.NacosPropertySourceBuilder] - Ignore the empty nacos configuration and get it based on dataId[capture-simulator] & group[DEFAULT_GROUP]
[WARN ][2025-05-28 16:06:40.928][][com.alibaba.cloud.nacos.client.NacosPropertySourceBuilder] - Ignore the empty nacos configuration and get it based on dataId[capture-simulator.yml] & group[DEFAULT_GROUP]
[WARN ][2025-05-28 16:06:42.729][][com.baomidou.dynamic.datasource.DynamicRoutingDataSource] - dynamic-datasource initial loaded [0] datasource,Please add your primary datasource or check your configuration
[WARN ][2025-05-28 16:47:42.861][][com.alibaba.cloud.nacos.client.NacosPropertySourceBuilder] - Ignore the empty nacos configuration and get it based on dataId[capture-simulator] & group[DEFAULT_GROUP]
[WARN ][2025-05-28 16:47:42.893][][com.alibaba.cloud.nacos.client.NacosPropertySourceBuilder] - Ignore the empty nacos configuration and get it based on dataId[capture-simulator.yml] & group[DEFAULT_GROUP]
[WARN ][2025-05-28 16:47:45.114][][com.baomidou.dynamic.datasource.DynamicRoutingDataSource] - dynamic-datasource initial loaded [0] datasource,Please add your primary datasource or check your configuration
[WARN ][2025-05-28 17:08:17.880][][com.alibaba.cloud.nacos.client.NacosPropertySourceBuilder] - Ignore the empty nacos configuration and get it based on dataId[capture-simulator] & group[DEFAULT_GROUP]
[WARN ][2025-05-28 17:08:17.913][][com.alibaba.cloud.nacos.client.NacosPropertySourceBuilder] - Ignore the empty nacos configuration and get it based on dataId[capture-simulator.yml] & group[DEFAULT_GROUP]
[WARN ][2025-05-28 17:09:40.839][][com.alibaba.cloud.nacos.client.NacosPropertySourceBuilder] - Ignore the empty nacos configuration and get it based on dataId[capture-simulator] & group[DEFAULT_GROUP]
[WARN ][2025-05-28 17:09:40.871][][com.alibaba.cloud.nacos.client.NacosPropertySourceBuilder] - Ignore the empty nacos configuration and get it based on dataId[capture-simulator.yml] & group[DEFAULT_GROUP]
[WARN ][2025-05-28 17:09:53.012][][com.alibaba.cloud.nacos.client.NacosPropertySourceBuilder] - Ignore the empty nacos configuration and get it based on dataId[capture-simulator] & group[DEFAULT_GROUP]
[WARN ][2025-05-28 17:09:53.044][][com.alibaba.cloud.nacos.client.NacosPropertySourceBuilder] - Ignore the empty nacos configuration and get it based on dataId[capture-simulator.yml] & group[DEFAULT_GROUP]
[WARN ][2025-05-28 17:09:55.002][][com.baomidou.dynamic.datasource.DynamicRoutingDataSource] - dynamic-datasource initial loaded [0] datasource,Please add your primary datasource or check your configuration
[WARN ][2025-05-28 17:11:12.882][][com.alibaba.cloud.nacos.client.NacosPropertySourceBuilder] - Ignore the empty nacos configuration and get it based on dataId[capture-simulator] & group[DEFAULT_GROUP]
[WARN ][2025-05-28 17:11:12.916][][com.alibaba.cloud.nacos.client.NacosPropertySourceBuilder] - Ignore the empty nacos configuration and get it based on dataId[capture-simulator.yml] & group[DEFAULT_GROUP]
[WARN ][2025-05-28 17:11:32.801][][com.alibaba.cloud.nacos.client.NacosPropertySourceBuilder] - Ignore the empty nacos configuration and get it based on dataId[capture-simulator] & group[DEFAULT_GROUP]
[WARN ][2025-05-28 17:11:32.833][][com.alibaba.cloud.nacos.client.NacosPropertySourceBuilder] - Ignore the empty nacos configuration and get it based on dataId[capture-simulator.yml] & group[DEFAULT_GROUP]
[WARN ][2025-05-28 17:11:34.822][][com.baomidou.dynamic.datasource.DynamicRoutingDataSource] - dynamic-datasource initial loaded [0] datasource,Please add your primary datasource or check your configuration
[WARN ][2025-05-28 17:13:10.825][][com.alibaba.cloud.nacos.client.NacosPropertySourceBuilder] - Ignore the empty nacos configuration and get it based on dataId[capture-simulator] & group[DEFAULT_GROUP]
[WARN ][2025-05-28 17:13:10.856][][com.alibaba.cloud.nacos.client.NacosPropertySourceBuilder] - Ignore the empty nacos configuration and get it based on dataId[capture-simulator.yml] & group[DEFAULT_GROUP]
[WARN ][2025-05-28 17:13:13.251][][com.baomidou.dynamic.datasource.DynamicRoutingDataSource] - dynamic-datasource initial loaded [0] datasource,Please add your primary datasource or check your configuration
[WARN ][2025-05-28 17:19:56.173][][com.alibaba.cloud.nacos.client.NacosPropertySourceBuilder] - Ignore the empty nacos configuration and get it based on dataId[capture-simulator] & group[DEFAULT_GROUP]
[WARN ][2025-05-28 17:19:56.205][][com.alibaba.cloud.nacos.client.NacosPropertySourceBuilder] - Ignore the empty nacos configuration and get it based on dataId[capture-simulator.yml] & group[DEFAULT_GROUP]
[WARN ][2025-05-28 17:19:58.115][][com.baomidou.dynamic.datasource.DynamicRoutingDataSource] - dynamic-datasource initial loaded [0] datasource,Please add your primary datasource or check your configuration
[WARN ][2025-05-28 17:24:07.324][][com.alibaba.cloud.nacos.client.NacosPropertySourceBuilder] - Ignore the empty nacos configuration and get it based on dataId[capture-simulator] & group[DEFAULT_GROUP]
[WARN ][2025-05-28 17:24:07.355][][com.alibaba.cloud.nacos.client.NacosPropertySourceBuilder] - Ignore the empty nacos configuration and get it based on dataId[capture-simulator.yml] & group[DEFAULT_GROUP]
[WARN ][2025-05-28 17:24:44.993][][com.alibaba.cloud.nacos.client.NacosPropertySourceBuilder] - Ignore the empty nacos configuration and get it based on dataId[capture-simulator] & group[DEFAULT_GROUP]
[WARN ][2025-05-28 17:24:45.024][][com.alibaba.cloud.nacos.client.NacosPropertySourceBuilder] - Ignore the empty nacos configuration and get it based on dataId[capture-simulator.yml] & group[DEFAULT_GROUP]
[WARN ][2025-05-28 17:25:26.399][][com.alibaba.cloud.nacos.client.NacosPropertySourceBuilder] - Ignore the empty nacos configuration and get it based on dataId[capture-simulator] & group[DEFAULT_GROUP]
[WARN ][2025-05-28 17:25:26.430][][com.alibaba.cloud.nacos.client.NacosPropertySourceBuilder] - Ignore the empty nacos configuration and get it based on dataId[capture-simulator.yml] & group[DEFAULT_GROUP]
[WARN ][2025-05-28 17:28:11.135][][com.alibaba.cloud.nacos.client.NacosPropertySourceBuilder] - Ignore the empty nacos configuration and get it based on dataId[capture-simulator] & group[DEFAULT_GROUP]
[WARN ][2025-05-28 17:28:11.167][][com.alibaba.cloud.nacos.client.NacosPropertySourceBuilder] - Ignore the empty nacos configuration and get it based on dataId[capture-simulator.yml] & group[DEFAULT_GROUP]
[WARN ][2025-05-28 17:28:11.775][][com.baomidou.dynamic.datasource.DynamicRoutingDataSource] - dynamic-datasource initial loaded [0] datasource,Please add your primary datasource or check your configuration
[WARN ][2025-05-28 17:32:11.627][][com.alibaba.cloud.nacos.client.NacosPropertySourceBuilder] - Ignore the empty nacos configuration and get it based on dataId[capture-simulator] & group[DEFAULT_GROUP]
[WARN ][2025-05-28 17:32:11.658][][com.alibaba.cloud.nacos.client.NacosPropertySourceBuilder] - Ignore the empty nacos configuration and get it based on dataId[capture-simulator.yml] & group[DEFAULT_GROUP]
[WARN ][2025-05-28 17:32:12.225][][com.baomidou.dynamic.datasource.DynamicRoutingDataSource] - dynamic-datasource initial loaded [0] datasource,Please add your primary datasource or check your configuration
[WARN ][2025-05-28 17:34:24.755][][com.alibaba.cloud.nacos.client.NacosPropertySourceBuilder] - Ignore the empty nacos configuration and get it based on dataId[capture-simulator] & group[DEFAULT_GROUP]
[WARN ][2025-05-28 17:34:24.787][][com.alibaba.cloud.nacos.client.NacosPropertySourceBuilder] - Ignore the empty nacos configuration and get it based on dataId[capture-simulator.yml] & group[DEFAULT_GROUP]
[WARN ][2025-05-28 17:38:55.747][][com.alibaba.cloud.nacos.client.NacosPropertySourceBuilder] - Ignore the empty nacos configuration and get it based on dataId[capture-simulator] & group[DEFAULT_GROUP]
[WARN ][2025-05-28 17:38:55.779][][com.alibaba.cloud.nacos.client.NacosPropertySourceBuilder] - Ignore the empty nacos configuration and get it based on dataId[capture-simulator.yml] & group[DEFAULT_GROUP]
[WARN ][2025-05-28 17:42:17.459][][com.alibaba.cloud.nacos.client.NacosPropertySourceBuilder] - Ignore the empty nacos configuration and get it based on dataId[capture-simulator] & group[DEFAULT_GROUP]
[WARN ][2025-05-28 17:42:17.490][][com.alibaba.cloud.nacos.client.NacosPropertySourceBuilder] - Ignore the empty nacos configuration and get it based on dataId[capture-simulator.yml] & group[DEFAULT_GROUP]
[WARN ][2025-05-28 17:50:51.272][][com.alibaba.cloud.nacos.client.NacosPropertySourceBuilder] - Ignore the empty nacos configuration and get it based on dataId[capture-simulator] & group[DEFAULT_GROUP]
[WARN ][2025-05-28 17:50:51.313][][com.alibaba.cloud.nacos.client.NacosPropertySourceBuilder] - Ignore the empty nacos configuration and get it based on dataId[capture-simulator.yml] & group[DEFAULT_GROUP]
[WARN ][2025-05-28 17:58:36.864][][com.alibaba.cloud.nacos.client.NacosPropertySourceBuilder] - Ignore the empty nacos configuration and get it based on dataId[capture-simulator] & group[DEFAULT_GROUP]
[WARN ][2025-05-28 17:58:36.897][][com.alibaba.cloud.nacos.client.NacosPropertySourceBuilder] - Ignore the empty nacos configuration and get it based on dataId[capture-simulator.yml] & group[DEFAULT_GROUP]
[WARN ][2025-05-28 17:58:44.322][][com.alibaba.cloud.nacos.client.NacosPropertySourceBuilder] - Ignore the empty nacos configuration and get it based on dataId[capture-simulator] & group[DEFAULT_GROUP]
[WARN ][2025-05-28 17:58:44.353][][com.alibaba.cloud.nacos.client.NacosPropertySourceBuilder] - Ignore the empty nacos configuration and get it based on dataId[capture-simulator.yml] & group[DEFAULT_GROUP]
[WARN ][2025-05-28 18:02:37.783][][com.alibaba.cloud.nacos.client.NacosPropertySourceBuilder] - Ignore the empty nacos configuration and get it based on dataId[capture-simulator] & group[DEFAULT_GROUP]
[WARN ][2025-05-28 18:02:37.815][][com.alibaba.cloud.nacos.client.NacosPropertySourceBuilder] - Ignore the empty nacos configuration and get it based on dataId[capture-simulator.yml] & group[DEFAULT_GROUP]
[WARN ][2025-05-28 18:08:46.036][][com.alibaba.cloud.nacos.client.NacosPropertySourceBuilder] - Ignore the empty nacos configuration and get it based on dataId[capture-simulator] & group[DEFAULT_GROUP]
[WARN ][2025-05-28 18:08:46.070][][com.alibaba.cloud.nacos.client.NacosPropertySourceBuilder] - Ignore the empty nacos configuration and get it based on dataId[capture-simulator.yml] & group[DEFAULT_GROUP]
[WARN ][2025-05-28 18:08:46.400][][org.mybatis.spring.mapper.ClassPathMapperScanner] - Skipping MapperFactoryBean with name 'configMapper' and 'com.tsing.mapper.ConfigMapper' mapperInterface. Bean already defined with the same name!
[WARN ][2025-05-28 18:08:46.400][][org.mybatis.spring.mapper.ClassPathMapperScanner] - Skipping MapperFactoryBean with name 'deviceMapper' and 'com.tsing.mapper.DeviceMapper' mapperInterface. Bean already defined with the same name!
[WARN ][2025-05-28 18:08:46.401][][org.mybatis.spring.mapper.ClassPathMapperScanner] - Skipping MapperFactoryBean with name 'libraryDetailMapper' and 'com.tsing.mapper.LibraryDetailMapper' mapperInterface. Bean already defined with the same name!
[WARN ][2025-05-28 18:08:46.401][][org.mybatis.spring.mapper.ClassPathMapperScanner] - Skipping MapperFactoryBean with name 'libraryMapper' and 'com.tsing.mapper.LibraryMapper' mapperInterface. Bean already defined with the same name!
[WARN ][2025-05-28 18:08:46.401][][org.mybatis.spring.mapper.ClassPathMapperScanner] - Skipping MapperFactoryBean with name 'taskMapper' and 'com.tsing.mapper.TaskMapper' mapperInterface. Bean already defined with the same name!
[WARN ][2025-05-28 18:08:46.401][][org.mybatis.spring.mapper.ClassPathMapperScanner] - No MyBatis mapper was found in '[com.tsing.mapper]' package. Please check your configuration.
[WARN ][2025-05-28 18:15:20.340][][com.alibaba.cloud.nacos.client.NacosPropertySourceBuilder] - Ignore the empty nacos configuration and get it based on dataId[capture-simulator] & group[DEFAULT_GROUP]
[WARN ][2025-05-28 18:15:20.371][][com.alibaba.cloud.nacos.client.NacosPropertySourceBuilder] - Ignore the empty nacos configuration and get it based on dataId[capture-simulator.yml] & group[DEFAULT_GROUP]
[WARN ][2025-05-28 18:15:20.670][][org.mybatis.spring.mapper.ClassPathMapperScanner] - Skipping MapperFactoryBean with name 'configMapper' and 'com.tsing.mapper.ConfigMapper' mapperInterface. Bean already defined with the same name!
[WARN ][2025-05-28 18:15:20.670][][org.mybatis.spring.mapper.ClassPathMapperScanner] - Skipping MapperFactoryBean with name 'deviceMapper' and 'com.tsing.mapper.DeviceMapper' mapperInterface. Bean already defined with the same name!
[WARN ][2025-05-28 18:15:20.670][][org.mybatis.spring.mapper.ClassPathMapperScanner] - Skipping MapperFactoryBean with name 'libraryDetailMapper' and 'com.tsing.mapper.LibraryDetailMapper' mapperInterface. Bean already defined with the same name!
[WARN ][2025-05-28 18:15:20.670][][org.mybatis.spring.mapper.ClassPathMapperScanner] - Skipping MapperFactoryBean with name 'libraryMapper' and 'com.tsing.mapper.LibraryMapper' mapperInterface. Bean already defined with the same name!
[WARN ][2025-05-28 18:15:20.670][][org.mybatis.spring.mapper.ClassPathMapperScanner] - Skipping MapperFactoryBean with name 'taskMapper' and 'com.tsing.mapper.TaskMapper' mapperInterface. Bean already defined with the same name!
[WARN ][2025-05-28 18:15:20.670][][org.mybatis.spring.mapper.ClassPathMapperScanner] - No MyBatis mapper was found in '[com.tsing.mapper]' package. Please check your configuration.
[WARN ][2025-05-28 18:19:27.527][][com.alibaba.cloud.nacos.client.NacosPropertySourceBuilder] - Ignore the empty nacos configuration and get it based on dataId[capture-simulator] & group[DEFAULT_GROUP]
[WARN ][2025-05-28 18:19:27.560][][com.alibaba.cloud.nacos.client.NacosPropertySourceBuilder] - Ignore the empty nacos configuration and get it based on dataId[capture-simulator.yml] & group[DEFAULT_GROUP]
[WARN ][2025-05-28 18:19:27.857][][org.mybatis.spring.mapper.ClassPathMapperScanner] - Skipping MapperFactoryBean with name 'configMapper' and 'com.tsing.mapper.ConfigMapper' mapperInterface. Bean already defined with the same name!
[WARN ][2025-05-28 18:19:27.857][][org.mybatis.spring.mapper.ClassPathMapperScanner] - Skipping MapperFactoryBean with name 'deviceMapper' and 'com.tsing.mapper.DeviceMapper' mapperInterface. Bean already defined with the same name!
[WARN ][2025-05-28 18:19:27.857][][org.mybatis.spring.mapper.ClassPathMapperScanner] - Skipping MapperFactoryBean with name 'libraryDetailMapper' and 'com.tsing.mapper.LibraryDetailMapper' mapperInterface. Bean already defined with the same name!
[WARN ][2025-05-28 18:19:27.857][][org.mybatis.spring.mapper.ClassPathMapperScanner] - Skipping MapperFactoryBean with name 'libraryMapper' and 'com.tsing.mapper.LibraryMapper' mapperInterface. Bean already defined with the same name!
[WARN ][2025-05-28 18:19:27.858][][org.mybatis.spring.mapper.ClassPathMapperScanner] - Skipping MapperFactoryBean with name 'taskMapper' and 'com.tsing.mapper.TaskMapper' mapperInterface. Bean already defined with the same name!
[WARN ][2025-05-28 18:19:27.858][][org.mybatis.spring.mapper.ClassPathMapperScanner] - No MyBatis mapper was found in '[com.tsing.mapper]' package. Please check your configuration.
[WARN ][2025-05-28 18:56:26.656][][com.alibaba.cloud.nacos.client.NacosPropertySourceBuilder] - Ignore the empty nacos configuration and get it based on dataId[capture-simulator] & group[DEFAULT_GROUP]
[WARN ][2025-05-28 18:56:26.687][][com.alibaba.cloud.nacos.client.NacosPropertySourceBuilder] - Ignore the empty nacos configuration and get it based on dataId[capture-simulator.yml] & group[DEFAULT_GROUP]
[WARN ][2025-05-28 18:56:26.962][][org.mybatis.spring.mapper.ClassPathMapperScanner] - Skipping MapperFactoryBean with name 'configMapper' and 'com.tsing.mapper.ConfigMapper' mapperInterface. Bean already defined with the same name!
[WARN ][2025-05-28 18:56:26.962][][org.mybatis.spring.mapper.ClassPathMapperScanner] - Skipping MapperFactoryBean with name 'deviceMapper' and 'com.tsing.mapper.DeviceMapper' mapperInterface. Bean already defined with the same name!
[WARN ][2025-05-28 18:56:26.962][][org.mybatis.spring.mapper.ClassPathMapperScanner] - Skipping MapperFactoryBean with name 'libraryDetailMapper' and 'com.tsing.mapper.LibraryDetailMapper' mapperInterface. Bean already defined with the same name!
[WARN ][2025-05-28 18:56:26.962][][org.mybatis.spring.mapper.ClassPathMapperScanner] - Skipping MapperFactoryBean with name 'libraryMapper' and 'com.tsing.mapper.LibraryMapper' mapperInterface. Bean already defined with the same name!
[WARN ][2025-05-28 18:56:26.962][][org.mybatis.spring.mapper.ClassPathMapperScanner] - Skipping MapperFactoryBean with name 'taskMapper' and 'com.tsing.mapper.TaskMapper' mapperInterface. Bean already defined with the same name!
[WARN ][2025-05-28 18:56:26.962][][org.mybatis.spring.mapper.ClassPathMapperScanner] - No MyBatis mapper was found in '[com.tsing.mapper]' package. Please check your configuration.
[WARN ][2025-05-28 18:58:09.662][][com.alibaba.cloud.nacos.client.NacosPropertySourceBuilder] - Ignore the empty nacos configuration and get it based on dataId[capture-simulator] & group[DEFAULT_GROUP]
[WARN ][2025-05-28 18:58:09.702][][com.alibaba.cloud.nacos.client.NacosPropertySourceBuilder] - Ignore the empty nacos configuration and get it based on dataId[capture-simulator.yml] & group[DEFAULT_GROUP]
[WARN ][2025-05-28 18:58:09.998][][org.mybatis.spring.mapper.ClassPathMapperScanner] - Skipping MapperFactoryBean with name 'configMapper' and 'com.tsing.mapper.ConfigMapper' mapperInterface. Bean already defined with the same name!
[WARN ][2025-05-28 18:58:09.998][][org.mybatis.spring.mapper.ClassPathMapperScanner] - Skipping MapperFactoryBean with name 'deviceMapper' and 'com.tsing.mapper.DeviceMapper' mapperInterface. Bean already defined with the same name!
[WARN ][2025-05-28 18:58:09.998][][org.mybatis.spring.mapper.ClassPathMapperScanner] - Skipping MapperFactoryBean with name 'libraryDetailMapper' and 'com.tsing.mapper.LibraryDetailMapper' mapperInterface. Bean already defined with the same name!
[WARN ][2025-05-28 18:58:09.998][][org.mybatis.spring.mapper.ClassPathMapperScanner] - Skipping MapperFactoryBean with name 'libraryMapper' and 'com.tsing.mapper.LibraryMapper' mapperInterface. Bean already defined with the same name!
[WARN ][2025-05-28 18:58:09.998][][org.mybatis.spring.mapper.ClassPathMapperScanner] - Skipping MapperFactoryBean with name 'taskMapper' and 'com.tsing.mapper.TaskMapper' mapperInterface. Bean already defined with the same name!
[WARN ][2025-05-28 18:58:09.998][][org.mybatis.spring.mapper.ClassPathMapperScanner] - No MyBatis mapper was found in '[com.tsing.mapper]' package. Please check your configuration.
[WARN ][2025-05-28 19:04:12.299][][com.alibaba.cloud.nacos.client.NacosPropertySourceBuilder] - Ignore the empty nacos configuration and get it based on dataId[capture-simulator] & group[DEFAULT_GROUP]
[WARN ][2025-05-28 19:04:12.330][][com.alibaba.cloud.nacos.client.NacosPropertySourceBuilder] - Ignore the empty nacos configuration and get it based on dataId[capture-simulator.yml] & group[DEFAULT_GROUP]
[WARN ][2025-05-28 19:04:12.627][][org.mybatis.spring.mapper.ClassPathMapperScanner] - Skipping MapperFactoryBean with name 'configMapper' and 'com.tsing.mapper.ConfigMapper' mapperInterface. Bean already defined with the same name!
[WARN ][2025-05-28 19:04:12.627][][org.mybatis.spring.mapper.ClassPathMapperScanner] - Skipping MapperFactoryBean with name 'deviceMapper' and 'com.tsing.mapper.DeviceMapper' mapperInterface. Bean already defined with the same name!
[WARN ][2025-05-28 19:04:12.627][][org.mybatis.spring.mapper.ClassPathMapperScanner] - Skipping MapperFactoryBean with name 'libraryDetailMapper' and 'com.tsing.mapper.LibraryDetailMapper' mapperInterface. Bean already defined with the same name!
[WARN ][2025-05-28 19:04:12.627][][org.mybatis.spring.mapper.ClassPathMapperScanner] - Skipping MapperFactoryBean with name 'libraryMapper' and 'com.tsing.mapper.LibraryMapper' mapperInterface. Bean already defined with the same name!
[WARN ][2025-05-28 19:04:12.627][][org.mybatis.spring.mapper.ClassPathMapperScanner] - Skipping MapperFactoryBean with name 'taskMapper' and 'com.tsing.mapper.TaskMapper' mapperInterface. Bean already defined with the same name!
[WARN ][2025-05-28 19:04:12.627][][org.mybatis.spring.mapper.ClassPathMapperScanner] - No MyBatis mapper was found in '[com.tsing.mapper]' package. Please check your configuration.
[WARN ][2025-05-28 19:21:45.258][][com.alibaba.cloud.nacos.client.NacosPropertySourceBuilder] - Ignore the empty nacos configuration and get it based on dataId[capture-simulator] & group[DEFAULT_GROUP]
[WARN ][2025-05-28 19:21:45.289][][com.alibaba.cloud.nacos.client.NacosPropertySourceBuilder] - Ignore the empty nacos configuration and get it based on dataId[capture-simulator.yml] & group[DEFAULT_GROUP]
[WARN ][2025-05-28 19:21:45.591][][org.mybatis.spring.mapper.ClassPathMapperScanner] - Skipping MapperFactoryBean with name 'configMapper' and 'com.tsing.mapper.ConfigMapper' mapperInterface. Bean already defined with the same name!
[WARN ][2025-05-28 19:21:45.591][][org.mybatis.spring.mapper.ClassPathMapperScanner] - Skipping MapperFactoryBean with name 'deviceMapper' and 'com.tsing.mapper.DeviceMapper' mapperInterface. Bean already defined with the same name!
[WARN ][2025-05-28 19:21:45.591][][org.mybatis.spring.mapper.ClassPathMapperScanner] - Skipping MapperFactoryBean with name 'libraryDetailMapper' and 'com.tsing.mapper.LibraryDetailMapper' mapperInterface. Bean already defined with the same name!
[WARN ][2025-05-28 19:21:45.591][][org.mybatis.spring.mapper.ClassPathMapperScanner] - Skipping MapperFactoryBean with name 'libraryMapper' and 'com.tsing.mapper.LibraryMapper' mapperInterface. Bean already defined with the same name!
[WARN ][2025-05-28 19:21:45.591][][org.mybatis.spring.mapper.ClassPathMapperScanner] - Skipping MapperFactoryBean with name 'taskMapper' and 'com.tsing.mapper.TaskMapper' mapperInterface. Bean already defined with the same name!
[WARN ][2025-05-28 19:21:45.591][][org.mybatis.spring.mapper.ClassPathMapperScanner] - No MyBatis mapper was found in '[com.tsing.mapper]' package. Please check your configuration.
[WARN ][2025-05-28 19:26:41.131][][com.alibaba.cloud.nacos.client.NacosPropertySourceBuilder] - Ignore the empty nacos configuration and get it based on dataId[capture-simulator] & group[DEFAULT_GROUP]
[WARN ][2025-05-28 19:26:41.163][][com.alibaba.cloud.nacos.client.NacosPropertySourceBuilder] - Ignore the empty nacos configuration and get it based on dataId[capture-simulator.yml] & group[DEFAULT_GROUP]
[WARN ][2025-05-28 19:26:41.554][][org.mybatis.spring.mapper.ClassPathMapperScanner] - Skipping MapperFactoryBean with name 'configMapper' and 'com.tsing.mapper.ConfigMapper' mapperInterface. Bean already defined with the same name!
[WARN ][2025-05-28 19:26:41.555][][org.mybatis.spring.mapper.ClassPathMapperScanner] - Skipping MapperFactoryBean with name 'deviceMapper' and 'com.tsing.mapper.DeviceMapper' mapperInterface. Bean already defined with the same name!
[WARN ][2025-05-28 19:26:41.556][][org.mybatis.spring.mapper.ClassPathMapperScanner] - Skipping MapperFactoryBean with name 'libraryDetailMapper' and 'com.tsing.mapper.LibraryDetailMapper' mapperInterface. Bean already defined with the same name!
[WARN ][2025-05-28 19:26:41.556][][org.mybatis.spring.mapper.ClassPathMapperScanner] - Skipping MapperFactoryBean with name 'libraryMapper' and 'com.tsing.mapper.LibraryMapper' mapperInterface. Bean already defined with the same name!
[WARN ][2025-05-28 19:26:41.556][][org.mybatis.spring.mapper.ClassPathMapperScanner] - Skipping MapperFactoryBean with name 'taskMapper' and 'com.tsing.mapper.TaskMapper' mapperInterface. Bean already defined with the same name!
[WARN ][2025-05-28 19:26:41.556][][org.mybatis.spring.mapper.ClassPathMapperScanner] - No MyBatis mapper was found in '[com.tsing.mapper]' package. Please check your configuration.
[WARN ][2025-05-28 19:29:36.561][][com.alibaba.cloud.nacos.client.NacosPropertySourceBuilder] - Ignore the empty nacos configuration and get it based on dataId[capture-simulator] & group[DEFAULT_GROUP]
[WARN ][2025-05-28 19:29:36.593][][com.alibaba.cloud.nacos.client.NacosPropertySourceBuilder] - Ignore the empty nacos configuration and get it based on dataId[capture-simulator.yml] & group[DEFAULT_GROUP]
[WARN ][2025-05-28 19:29:36.861][][org.mybatis.spring.mapper.ClassPathMapperScanner] - Skipping MapperFactoryBean with name 'configMapper' and 'com.tsing.mapper.ConfigMapper' mapperInterface. Bean already defined with the same name!
[WARN ][2025-05-28 19:29:36.862][][org.mybatis.spring.mapper.ClassPathMapperScanner] - Skipping MapperFactoryBean with name 'deviceMapper' and 'com.tsing.mapper.DeviceMapper' mapperInterface. Bean already defined with the same name!
[WARN ][2025-05-28 19:29:36.862][][org.mybatis.spring.mapper.ClassPathMapperScanner] - Skipping MapperFactoryBean with name 'libraryDetailMapper' and 'com.tsing.mapper.LibraryDetailMapper' mapperInterface. Bean already defined with the same name!
[WARN ][2025-05-28 19:29:36.862][][org.mybatis.spring.mapper.ClassPathMapperScanner] - Skipping MapperFactoryBean with name 'libraryMapper' and 'com.tsing.mapper.LibraryMapper' mapperInterface. Bean already defined with the same name!
[WARN ][2025-05-28 19:29:36.862][][org.mybatis.spring.mapper.ClassPathMapperScanner] - Skipping MapperFactoryBean with name 'taskMapper' and 'com.tsing.mapper.TaskMapper' mapperInterface. Bean already defined with the same name!
[WARN ][2025-05-28 19:29:36.862][][org.mybatis.spring.mapper.ClassPathMapperScanner] - No MyBatis mapper was found in '[com.tsing.mapper]' package. Please check your configuration.
[WARN ][2025-05-28 19:35:34.055][][com.alibaba.cloud.nacos.client.NacosPropertySourceBuilder] - Ignore the empty nacos configuration and get it based on dataId[capture-simulator] & group[DEFAULT_GROUP]
[WARN ][2025-05-28 19:35:34.106][][com.alibaba.cloud.nacos.client.NacosPropertySourceBuilder] - Ignore the empty nacos configuration and get it based on dataId[capture-simulator.yml] & group[DEFAULT_GROUP]
[WARN ][2025-05-28 19:35:34.398][][org.mybatis.spring.mapper.ClassPathMapperScanner] - Skipping MapperFactoryBean with name 'configMapper' and 'com.tsing.mapper.ConfigMapper' mapperInterface. Bean already defined with the same name!
[WARN ][2025-05-28 19:35:34.398][][org.mybatis.spring.mapper.ClassPathMapperScanner] - Skipping MapperFactoryBean with name 'deviceMapper' and 'com.tsing.mapper.DeviceMapper' mapperInterface. Bean already defined with the same name!
[WARN ][2025-05-28 19:35:34.398][][org.mybatis.spring.mapper.ClassPathMapperScanner] - Skipping MapperFactoryBean with name 'libraryDetailMapper' and 'com.tsing.mapper.LibraryDetailMapper' mapperInterface. Bean already defined with the same name!
[WARN ][2025-05-28 19:35:34.398][][org.mybatis.spring.mapper.ClassPathMapperScanner] - Skipping MapperFactoryBean with name 'libraryMapper' and 'com.tsing.mapper.LibraryMapper' mapperInterface. Bean already defined with the same name!
[WARN ][2025-05-28 19:35:34.398][][org.mybatis.spring.mapper.ClassPathMapperScanner] - Skipping MapperFactoryBean with name 'taskMapper' and 'com.tsing.mapper.TaskMapper' mapperInterface. Bean already defined with the same name!
[WARN ][2025-05-28 19:35:34.398][][org.mybatis.spring.mapper.ClassPathMapperScanner] - No MyBatis mapper was found in '[com.tsing.mapper]' package. Please check your configuration.
[WARN ][2025-05-28 19:39:19.964][][com.alibaba.cloud.nacos.client.NacosPropertySourceBuilder] - Ignore the empty nacos configuration and get it based on dataId[capture-simulator] & group[DEFAULT_GROUP]
[WARN ][2025-05-28 19:39:20.006][][com.alibaba.cloud.nacos.client.NacosPropertySourceBuilder] - Ignore the empty nacos configuration and get it based on dataId[capture-simulator.yml] & group[DEFAULT_GROUP]
[WARN ][2025-05-28 19:39:20.382][][org.mybatis.spring.mapper.ClassPathMapperScanner] - Skipping MapperFactoryBean with name 'configMapper' and 'com.tsing.mapper.ConfigMapper' mapperInterface. Bean already defined with the same name!
[WARN ][2025-05-28 19:39:20.382][][org.mybatis.spring.mapper.ClassPathMapperScanner] - Skipping MapperFactoryBean with name 'deviceMapper' and 'com.tsing.mapper.DeviceMapper' mapperInterface. Bean already defined with the same name!
[WARN ][2025-05-28 19:39:20.382][][org.mybatis.spring.mapper.ClassPathMapperScanner] - Skipping MapperFactoryBean with name 'libraryDetailMapper' and 'com.tsing.mapper.LibraryDetailMapper' mapperInterface. Bean already defined with the same name!
[WARN ][2025-05-28 19:39:20.382][][org.mybatis.spring.mapper.ClassPathMapperScanner] - Skipping MapperFactoryBean with name 'libraryMapper' and 'com.tsing.mapper.LibraryMapper' mapperInterface. Bean already defined with the same name!
[WARN ][2025-05-28 19:39:20.383][][org.mybatis.spring.mapper.ClassPathMapperScanner] - Skipping MapperFactoryBean with name 'taskMapper' and 'com.tsing.mapper.TaskMapper' mapperInterface. Bean already defined with the same name!
[WARN ][2025-05-28 19:39:20.383][][org.mybatis.spring.mapper.ClassPathMapperScanner] - No MyBatis mapper was found in '[com.tsing.mapper]' package. Please check your configuration.
[WARN ][2025-05-28 19:43:02.711][][com.alibaba.cloud.nacos.client.NacosPropertySourceBuilder] - Ignore the empty nacos configuration and get it based on dataId[capture-simulator] & group[DEFAULT_GROUP]
[WARN ][2025-05-28 19:43:02.744][][com.alibaba.cloud.nacos.client.NacosPropertySourceBuilder] - Ignore the empty nacos configuration and get it based on dataId[capture-simulator.yml] & group[DEFAULT_GROUP]
[WARN ][2025-05-28 19:43:03.027][][org.mybatis.spring.mapper.ClassPathMapperScanner] - Skipping MapperFactoryBean with name 'configMapper' and 'com.tsing.mapper.ConfigMapper' mapperInterface. Bean already defined with the same name!
[WARN ][2025-05-28 19:43:03.028][][org.mybatis.spring.mapper.ClassPathMapperScanner] - Skipping MapperFactoryBean with name 'deviceMapper' and 'com.tsing.mapper.DeviceMapper' mapperInterface. Bean already defined with the same name!
[WARN ][2025-05-28 19:43:03.028][][org.mybatis.spring.mapper.ClassPathMapperScanner] - Skipping MapperFactoryBean with name 'libraryDetailMapper' and 'com.tsing.mapper.LibraryDetailMapper' mapperInterface. Bean already defined with the same name!
[WARN ][2025-05-28 19:43:03.028][][org.mybatis.spring.mapper.ClassPathMapperScanner] - Skipping MapperFactoryBean with name 'libraryMapper' and 'com.tsing.mapper.LibraryMapper' mapperInterface. Bean already defined with the same name!
[WARN ][2025-05-28 19:43:03.028][][org.mybatis.spring.mapper.ClassPathMapperScanner] - Skipping MapperFactoryBean with name 'taskMapper' and 'com.tsing.mapper.TaskMapper' mapperInterface. Bean already defined with the same name!
[WARN ][2025-05-28 19:43:03.028][][org.mybatis.spring.mapper.ClassPathMapperScanner] - No MyBatis mapper was found in '[com.tsing.mapper]' package. Please check your configuration.
[WARN ][2025-05-28 19:51:39.307][][com.alibaba.cloud.nacos.client.NacosPropertySourceBuilder] - Ignore the empty nacos configuration and get it based on dataId[capture-simulator] & group[DEFAULT_GROUP]
[WARN ][2025-05-28 19:51:39.341][][com.alibaba.cloud.nacos.client.NacosPropertySourceBuilder] - Ignore the empty nacos configuration and get it based on dataId[capture-simulator.yml] & group[DEFAULT_GROUP]
[WARN ][2025-05-28 19:51:39.659][][org.mybatis.spring.mapper.ClassPathMapperScanner] - Skipping MapperFactoryBean with name 'configMapper' and 'com.tsing.mapper.ConfigMapper' mapperInterface. Bean already defined with the same name!
[WARN ][2025-05-28 19:51:39.659][][org.mybatis.spring.mapper.ClassPathMapperScanner] - Skipping MapperFactoryBean with name 'deviceMapper' and 'com.tsing.mapper.DeviceMapper' mapperInterface. Bean already defined with the same name!
[WARN ][2025-05-28 19:51:39.659][][org.mybatis.spring.mapper.ClassPathMapperScanner] - Skipping MapperFactoryBean with name 'libraryDetailMapper' and 'com.tsing.mapper.LibraryDetailMapper' mapperInterface. Bean already defined with the same name!
[WARN ][2025-05-28 19:51:39.659][][org.mybatis.spring.mapper.ClassPathMapperScanner] - Skipping MapperFactoryBean with name 'libraryMapper' and 'com.tsing.mapper.LibraryMapper' mapperInterface. Bean already defined with the same name!
[WARN ][2025-05-28 19:51:39.659][][org.mybatis.spring.mapper.ClassPathMapperScanner] - Skipping MapperFactoryBean with name 'taskMapper' and 'com.tsing.mapper.TaskMapper' mapperInterface. Bean already defined with the same name!
[WARN ][2025-05-28 19:51:39.659][][org.mybatis.spring.mapper.ClassPathMapperScanner] - No MyBatis mapper was found in '[com.tsing.mapper]' package. Please check your configuration.
[WARN ][2025-05-28 19:56:01.320][][com.alibaba.cloud.nacos.client.NacosPropertySourceBuilder] - Ignore the empty nacos configuration and get it based on dataId[capture-simulator] & group[DEFAULT_GROUP]
[WARN ][2025-05-28 19:56:01.351][][com.alibaba.cloud.nacos.client.NacosPropertySourceBuilder] - Ignore the empty nacos configuration and get it based on dataId[capture-simulator.yml] & group[DEFAULT_GROUP]
[WARN ][2025-05-28 19:56:01.627][][org.mybatis.spring.mapper.ClassPathMapperScanner] - Skipping MapperFactoryBean with name 'configMapper' and 'com.tsing.mapper.ConfigMapper' mapperInterface. Bean already defined with the same name!
[WARN ][2025-05-28 19:56:01.627][][org.mybatis.spring.mapper.ClassPathMapperScanner] - Skipping MapperFactoryBean with name 'deviceMapper' and 'com.tsing.mapper.DeviceMapper' mapperInterface. Bean already defined with the same name!
[WARN ][2025-05-28 19:56:01.627][][org.mybatis.spring.mapper.ClassPathMapperScanner] - Skipping MapperFactoryBean with name 'libraryDetailMapper' and 'com.tsing.mapper.LibraryDetailMapper' mapperInterface. Bean already defined with the same name!
[WARN ][2025-05-28 19:56:01.627][][org.mybatis.spring.mapper.ClassPathMapperScanner] - Skipping MapperFactoryBean with name 'libraryMapper' and 'com.tsing.mapper.LibraryMapper' mapperInterface. Bean already defined with the same name!
[WARN ][2025-05-28 19:56:01.627][][org.mybatis.spring.mapper.ClassPathMapperScanner] - Skipping MapperFactoryBean with name 'taskMapper' and 'com.tsing.mapper.TaskMapper' mapperInterface. Bean already defined with the same name!
[WARN ][2025-05-28 19:56:01.628][][org.mybatis.spring.mapper.ClassPathMapperScanner] - No MyBatis mapper was found in '[com.tsing.mapper]' package. Please check your configuration.
[WARN ][2025-05-28 20:19:51.634][][com.alibaba.cloud.nacos.client.NacosPropertySourceBuilder] - Ignore the empty nacos configuration and get it based on dataId[capture-simulator] & group[DEFAULT_GROUP]
[WARN ][2025-05-28 20:19:51.666][][com.alibaba.cloud.nacos.client.NacosPropertySourceBuilder] - Ignore the empty nacos configuration and get it based on dataId[capture-simulator.yml] & group[DEFAULT_GROUP]
[WARN ][2025-05-28 20:19:51.972][][org.mybatis.spring.mapper.ClassPathMapperScanner] - Skipping MapperFactoryBean with name 'configMapper' and 'com.tsing.mapper.ConfigMapper' mapperInterface. Bean already defined with the same name!
[WARN ][2025-05-28 20:19:51.972][][org.mybatis.spring.mapper.ClassPathMapperScanner] - Skipping MapperFactoryBean with name 'deviceMapper' and 'com.tsing.mapper.DeviceMapper' mapperInterface. Bean already defined with the same name!
[WARN ][2025-05-28 20:19:51.972][][org.mybatis.spring.mapper.ClassPathMapperScanner] - Skipping MapperFactoryBean with name 'libraryDetailMapper' and 'com.tsing.mapper.LibraryDetailMapper' mapperInterface. Bean already defined with the same name!
[WARN ][2025-05-28 20:19:51.972][][org.mybatis.spring.mapper.ClassPathMapperScanner] - Skipping MapperFactoryBean with name 'libraryMapper' and 'com.tsing.mapper.LibraryMapper' mapperInterface. Bean already defined with the same name!
[WARN ][2025-05-28 20:19:51.972][][org.mybatis.spring.mapper.ClassPathMapperScanner] - Skipping MapperFactoryBean with name 'taskMapper' and 'com.tsing.mapper.TaskMapper' mapperInterface. Bean already defined with the same name!
[WARN ][2025-05-28 20:19:51.972][][org.mybatis.spring.mapper.ClassPathMapperScanner] - No MyBatis mapper was found in '[com.tsing.mapper]' package. Please check your configuration.
