[WARN ][2025-06-05 10:12:35.483][][com.alibaba.cloud.nacos.client.NacosPropertySourceBuilder] - Ignore the empty nacos configuration and get it based on dataId[capture-simulator] & group[DEFAULT_GROUP]
[WARN ][2025-06-05 10:12:35.512][][com.alibaba.cloud.nacos.client.NacosPropertySourceBuilder] - Ignore the empty nacos configuration and get it based on dataId[capture-simulator.yml] & group[DEFAULT_GROUP]
[WARN ][2025-06-05 10:12:35.864][][org.mybatis.spring.mapper.ClassPathMapperScanner] - Skipping MapperFactoryBean with name 'configMapper' and 'com.tsing.mapper.ConfigMapper' mapperInterface. Bean already defined with the same name!
[WARN ][2025-06-05 10:12:35.864][][org.mybatis.spring.mapper.ClassPathMapperScanner] - Skipping MapperFactoryBean with name 'deviceMapper' and 'com.tsing.mapper.DeviceMapper' mapperInterface. Bean already defined with the same name!
[WARN ][2025-06-05 10:12:35.864][][org.mybatis.spring.mapper.ClassPathMapperScanner] - Skipping MapperFactoryBean with name 'libraryDetailMapper' and 'com.tsing.mapper.LibraryDetailMapper' mapperInterface. Bean already defined with the same name!
[WARN ][2025-06-05 10:12:35.864][][org.mybatis.spring.mapper.ClassPathMapperScanner] - Skipping MapperFactoryBean with name 'libraryMapper' and 'com.tsing.mapper.LibraryMapper' mapperInterface. Bean already defined with the same name!
[WARN ][2025-06-05 10:12:35.864][][org.mybatis.spring.mapper.ClassPathMapperScanner] - Skipping MapperFactoryBean with name 'taskLogMapper' and 'com.tsing.mapper.TaskLogMapper' mapperInterface. Bean already defined with the same name!
[WARN ][2025-06-05 10:12:35.864][][org.mybatis.spring.mapper.ClassPathMapperScanner] - Skipping MapperFactoryBean with name 'taskMapper' and 'com.tsing.mapper.TaskMapper' mapperInterface. Bean already defined with the same name!
[WARN ][2025-06-05 10:12:35.864][][org.mybatis.spring.mapper.ClassPathMapperScanner] - No MyBatis mapper was found in '[com.tsing.mapper]' package. Please check your configuration.
[WARN ][2025-06-05 10:20:30.703][][com.alibaba.cloud.nacos.client.NacosPropertySourceBuilder] - Ignore the empty nacos configuration and get it based on dataId[capture-simulator] & group[DEFAULT_GROUP]
[WARN ][2025-06-05 10:20:30.735][][com.alibaba.cloud.nacos.client.NacosPropertySourceBuilder] - Ignore the empty nacos configuration and get it based on dataId[capture-simulator.yml] & group[DEFAULT_GROUP]
[WARN ][2025-06-05 10:20:31.053][][org.mybatis.spring.mapper.ClassPathMapperScanner] - Skipping MapperFactoryBean with name 'configMapper' and 'com.tsing.mapper.ConfigMapper' mapperInterface. Bean already defined with the same name!
[WARN ][2025-06-05 10:20:31.053][][org.mybatis.spring.mapper.ClassPathMapperScanner] - Skipping MapperFactoryBean with name 'deviceMapper' and 'com.tsing.mapper.DeviceMapper' mapperInterface. Bean already defined with the same name!
[WARN ][2025-06-05 10:20:31.054][][org.mybatis.spring.mapper.ClassPathMapperScanner] - Skipping MapperFactoryBean with name 'libraryDetailMapper' and 'com.tsing.mapper.LibraryDetailMapper' mapperInterface. Bean already defined with the same name!
[WARN ][2025-06-05 10:20:31.054][][org.mybatis.spring.mapper.ClassPathMapperScanner] - Skipping MapperFactoryBean with name 'libraryMapper' and 'com.tsing.mapper.LibraryMapper' mapperInterface. Bean already defined with the same name!
[WARN ][2025-06-05 10:20:31.054][][org.mybatis.spring.mapper.ClassPathMapperScanner] - Skipping MapperFactoryBean with name 'taskLogMapper' and 'com.tsing.mapper.TaskLogMapper' mapperInterface. Bean already defined with the same name!
[WARN ][2025-06-05 10:20:31.054][][org.mybatis.spring.mapper.ClassPathMapperScanner] - Skipping MapperFactoryBean with name 'taskMapper' and 'com.tsing.mapper.TaskMapper' mapperInterface. Bean already defined with the same name!
[WARN ][2025-06-05 10:20:31.054][][org.mybatis.spring.mapper.ClassPathMapperScanner] - No MyBatis mapper was found in '[com.tsing.mapper]' package. Please check your configuration.
[WARN ][2025-06-05 10:24:26.786][][com.alibaba.cloud.nacos.client.NacosPropertySourceBuilder] - Ignore the empty nacos configuration and get it based on dataId[capture-simulator] & group[DEFAULT_GROUP]
[WARN ][2025-06-05 10:24:26.814][][com.alibaba.cloud.nacos.client.NacosPropertySourceBuilder] - Ignore the empty nacos configuration and get it based on dataId[capture-simulator.yml] & group[DEFAULT_GROUP]
[WARN ][2025-06-05 10:24:27.119][][org.mybatis.spring.mapper.ClassPathMapperScanner] - Skipping MapperFactoryBean with name 'configMapper' and 'com.tsing.mapper.ConfigMapper' mapperInterface. Bean already defined with the same name!
[WARN ][2025-06-05 10:24:27.119][][org.mybatis.spring.mapper.ClassPathMapperScanner] - Skipping MapperFactoryBean with name 'deviceMapper' and 'com.tsing.mapper.DeviceMapper' mapperInterface. Bean already defined with the same name!
[WARN ][2025-06-05 10:24:27.119][][org.mybatis.spring.mapper.ClassPathMapperScanner] - Skipping MapperFactoryBean with name 'libraryDetailMapper' and 'com.tsing.mapper.LibraryDetailMapper' mapperInterface. Bean already defined with the same name!
[WARN ][2025-06-05 10:24:27.119][][org.mybatis.spring.mapper.ClassPathMapperScanner] - Skipping MapperFactoryBean with name 'libraryMapper' and 'com.tsing.mapper.LibraryMapper' mapperInterface. Bean already defined with the same name!
[WARN ][2025-06-05 10:24:27.119][][org.mybatis.spring.mapper.ClassPathMapperScanner] - Skipping MapperFactoryBean with name 'taskLogMapper' and 'com.tsing.mapper.TaskLogMapper' mapperInterface. Bean already defined with the same name!
[WARN ][2025-06-05 10:24:27.119][][org.mybatis.spring.mapper.ClassPathMapperScanner] - Skipping MapperFactoryBean with name 'taskMapper' and 'com.tsing.mapper.TaskMapper' mapperInterface. Bean already defined with the same name!
[WARN ][2025-06-05 10:24:27.119][][org.mybatis.spring.mapper.ClassPathMapperScanner] - No MyBatis mapper was found in '[com.tsing.mapper]' package. Please check your configuration.
[WARN ][2025-06-05 10:34:14.770][][com.alibaba.cloud.nacos.client.NacosPropertySourceBuilder] - Ignore the empty nacos configuration and get it based on dataId[capture-simulator] & group[DEFAULT_GROUP]
[WARN ][2025-06-05 10:34:14.798][][com.alibaba.cloud.nacos.client.NacosPropertySourceBuilder] - Ignore the empty nacos configuration and get it based on dataId[capture-simulator.yml] & group[DEFAULT_GROUP]
[WARN ][2025-06-05 10:34:15.128][][org.mybatis.spring.mapper.ClassPathMapperScanner] - Skipping MapperFactoryBean with name 'configMapper' and 'com.tsing.mapper.ConfigMapper' mapperInterface. Bean already defined with the same name!
[WARN ][2025-06-05 10:34:15.128][][org.mybatis.spring.mapper.ClassPathMapperScanner] - Skipping MapperFactoryBean with name 'deviceMapper' and 'com.tsing.mapper.DeviceMapper' mapperInterface. Bean already defined with the same name!
[WARN ][2025-06-05 10:34:15.128][][org.mybatis.spring.mapper.ClassPathMapperScanner] - Skipping MapperFactoryBean with name 'libraryDetailMapper' and 'com.tsing.mapper.LibraryDetailMapper' mapperInterface. Bean already defined with the same name!
[WARN ][2025-06-05 10:34:15.128][][org.mybatis.spring.mapper.ClassPathMapperScanner] - Skipping MapperFactoryBean with name 'libraryMapper' and 'com.tsing.mapper.LibraryMapper' mapperInterface. Bean already defined with the same name!
[WARN ][2025-06-05 10:34:15.128][][org.mybatis.spring.mapper.ClassPathMapperScanner] - Skipping MapperFactoryBean with name 'taskLogMapper' and 'com.tsing.mapper.TaskLogMapper' mapperInterface. Bean already defined with the same name!
[WARN ][2025-06-05 10:34:15.128][][org.mybatis.spring.mapper.ClassPathMapperScanner] - Skipping MapperFactoryBean with name 'taskMapper' and 'com.tsing.mapper.TaskMapper' mapperInterface. Bean already defined with the same name!
[WARN ][2025-06-05 10:34:15.129][][org.mybatis.spring.mapper.ClassPathMapperScanner] - No MyBatis mapper was found in '[com.tsing.mapper]' package. Please check your configuration.
[WARN ][2025-06-05 10:43:03.043][][com.alibaba.cloud.nacos.client.NacosPropertySourceBuilder] - Ignore the empty nacos configuration and get it based on dataId[capture-simulator] & group[DEFAULT_GROUP]
[WARN ][2025-06-05 10:43:03.071][][com.alibaba.cloud.nacos.client.NacosPropertySourceBuilder] - Ignore the empty nacos configuration and get it based on dataId[capture-simulator.yml] & group[DEFAULT_GROUP]
[WARN ][2025-06-05 10:43:03.403][][org.mybatis.spring.mapper.ClassPathMapperScanner] - Skipping MapperFactoryBean with name 'configMapper' and 'com.tsing.mapper.ConfigMapper' mapperInterface. Bean already defined with the same name!
[WARN ][2025-06-05 10:43:03.403][][org.mybatis.spring.mapper.ClassPathMapperScanner] - Skipping MapperFactoryBean with name 'deviceMapper' and 'com.tsing.mapper.DeviceMapper' mapperInterface. Bean already defined with the same name!
[WARN ][2025-06-05 10:43:03.403][][org.mybatis.spring.mapper.ClassPathMapperScanner] - Skipping MapperFactoryBean with name 'libraryDetailMapper' and 'com.tsing.mapper.LibraryDetailMapper' mapperInterface. Bean already defined with the same name!
[WARN ][2025-06-05 10:43:03.403][][org.mybatis.spring.mapper.ClassPathMapperScanner] - Skipping MapperFactoryBean with name 'libraryMapper' and 'com.tsing.mapper.LibraryMapper' mapperInterface. Bean already defined with the same name!
[WARN ][2025-06-05 10:43:03.403][][org.mybatis.spring.mapper.ClassPathMapperScanner] - Skipping MapperFactoryBean with name 'taskLogMapper' and 'com.tsing.mapper.TaskLogMapper' mapperInterface. Bean already defined with the same name!
[WARN ][2025-06-05 10:43:03.403][][org.mybatis.spring.mapper.ClassPathMapperScanner] - Skipping MapperFactoryBean with name 'taskMapper' and 'com.tsing.mapper.TaskMapper' mapperInterface. Bean already defined with the same name!
[WARN ][2025-06-05 10:43:03.404][][org.mybatis.spring.mapper.ClassPathMapperScanner] - No MyBatis mapper was found in '[com.tsing.mapper]' package. Please check your configuration.
[WARN ][2025-06-05 10:43:39.802][][com.alibaba.cloud.nacos.client.NacosPropertySourceBuilder] - Ignore the empty nacos configuration and get it based on dataId[capture-simulator] & group[DEFAULT_GROUP]
[WARN ][2025-06-05 10:43:39.828][][com.alibaba.cloud.nacos.client.NacosPropertySourceBuilder] - Ignore the empty nacos configuration and get it based on dataId[capture-simulator.yml] & group[DEFAULT_GROUP]
[WARN ][2025-06-05 10:43:40.418][][org.mybatis.spring.mapper.ClassPathMapperScanner] - Skipping MapperFactoryBean with name 'configMapper' and 'com.tsing.mapper.ConfigMapper' mapperInterface. Bean already defined with the same name!
[WARN ][2025-06-05 10:43:40.418][][org.mybatis.spring.mapper.ClassPathMapperScanner] - Skipping MapperFactoryBean with name 'deviceMapper' and 'com.tsing.mapper.DeviceMapper' mapperInterface. Bean already defined with the same name!
[WARN ][2025-06-05 10:43:40.418][][org.mybatis.spring.mapper.ClassPathMapperScanner] - Skipping MapperFactoryBean with name 'libraryDetailMapper' and 'com.tsing.mapper.LibraryDetailMapper' mapperInterface. Bean already defined with the same name!
[WARN ][2025-06-05 10:43:40.418][][org.mybatis.spring.mapper.ClassPathMapperScanner] - Skipping MapperFactoryBean with name 'libraryMapper' and 'com.tsing.mapper.LibraryMapper' mapperInterface. Bean already defined with the same name!
[WARN ][2025-06-05 10:43:40.419][][org.mybatis.spring.mapper.ClassPathMapperScanner] - Skipping MapperFactoryBean with name 'taskLogMapper' and 'com.tsing.mapper.TaskLogMapper' mapperInterface. Bean already defined with the same name!
[WARN ][2025-06-05 10:43:40.419][][org.mybatis.spring.mapper.ClassPathMapperScanner] - Skipping MapperFactoryBean with name 'taskMapper' and 'com.tsing.mapper.TaskMapper' mapperInterface. Bean already defined with the same name!
[WARN ][2025-06-05 10:43:40.419][][org.mybatis.spring.mapper.ClassPathMapperScanner] - No MyBatis mapper was found in '[com.tsing.mapper]' package. Please check your configuration.
[WARN ][2025-06-05 10:49:58.134][][com.alibaba.cloud.nacos.client.NacosPropertySourceBuilder] - Ignore the empty nacos configuration and get it based on dataId[capture-simulator] & group[DEFAULT_GROUP]
[WARN ][2025-06-05 10:49:58.162][][com.alibaba.cloud.nacos.client.NacosPropertySourceBuilder] - Ignore the empty nacos configuration and get it based on dataId[capture-simulator.yml] & group[DEFAULT_GROUP]
[WARN ][2025-06-05 10:49:58.489][][org.mybatis.spring.mapper.ClassPathMapperScanner] - Skipping MapperFactoryBean with name 'configMapper' and 'com.tsing.mapper.ConfigMapper' mapperInterface. Bean already defined with the same name!
[WARN ][2025-06-05 10:49:58.490][][org.mybatis.spring.mapper.ClassPathMapperScanner] - Skipping MapperFactoryBean with name 'deviceMapper' and 'com.tsing.mapper.DeviceMapper' mapperInterface. Bean already defined with the same name!
[WARN ][2025-06-05 10:49:58.490][][org.mybatis.spring.mapper.ClassPathMapperScanner] - Skipping MapperFactoryBean with name 'libraryDetailMapper' and 'com.tsing.mapper.LibraryDetailMapper' mapperInterface. Bean already defined with the same name!
[WARN ][2025-06-05 10:49:58.490][][org.mybatis.spring.mapper.ClassPathMapperScanner] - Skipping MapperFactoryBean with name 'libraryMapper' and 'com.tsing.mapper.LibraryMapper' mapperInterface. Bean already defined with the same name!
[WARN ][2025-06-05 10:49:58.490][][org.mybatis.spring.mapper.ClassPathMapperScanner] - Skipping MapperFactoryBean with name 'taskLogMapper' and 'com.tsing.mapper.TaskLogMapper' mapperInterface. Bean already defined with the same name!
[WARN ][2025-06-05 10:49:58.490][][org.mybatis.spring.mapper.ClassPathMapperScanner] - Skipping MapperFactoryBean with name 'taskMapper' and 'com.tsing.mapper.TaskMapper' mapperInterface. Bean already defined with the same name!
[WARN ][2025-06-05 10:49:58.490][][org.mybatis.spring.mapper.ClassPathMapperScanner] - No MyBatis mapper was found in '[com.tsing.mapper]' package. Please check your configuration.
[WARN ][2025-06-05 11:00:06.121][][com.alibaba.cloud.nacos.client.NacosPropertySourceBuilder] - Ignore the empty nacos configuration and get it based on dataId[capture-simulator] & group[DEFAULT_GROUP]
[WARN ][2025-06-05 11:00:06.150][][com.alibaba.cloud.nacos.client.NacosPropertySourceBuilder] - Ignore the empty nacos configuration and get it based on dataId[capture-simulator.yml] & group[DEFAULT_GROUP]
[WARN ][2025-06-05 11:00:06.489][][org.mybatis.spring.mapper.ClassPathMapperScanner] - Skipping MapperFactoryBean with name 'configMapper' and 'com.tsing.mapper.ConfigMapper' mapperInterface. Bean already defined with the same name!
[WARN ][2025-06-05 11:00:06.489][][org.mybatis.spring.mapper.ClassPathMapperScanner] - Skipping MapperFactoryBean with name 'deviceMapper' and 'com.tsing.mapper.DeviceMapper' mapperInterface. Bean already defined with the same name!
[WARN ][2025-06-05 11:00:06.489][][org.mybatis.spring.mapper.ClassPathMapperScanner] - Skipping MapperFactoryBean with name 'libraryDetailMapper' and 'com.tsing.mapper.LibraryDetailMapper' mapperInterface. Bean already defined with the same name!
[WARN ][2025-06-05 11:00:06.489][][org.mybatis.spring.mapper.ClassPathMapperScanner] - Skipping MapperFactoryBean with name 'libraryMapper' and 'com.tsing.mapper.LibraryMapper' mapperInterface. Bean already defined with the same name!
[WARN ][2025-06-05 11:00:06.489][][org.mybatis.spring.mapper.ClassPathMapperScanner] - Skipping MapperFactoryBean with name 'taskLogMapper' and 'com.tsing.mapper.TaskLogMapper' mapperInterface. Bean already defined with the same name!
[WARN ][2025-06-05 11:00:06.489][][org.mybatis.spring.mapper.ClassPathMapperScanner] - Skipping MapperFactoryBean with name 'taskMapper' and 'com.tsing.mapper.TaskMapper' mapperInterface. Bean already defined with the same name!
[WARN ][2025-06-05 11:00:06.489][][org.mybatis.spring.mapper.ClassPathMapperScanner] - No MyBatis mapper was found in '[com.tsing.mapper]' package. Please check your configuration.
[WARN ][2025-06-05 11:02:26.398][][com.alibaba.cloud.nacos.client.NacosPropertySourceBuilder] - Ignore the empty nacos configuration and get it based on dataId[capture-simulator] & group[DEFAULT_GROUP]
[WARN ][2025-06-05 11:02:26.425][][com.alibaba.cloud.nacos.client.NacosPropertySourceBuilder] - Ignore the empty nacos configuration and get it based on dataId[capture-simulator.yml] & group[DEFAULT_GROUP]
[WARN ][2025-06-05 11:02:26.746][][org.mybatis.spring.mapper.ClassPathMapperScanner] - Skipping MapperFactoryBean with name 'configMapper' and 'com.tsing.mapper.ConfigMapper' mapperInterface. Bean already defined with the same name!
[WARN ][2025-06-05 11:02:26.746][][org.mybatis.spring.mapper.ClassPathMapperScanner] - Skipping MapperFactoryBean with name 'deviceMapper' and 'com.tsing.mapper.DeviceMapper' mapperInterface. Bean already defined with the same name!
[WARN ][2025-06-05 11:02:26.746][][org.mybatis.spring.mapper.ClassPathMapperScanner] - Skipping MapperFactoryBean with name 'libraryDetailMapper' and 'com.tsing.mapper.LibraryDetailMapper' mapperInterface. Bean already defined with the same name!
[WARN ][2025-06-05 11:02:26.746][][org.mybatis.spring.mapper.ClassPathMapperScanner] - Skipping MapperFactoryBean with name 'libraryMapper' and 'com.tsing.mapper.LibraryMapper' mapperInterface. Bean already defined with the same name!
[WARN ][2025-06-05 11:02:26.746][][org.mybatis.spring.mapper.ClassPathMapperScanner] - Skipping MapperFactoryBean with name 'taskLogMapper' and 'com.tsing.mapper.TaskLogMapper' mapperInterface. Bean already defined with the same name!
[WARN ][2025-06-05 11:02:26.746][][org.mybatis.spring.mapper.ClassPathMapperScanner] - Skipping MapperFactoryBean with name 'taskMapper' and 'com.tsing.mapper.TaskMapper' mapperInterface. Bean already defined with the same name!
[WARN ][2025-06-05 11:02:26.746][][org.mybatis.spring.mapper.ClassPathMapperScanner] - No MyBatis mapper was found in '[com.tsing.mapper]' package. Please check your configuration.
[WARN ][2025-06-05 11:03:02.515][][com.alibaba.cloud.nacos.client.NacosPropertySourceBuilder] - Ignore the empty nacos configuration and get it based on dataId[capture-simulator] & group[DEFAULT_GROUP]
[WARN ][2025-06-05 11:03:02.542][][com.alibaba.cloud.nacos.client.NacosPropertySourceBuilder] - Ignore the empty nacos configuration and get it based on dataId[capture-simulator.yml] & group[DEFAULT_GROUP]
[WARN ][2025-06-05 11:03:02.879][][org.mybatis.spring.mapper.ClassPathMapperScanner] - Skipping MapperFactoryBean with name 'configMapper' and 'com.tsing.mapper.ConfigMapper' mapperInterface. Bean already defined with the same name!
[WARN ][2025-06-05 11:03:02.879][][org.mybatis.spring.mapper.ClassPathMapperScanner] - Skipping MapperFactoryBean with name 'deviceMapper' and 'com.tsing.mapper.DeviceMapper' mapperInterface. Bean already defined with the same name!
[WARN ][2025-06-05 11:03:02.879][][org.mybatis.spring.mapper.ClassPathMapperScanner] - Skipping MapperFactoryBean with name 'libraryDetailMapper' and 'com.tsing.mapper.LibraryDetailMapper' mapperInterface. Bean already defined with the same name!
[WARN ][2025-06-05 11:03:02.879][][org.mybatis.spring.mapper.ClassPathMapperScanner] - Skipping MapperFactoryBean with name 'libraryMapper' and 'com.tsing.mapper.LibraryMapper' mapperInterface. Bean already defined with the same name!
[WARN ][2025-06-05 11:03:02.879][][org.mybatis.spring.mapper.ClassPathMapperScanner] - Skipping MapperFactoryBean with name 'taskLogMapper' and 'com.tsing.mapper.TaskLogMapper' mapperInterface. Bean already defined with the same name!
[WARN ][2025-06-05 11:03:02.879][][org.mybatis.spring.mapper.ClassPathMapperScanner] - Skipping MapperFactoryBean with name 'taskMapper' and 'com.tsing.mapper.TaskMapper' mapperInterface. Bean already defined with the same name!
[WARN ][2025-06-05 11:03:02.879][][org.mybatis.spring.mapper.ClassPathMapperScanner] - No MyBatis mapper was found in '[com.tsing.mapper]' package. Please check your configuration.
[WARN ][2025-06-05 11:11:37.172][][com.alibaba.cloud.nacos.client.NacosPropertySourceBuilder] - Ignore the empty nacos configuration and get it based on dataId[capture-simulator] & group[DEFAULT_GROUP]
[WARN ][2025-06-05 11:11:37.199][][com.alibaba.cloud.nacos.client.NacosPropertySourceBuilder] - Ignore the empty nacos configuration and get it based on dataId[capture-simulator.yml] & group[DEFAULT_GROUP]
[WARN ][2025-06-05 11:11:37.502][][org.mybatis.spring.mapper.ClassPathMapperScanner] - Skipping MapperFactoryBean with name 'configMapper' and 'com.tsing.mapper.ConfigMapper' mapperInterface. Bean already defined with the same name!
[WARN ][2025-06-05 11:11:37.503][][org.mybatis.spring.mapper.ClassPathMapperScanner] - Skipping MapperFactoryBean with name 'deviceMapper' and 'com.tsing.mapper.DeviceMapper' mapperInterface. Bean already defined with the same name!
[WARN ][2025-06-05 11:11:37.503][][org.mybatis.spring.mapper.ClassPathMapperScanner] - Skipping MapperFactoryBean with name 'libraryDetailMapper' and 'com.tsing.mapper.LibraryDetailMapper' mapperInterface. Bean already defined with the same name!
[WARN ][2025-06-05 11:11:37.503][][org.mybatis.spring.mapper.ClassPathMapperScanner] - Skipping MapperFactoryBean with name 'libraryMapper' and 'com.tsing.mapper.LibraryMapper' mapperInterface. Bean already defined with the same name!
[WARN ][2025-06-05 11:11:37.503][][org.mybatis.spring.mapper.ClassPathMapperScanner] - Skipping MapperFactoryBean with name 'taskLogMapper' and 'com.tsing.mapper.TaskLogMapper' mapperInterface. Bean already defined with the same name!
[WARN ][2025-06-05 11:11:37.503][][org.mybatis.spring.mapper.ClassPathMapperScanner] - Skipping MapperFactoryBean with name 'taskMapper' and 'com.tsing.mapper.TaskMapper' mapperInterface. Bean already defined with the same name!
[WARN ][2025-06-05 11:11:37.503][][org.mybatis.spring.mapper.ClassPathMapperScanner] - No MyBatis mapper was found in '[com.tsing.mapper]' package. Please check your configuration.
[WARN ][2025-06-05 11:15:15.192][][com.alibaba.cloud.nacos.client.NacosPropertySourceBuilder] - Ignore the empty nacos configuration and get it based on dataId[capture-simulator] & group[DEFAULT_GROUP]
[WARN ][2025-06-05 11:15:15.219][][com.alibaba.cloud.nacos.client.NacosPropertySourceBuilder] - Ignore the empty nacos configuration and get it based on dataId[capture-simulator.yml] & group[DEFAULT_GROUP]
[WARN ][2025-06-05 11:15:15.540][][org.mybatis.spring.mapper.ClassPathMapperScanner] - Skipping MapperFactoryBean with name 'configMapper' and 'com.tsing.mapper.ConfigMapper' mapperInterface. Bean already defined with the same name!
[WARN ][2025-06-05 11:15:15.540][][org.mybatis.spring.mapper.ClassPathMapperScanner] - Skipping MapperFactoryBean with name 'deviceMapper' and 'com.tsing.mapper.DeviceMapper' mapperInterface. Bean already defined with the same name!
[WARN ][2025-06-05 11:15:15.540][][org.mybatis.spring.mapper.ClassPathMapperScanner] - Skipping MapperFactoryBean with name 'libraryDetailMapper' and 'com.tsing.mapper.LibraryDetailMapper' mapperInterface. Bean already defined with the same name!
[WARN ][2025-06-05 11:15:15.540][][org.mybatis.spring.mapper.ClassPathMapperScanner] - Skipping MapperFactoryBean with name 'libraryMapper' and 'com.tsing.mapper.LibraryMapper' mapperInterface. Bean already defined with the same name!
[WARN ][2025-06-05 11:15:15.540][][org.mybatis.spring.mapper.ClassPathMapperScanner] - Skipping MapperFactoryBean with name 'taskLogMapper' and 'com.tsing.mapper.TaskLogMapper' mapperInterface. Bean already defined with the same name!
[WARN ][2025-06-05 11:15:15.540][][org.mybatis.spring.mapper.ClassPathMapperScanner] - Skipping MapperFactoryBean with name 'taskMapper' and 'com.tsing.mapper.TaskMapper' mapperInterface. Bean already defined with the same name!
[WARN ][2025-06-05 11:15:15.540][][org.mybatis.spring.mapper.ClassPathMapperScanner] - No MyBatis mapper was found in '[com.tsing.mapper]' package. Please check your configuration.
[WARN ][2025-06-05 11:27:27.339][][com.alibaba.cloud.nacos.client.NacosPropertySourceBuilder] - Ignore the empty nacos configuration and get it based on dataId[capture-simulator] & group[DEFAULT_GROUP]
[WARN ][2025-06-05 11:27:27.366][][com.alibaba.cloud.nacos.client.NacosPropertySourceBuilder] - Ignore the empty nacos configuration and get it based on dataId[capture-simulator.yml] & group[DEFAULT_GROUP]
[WARN ][2025-06-05 11:27:27.705][][org.mybatis.spring.mapper.ClassPathMapperScanner] - Skipping MapperFactoryBean with name 'configMapper' and 'com.tsing.mapper.ConfigMapper' mapperInterface. Bean already defined with the same name!
[WARN ][2025-06-05 11:27:27.705][][org.mybatis.spring.mapper.ClassPathMapperScanner] - Skipping MapperFactoryBean with name 'deviceMapper' and 'com.tsing.mapper.DeviceMapper' mapperInterface. Bean already defined with the same name!
[WARN ][2025-06-05 11:27:27.705][][org.mybatis.spring.mapper.ClassPathMapperScanner] - Skipping MapperFactoryBean with name 'libraryDetailMapper' and 'com.tsing.mapper.LibraryDetailMapper' mapperInterface. Bean already defined with the same name!
[WARN ][2025-06-05 11:27:27.705][][org.mybatis.spring.mapper.ClassPathMapperScanner] - Skipping MapperFactoryBean with name 'libraryMapper' and 'com.tsing.mapper.LibraryMapper' mapperInterface. Bean already defined with the same name!
[WARN ][2025-06-05 11:27:27.705][][org.mybatis.spring.mapper.ClassPathMapperScanner] - Skipping MapperFactoryBean with name 'taskLogMapper' and 'com.tsing.mapper.TaskLogMapper' mapperInterface. Bean already defined with the same name!
[WARN ][2025-06-05 11:27:27.705][][org.mybatis.spring.mapper.ClassPathMapperScanner] - Skipping MapperFactoryBean with name 'taskMapper' and 'com.tsing.mapper.TaskMapper' mapperInterface. Bean already defined with the same name!
[WARN ][2025-06-05 11:27:27.706][][org.mybatis.spring.mapper.ClassPathMapperScanner] - No MyBatis mapper was found in '[com.tsing.mapper]' package. Please check your configuration.
[WARN ][2025-06-05 11:32:42.335][][com.alibaba.cloud.nacos.client.NacosPropertySourceBuilder] - Ignore the empty nacos configuration and get it based on dataId[capture-simulator] & group[DEFAULT_GROUP]
[WARN ][2025-06-05 11:32:42.611][][com.alibaba.cloud.nacos.client.NacosPropertySourceBuilder] - Ignore the empty nacos configuration and get it based on dataId[capture-simulator.yml] & group[DEFAULT_GROUP]
[WARN ][2025-06-05 11:32:43.379][][org.mybatis.spring.mapper.ClassPathMapperScanner] - Skipping MapperFactoryBean with name 'configMapper' and 'com.tsing.mapper.ConfigMapper' mapperInterface. Bean already defined with the same name!
[WARN ][2025-06-05 11:32:43.379][][org.mybatis.spring.mapper.ClassPathMapperScanner] - Skipping MapperFactoryBean with name 'deviceMapper' and 'com.tsing.mapper.DeviceMapper' mapperInterface. Bean already defined with the same name!
[WARN ][2025-06-05 11:32:43.379][][org.mybatis.spring.mapper.ClassPathMapperScanner] - Skipping MapperFactoryBean with name 'libraryDetailMapper' and 'com.tsing.mapper.LibraryDetailMapper' mapperInterface. Bean already defined with the same name!
[WARN ][2025-06-05 11:32:43.379][][org.mybatis.spring.mapper.ClassPathMapperScanner] - Skipping MapperFactoryBean with name 'libraryMapper' and 'com.tsing.mapper.LibraryMapper' mapperInterface. Bean already defined with the same name!
[WARN ][2025-06-05 11:32:43.379][][org.mybatis.spring.mapper.ClassPathMapperScanner] - Skipping MapperFactoryBean with name 'taskLogMapper' and 'com.tsing.mapper.TaskLogMapper' mapperInterface. Bean already defined with the same name!
[WARN ][2025-06-05 11:32:43.379][][org.mybatis.spring.mapper.ClassPathMapperScanner] - Skipping MapperFactoryBean with name 'taskMapper' and 'com.tsing.mapper.TaskMapper' mapperInterface. Bean already defined with the same name!
[WARN ][2025-06-05 11:32:43.379][][org.mybatis.spring.mapper.ClassPathMapperScanner] - No MyBatis mapper was found in '[com.tsing.mapper]' package. Please check your configuration.
[WARN ][2025-06-05 11:41:58.418][][com.alibaba.cloud.nacos.client.NacosPropertySourceBuilder] - Ignore the empty nacos configuration and get it based on dataId[capture-simulator] & group[DEFAULT_GROUP]
[WARN ][2025-06-05 11:41:58.447][][com.alibaba.cloud.nacos.client.NacosPropertySourceBuilder] - Ignore the empty nacos configuration and get it based on dataId[capture-simulator.yml] & group[DEFAULT_GROUP]
[WARN ][2025-06-05 11:41:59.011][][org.mybatis.spring.mapper.ClassPathMapperScanner] - Skipping MapperFactoryBean with name 'configMapper' and 'com.tsing.mapper.ConfigMapper' mapperInterface. Bean already defined with the same name!
[WARN ][2025-06-05 11:41:59.012][][org.mybatis.spring.mapper.ClassPathMapperScanner] - Skipping MapperFactoryBean with name 'deviceMapper' and 'com.tsing.mapper.DeviceMapper' mapperInterface. Bean already defined with the same name!
[WARN ][2025-06-05 11:41:59.012][][org.mybatis.spring.mapper.ClassPathMapperScanner] - Skipping MapperFactoryBean with name 'libraryDetailMapper' and 'com.tsing.mapper.LibraryDetailMapper' mapperInterface. Bean already defined with the same name!
[WARN ][2025-06-05 11:41:59.012][][org.mybatis.spring.mapper.ClassPathMapperScanner] - Skipping MapperFactoryBean with name 'libraryMapper' and 'com.tsing.mapper.LibraryMapper' mapperInterface. Bean already defined with the same name!
[WARN ][2025-06-05 11:41:59.012][][org.mybatis.spring.mapper.ClassPathMapperScanner] - Skipping MapperFactoryBean with name 'taskLogMapper' and 'com.tsing.mapper.TaskLogMapper' mapperInterface. Bean already defined with the same name!
[WARN ][2025-06-05 11:41:59.012][][org.mybatis.spring.mapper.ClassPathMapperScanner] - Skipping MapperFactoryBean with name 'taskMapper' and 'com.tsing.mapper.TaskMapper' mapperInterface. Bean already defined with the same name!
[WARN ][2025-06-05 11:41:59.012][][org.mybatis.spring.mapper.ClassPathMapperScanner] - No MyBatis mapper was found in '[com.tsing.mapper]' package. Please check your configuration.
[WARN ][2025-06-05 14:09:47.231][][com.alibaba.cloud.nacos.client.NacosPropertySourceBuilder] - Ignore the empty nacos configuration and get it based on dataId[capture-simulator] & group[DEFAULT_GROUP]
[WARN ][2025-06-05 14:09:47.259][][com.alibaba.cloud.nacos.client.NacosPropertySourceBuilder] - Ignore the empty nacos configuration and get it based on dataId[capture-simulator.yml] & group[DEFAULT_GROUP]
[WARN ][2025-06-05 14:09:47.613][][org.mybatis.spring.mapper.ClassPathMapperScanner] - Skipping MapperFactoryBean with name 'configMapper' and 'com.tsing.mapper.ConfigMapper' mapperInterface. Bean already defined with the same name!
[WARN ][2025-06-05 14:09:47.613][][org.mybatis.spring.mapper.ClassPathMapperScanner] - Skipping MapperFactoryBean with name 'deviceMapper' and 'com.tsing.mapper.DeviceMapper' mapperInterface. Bean already defined with the same name!
[WARN ][2025-06-05 14:09:47.613][][org.mybatis.spring.mapper.ClassPathMapperScanner] - Skipping MapperFactoryBean with name 'libraryDetailMapper' and 'com.tsing.mapper.LibraryDetailMapper' mapperInterface. Bean already defined with the same name!
[WARN ][2025-06-05 14:09:47.613][][org.mybatis.spring.mapper.ClassPathMapperScanner] - Skipping MapperFactoryBean with name 'libraryMapper' and 'com.tsing.mapper.LibraryMapper' mapperInterface. Bean already defined with the same name!
[WARN ][2025-06-05 14:09:47.613][][org.mybatis.spring.mapper.ClassPathMapperScanner] - Skipping MapperFactoryBean with name 'taskLogMapper' and 'com.tsing.mapper.TaskLogMapper' mapperInterface. Bean already defined with the same name!
[WARN ][2025-06-05 14:09:47.613][][org.mybatis.spring.mapper.ClassPathMapperScanner] - Skipping MapperFactoryBean with name 'taskMapper' and 'com.tsing.mapper.TaskMapper' mapperInterface. Bean already defined with the same name!
[WARN ][2025-06-05 14:09:47.614][][org.mybatis.spring.mapper.ClassPathMapperScanner] - No MyBatis mapper was found in '[com.tsing.mapper]' package. Please check your configuration.
[WARN ][2025-06-05 14:21:55.939][][com.alibaba.cloud.nacos.client.NacosPropertySourceBuilder] - Ignore the empty nacos configuration and get it based on dataId[capture-simulator] & group[DEFAULT_GROUP]
[WARN ][2025-06-05 14:21:55.969][][com.alibaba.cloud.nacos.client.NacosPropertySourceBuilder] - Ignore the empty nacos configuration and get it based on dataId[capture-simulator.yml] & group[DEFAULT_GROUP]
[WARN ][2025-06-05 14:21:56.389][][org.mybatis.spring.mapper.ClassPathMapperScanner] - Skipping MapperFactoryBean with name 'configMapper' and 'com.tsing.mapper.ConfigMapper' mapperInterface. Bean already defined with the same name!
[WARN ][2025-06-05 14:21:56.389][][org.mybatis.spring.mapper.ClassPathMapperScanner] - Skipping MapperFactoryBean with name 'deviceMapper' and 'com.tsing.mapper.DeviceMapper' mapperInterface. Bean already defined with the same name!
[WARN ][2025-06-05 14:21:56.389][][org.mybatis.spring.mapper.ClassPathMapperScanner] - Skipping MapperFactoryBean with name 'libraryDetailMapper' and 'com.tsing.mapper.LibraryDetailMapper' mapperInterface. Bean already defined with the same name!
[WARN ][2025-06-05 14:21:56.389][][org.mybatis.spring.mapper.ClassPathMapperScanner] - Skipping MapperFactoryBean with name 'libraryMapper' and 'com.tsing.mapper.LibraryMapper' mapperInterface. Bean already defined with the same name!
[WARN ][2025-06-05 14:21:56.389][][org.mybatis.spring.mapper.ClassPathMapperScanner] - Skipping MapperFactoryBean with name 'taskLogMapper' and 'com.tsing.mapper.TaskLogMapper' mapperInterface. Bean already defined with the same name!
[WARN ][2025-06-05 14:21:56.389][][org.mybatis.spring.mapper.ClassPathMapperScanner] - Skipping MapperFactoryBean with name 'taskMapper' and 'com.tsing.mapper.TaskMapper' mapperInterface. Bean already defined with the same name!
[WARN ][2025-06-05 14:21:56.390][][org.mybatis.spring.mapper.ClassPathMapperScanner] - No MyBatis mapper was found in '[com.tsing.mapper]' package. Please check your configuration.
[WARN ][2025-06-05 14:57:04.373][][com.alibaba.cloud.nacos.client.NacosPropertySourceBuilder] - Ignore the empty nacos configuration and get it based on dataId[capture-simulator] & group[DEFAULT_GROUP]
[WARN ][2025-06-05 14:57:04.408][][com.alibaba.cloud.nacos.client.NacosPropertySourceBuilder] - Ignore the empty nacos configuration and get it based on dataId[capture-simulator.yml] & group[DEFAULT_GROUP]
[WARN ][2025-06-05 14:57:04.907][][org.mybatis.spring.mapper.ClassPathMapperScanner] - Skipping MapperFactoryBean with name 'configMapper' and 'com.tsing.mapper.ConfigMapper' mapperInterface. Bean already defined with the same name!
[WARN ][2025-06-05 14:57:04.908][][org.mybatis.spring.mapper.ClassPathMapperScanner] - Skipping MapperFactoryBean with name 'deviceMapper' and 'com.tsing.mapper.DeviceMapper' mapperInterface. Bean already defined with the same name!
[WARN ][2025-06-05 14:57:04.908][][org.mybatis.spring.mapper.ClassPathMapperScanner] - Skipping MapperFactoryBean with name 'libraryDetailMapper' and 'com.tsing.mapper.LibraryDetailMapper' mapperInterface. Bean already defined with the same name!
[WARN ][2025-06-05 14:57:04.908][][org.mybatis.spring.mapper.ClassPathMapperScanner] - Skipping MapperFactoryBean with name 'libraryMapper' and 'com.tsing.mapper.LibraryMapper' mapperInterface. Bean already defined with the same name!
[WARN ][2025-06-05 14:57:04.908][][org.mybatis.spring.mapper.ClassPathMapperScanner] - Skipping MapperFactoryBean with name 'taskLogMapper' and 'com.tsing.mapper.TaskLogMapper' mapperInterface. Bean already defined with the same name!
[WARN ][2025-06-05 14:57:04.908][][org.mybatis.spring.mapper.ClassPathMapperScanner] - Skipping MapperFactoryBean with name 'taskMapper' and 'com.tsing.mapper.TaskMapper' mapperInterface. Bean already defined with the same name!
[WARN ][2025-06-05 14:57:04.908][][org.mybatis.spring.mapper.ClassPathMapperScanner] - No MyBatis mapper was found in '[com.tsing.mapper]' package. Please check your configuration.
[WARN ][2025-06-05 15:16:58.575][][com.alibaba.cloud.nacos.client.NacosPropertySourceBuilder] - Ignore the empty nacos configuration and get it based on dataId[capture-simulator] & group[DEFAULT_GROUP]
[WARN ][2025-06-05 15:16:58.603][][com.alibaba.cloud.nacos.client.NacosPropertySourceBuilder] - Ignore the empty nacos configuration and get it based on dataId[capture-simulator.yml] & group[DEFAULT_GROUP]
[WARN ][2025-06-05 15:16:58.947][][org.mybatis.spring.mapper.ClassPathMapperScanner] - Skipping MapperFactoryBean with name 'configMapper' and 'com.tsing.mapper.ConfigMapper' mapperInterface. Bean already defined with the same name!
[WARN ][2025-06-05 15:16:58.948][][org.mybatis.spring.mapper.ClassPathMapperScanner] - Skipping MapperFactoryBean with name 'deviceMapper' and 'com.tsing.mapper.DeviceMapper' mapperInterface. Bean already defined with the same name!
[WARN ][2025-06-05 15:16:58.948][][org.mybatis.spring.mapper.ClassPathMapperScanner] - Skipping MapperFactoryBean with name 'libraryDetailMapper' and 'com.tsing.mapper.LibraryDetailMapper' mapperInterface. Bean already defined with the same name!
[WARN ][2025-06-05 15:16:58.948][][org.mybatis.spring.mapper.ClassPathMapperScanner] - Skipping MapperFactoryBean with name 'libraryMapper' and 'com.tsing.mapper.LibraryMapper' mapperInterface. Bean already defined with the same name!
[WARN ][2025-06-05 15:16:58.948][][org.mybatis.spring.mapper.ClassPathMapperScanner] - Skipping MapperFactoryBean with name 'taskLogMapper' and 'com.tsing.mapper.TaskLogMapper' mapperInterface. Bean already defined with the same name!
[WARN ][2025-06-05 15:16:58.948][][org.mybatis.spring.mapper.ClassPathMapperScanner] - Skipping MapperFactoryBean with name 'taskMapper' and 'com.tsing.mapper.TaskMapper' mapperInterface. Bean already defined with the same name!
[WARN ][2025-06-05 15:16:58.948][][org.mybatis.spring.mapper.ClassPathMapperScanner] - No MyBatis mapper was found in '[com.tsing.mapper]' package. Please check your configuration.
[WARN ][2025-06-05 15:25:18.508][][com.alibaba.cloud.nacos.client.NacosPropertySourceBuilder] - Ignore the empty nacos configuration and get it based on dataId[capture-simulator] & group[DEFAULT_GROUP]
[WARN ][2025-06-05 15:25:18.535][][com.alibaba.cloud.nacos.client.NacosPropertySourceBuilder] - Ignore the empty nacos configuration and get it based on dataId[capture-simulator.yml] & group[DEFAULT_GROUP]
[WARN ][2025-06-05 15:25:18.860][][org.mybatis.spring.mapper.ClassPathMapperScanner] - Skipping MapperFactoryBean with name 'configMapper' and 'com.tsing.mapper.ConfigMapper' mapperInterface. Bean already defined with the same name!
[WARN ][2025-06-05 15:25:18.860][][org.mybatis.spring.mapper.ClassPathMapperScanner] - Skipping MapperFactoryBean with name 'deviceMapper' and 'com.tsing.mapper.DeviceMapper' mapperInterface. Bean already defined with the same name!
[WARN ][2025-06-05 15:25:18.860][][org.mybatis.spring.mapper.ClassPathMapperScanner] - Skipping MapperFactoryBean with name 'libraryDetailMapper' and 'com.tsing.mapper.LibraryDetailMapper' mapperInterface. Bean already defined with the same name!
[WARN ][2025-06-05 15:25:18.860][][org.mybatis.spring.mapper.ClassPathMapperScanner] - Skipping MapperFactoryBean with name 'libraryMapper' and 'com.tsing.mapper.LibraryMapper' mapperInterface. Bean already defined with the same name!
[WARN ][2025-06-05 15:25:18.860][][org.mybatis.spring.mapper.ClassPathMapperScanner] - Skipping MapperFactoryBean with name 'taskLogMapper' and 'com.tsing.mapper.TaskLogMapper' mapperInterface. Bean already defined with the same name!
[WARN ][2025-06-05 15:25:18.860][][org.mybatis.spring.mapper.ClassPathMapperScanner] - Skipping MapperFactoryBean with name 'taskMapper' and 'com.tsing.mapper.TaskMapper' mapperInterface. Bean already defined with the same name!
[WARN ][2025-06-05 15:25:18.860][][org.mybatis.spring.mapper.ClassPathMapperScanner] - No MyBatis mapper was found in '[com.tsing.mapper]' package. Please check your configuration.
[WARN ][2025-06-05 15:27:48.072][][com.alibaba.cloud.nacos.client.NacosPropertySourceBuilder] - Ignore the empty nacos configuration and get it based on dataId[capture-simulator] & group[DEFAULT_GROUP]
[WARN ][2025-06-05 15:27:48.099][][com.alibaba.cloud.nacos.client.NacosPropertySourceBuilder] - Ignore the empty nacos configuration and get it based on dataId[capture-simulator.yml] & group[DEFAULT_GROUP]
[WARN ][2025-06-05 15:27:48.423][][org.mybatis.spring.mapper.ClassPathMapperScanner] - Skipping MapperFactoryBean with name 'configMapper' and 'com.tsing.mapper.ConfigMapper' mapperInterface. Bean already defined with the same name!
[WARN ][2025-06-05 15:27:48.423][][org.mybatis.spring.mapper.ClassPathMapperScanner] - Skipping MapperFactoryBean with name 'deviceMapper' and 'com.tsing.mapper.DeviceMapper' mapperInterface. Bean already defined with the same name!
[WARN ][2025-06-05 15:27:48.423][][org.mybatis.spring.mapper.ClassPathMapperScanner] - Skipping MapperFactoryBean with name 'libraryDetailMapper' and 'com.tsing.mapper.LibraryDetailMapper' mapperInterface. Bean already defined with the same name!
[WARN ][2025-06-05 15:27:48.423][][org.mybatis.spring.mapper.ClassPathMapperScanner] - Skipping MapperFactoryBean with name 'libraryMapper' and 'com.tsing.mapper.LibraryMapper' mapperInterface. Bean already defined with the same name!
[WARN ][2025-06-05 15:27:48.423][][org.mybatis.spring.mapper.ClassPathMapperScanner] - Skipping MapperFactoryBean with name 'taskLogMapper' and 'com.tsing.mapper.TaskLogMapper' mapperInterface. Bean already defined with the same name!
[WARN ][2025-06-05 15:27:48.423][][org.mybatis.spring.mapper.ClassPathMapperScanner] - Skipping MapperFactoryBean with name 'taskMapper' and 'com.tsing.mapper.TaskMapper' mapperInterface. Bean already defined with the same name!
[WARN ][2025-06-05 15:27:48.423][][org.mybatis.spring.mapper.ClassPathMapperScanner] - No MyBatis mapper was found in '[com.tsing.mapper]' package. Please check your configuration.
[WARN ][2025-06-05 15:28:36.120][][com.alibaba.cloud.nacos.client.NacosPropertySourceBuilder] - Ignore the empty nacos configuration and get it based on dataId[capture-simulator] & group[DEFAULT_GROUP]
[WARN ][2025-06-05 15:28:36.148][][com.alibaba.cloud.nacos.client.NacosPropertySourceBuilder] - Ignore the empty nacos configuration and get it based on dataId[capture-simulator.yml] & group[DEFAULT_GROUP]
[WARN ][2025-06-05 15:28:36.433][][org.mybatis.spring.mapper.ClassPathMapperScanner] - Skipping MapperFactoryBean with name 'configMapper' and 'com.tsing.mapper.ConfigMapper' mapperInterface. Bean already defined with the same name!
[WARN ][2025-06-05 15:28:36.433][][org.mybatis.spring.mapper.ClassPathMapperScanner] - Skipping MapperFactoryBean with name 'deviceMapper' and 'com.tsing.mapper.DeviceMapper' mapperInterface. Bean already defined with the same name!
[WARN ][2025-06-05 15:28:36.433][][org.mybatis.spring.mapper.ClassPathMapperScanner] - Skipping MapperFactoryBean with name 'libraryDetailMapper' and 'com.tsing.mapper.LibraryDetailMapper' mapperInterface. Bean already defined with the same name!
[WARN ][2025-06-05 15:28:36.433][][org.mybatis.spring.mapper.ClassPathMapperScanner] - Skipping MapperFactoryBean with name 'libraryMapper' and 'com.tsing.mapper.LibraryMapper' mapperInterface. Bean already defined with the same name!
[WARN ][2025-06-05 15:28:36.433][][org.mybatis.spring.mapper.ClassPathMapperScanner] - Skipping MapperFactoryBean with name 'taskLogMapper' and 'com.tsing.mapper.TaskLogMapper' mapperInterface. Bean already defined with the same name!
[WARN ][2025-06-05 15:28:36.434][][org.mybatis.spring.mapper.ClassPathMapperScanner] - Skipping MapperFactoryBean with name 'taskMapper' and 'com.tsing.mapper.TaskMapper' mapperInterface. Bean already defined with the same name!
[WARN ][2025-06-05 15:28:36.434][][org.mybatis.spring.mapper.ClassPathMapperScanner] - No MyBatis mapper was found in '[com.tsing.mapper]' package. Please check your configuration.
[WARN ][2025-06-05 15:50:22.236][][com.alibaba.cloud.nacos.client.NacosPropertySourceBuilder] - Ignore the empty nacos configuration and get it based on dataId[capture-simulator] & group[DEFAULT_GROUP]
[WARN ][2025-06-05 15:50:22.264][][com.alibaba.cloud.nacos.client.NacosPropertySourceBuilder] - Ignore the empty nacos configuration and get it based on dataId[capture-simulator.yml] & group[DEFAULT_GROUP]
[WARN ][2025-06-05 15:50:22.625][][org.mybatis.spring.mapper.ClassPathMapperScanner] - Skipping MapperFactoryBean with name 'configMapper' and 'com.tsing.mapper.ConfigMapper' mapperInterface. Bean already defined with the same name!
[WARN ][2025-06-05 15:50:22.625][][org.mybatis.spring.mapper.ClassPathMapperScanner] - Skipping MapperFactoryBean with name 'deviceMapper' and 'com.tsing.mapper.DeviceMapper' mapperInterface. Bean already defined with the same name!
[WARN ][2025-06-05 15:50:22.625][][org.mybatis.spring.mapper.ClassPathMapperScanner] - Skipping MapperFactoryBean with name 'libraryDetailMapper' and 'com.tsing.mapper.LibraryDetailMapper' mapperInterface. Bean already defined with the same name!
[WARN ][2025-06-05 15:50:22.625][][org.mybatis.spring.mapper.ClassPathMapperScanner] - Skipping MapperFactoryBean with name 'libraryMapper' and 'com.tsing.mapper.LibraryMapper' mapperInterface. Bean already defined with the same name!
[WARN ][2025-06-05 15:50:22.625][][org.mybatis.spring.mapper.ClassPathMapperScanner] - Skipping MapperFactoryBean with name 'taskLogMapper' and 'com.tsing.mapper.TaskLogMapper' mapperInterface. Bean already defined with the same name!
[WARN ][2025-06-05 15:50:22.625][][org.mybatis.spring.mapper.ClassPathMapperScanner] - Skipping MapperFactoryBean with name 'taskMapper' and 'com.tsing.mapper.TaskMapper' mapperInterface. Bean already defined with the same name!
[WARN ][2025-06-05 15:50:22.625][][org.mybatis.spring.mapper.ClassPathMapperScanner] - No MyBatis mapper was found in '[com.tsing.mapper]' package. Please check your configuration.
[WARN ][2025-06-05 15:53:55.162][][com.alibaba.cloud.nacos.client.NacosPropertySourceBuilder] - Ignore the empty nacos configuration and get it based on dataId[capture-simulator] & group[DEFAULT_GROUP]
[WARN ][2025-06-05 15:53:55.195][][com.alibaba.cloud.nacos.client.NacosPropertySourceBuilder] - Ignore the empty nacos configuration and get it based on dataId[capture-simulator.yml] & group[DEFAULT_GROUP]
[WARN ][2025-06-05 15:53:55.500][][org.mybatis.spring.mapper.ClassPathMapperScanner] - Skipping MapperFactoryBean with name 'configMapper' and 'com.tsing.mapper.ConfigMapper' mapperInterface. Bean already defined with the same name!
[WARN ][2025-06-05 15:53:55.500][][org.mybatis.spring.mapper.ClassPathMapperScanner] - Skipping MapperFactoryBean with name 'deviceMapper' and 'com.tsing.mapper.DeviceMapper' mapperInterface. Bean already defined with the same name!
[WARN ][2025-06-05 15:53:55.500][][org.mybatis.spring.mapper.ClassPathMapperScanner] - Skipping MapperFactoryBean with name 'libraryDetailMapper' and 'com.tsing.mapper.LibraryDetailMapper' mapperInterface. Bean already defined with the same name!
[WARN ][2025-06-05 15:53:55.500][][org.mybatis.spring.mapper.ClassPathMapperScanner] - Skipping MapperFactoryBean with name 'libraryMapper' and 'com.tsing.mapper.LibraryMapper' mapperInterface. Bean already defined with the same name!
[WARN ][2025-06-05 15:53:55.500][][org.mybatis.spring.mapper.ClassPathMapperScanner] - Skipping MapperFactoryBean with name 'taskLogMapper' and 'com.tsing.mapper.TaskLogMapper' mapperInterface. Bean already defined with the same name!
[WARN ][2025-06-05 15:53:55.500][][org.mybatis.spring.mapper.ClassPathMapperScanner] - Skipping MapperFactoryBean with name 'taskMapper' and 'com.tsing.mapper.TaskMapper' mapperInterface. Bean already defined with the same name!
[WARN ][2025-06-05 15:53:55.500][][org.mybatis.spring.mapper.ClassPathMapperScanner] - No MyBatis mapper was found in '[com.tsing.mapper]' package. Please check your configuration.
[WARN ][2025-06-05 15:55:08.936][][com.alibaba.cloud.nacos.client.NacosPropertySourceBuilder] - Ignore the empty nacos configuration and get it based on dataId[capture-simulator] & group[DEFAULT_GROUP]
[WARN ][2025-06-05 15:55:08.965][][com.alibaba.cloud.nacos.client.NacosPropertySourceBuilder] - Ignore the empty nacos configuration and get it based on dataId[capture-simulator.yml] & group[DEFAULT_GROUP]
[WARN ][2025-06-05 15:55:09.260][][org.mybatis.spring.mapper.ClassPathMapperScanner] - Skipping MapperFactoryBean with name 'configMapper' and 'com.tsing.mapper.ConfigMapper' mapperInterface. Bean already defined with the same name!
[WARN ][2025-06-05 15:55:09.260][][org.mybatis.spring.mapper.ClassPathMapperScanner] - Skipping MapperFactoryBean with name 'deviceMapper' and 'com.tsing.mapper.DeviceMapper' mapperInterface. Bean already defined with the same name!
[WARN ][2025-06-05 15:55:09.260][][org.mybatis.spring.mapper.ClassPathMapperScanner] - Skipping MapperFactoryBean with name 'libraryDetailMapper' and 'com.tsing.mapper.LibraryDetailMapper' mapperInterface. Bean already defined with the same name!
[WARN ][2025-06-05 15:55:09.260][][org.mybatis.spring.mapper.ClassPathMapperScanner] - Skipping MapperFactoryBean with name 'libraryMapper' and 'com.tsing.mapper.LibraryMapper' mapperInterface. Bean already defined with the same name!
[WARN ][2025-06-05 15:55:09.260][][org.mybatis.spring.mapper.ClassPathMapperScanner] - Skipping MapperFactoryBean with name 'taskLogMapper' and 'com.tsing.mapper.TaskLogMapper' mapperInterface. Bean already defined with the same name!
[WARN ][2025-06-05 15:55:09.260][][org.mybatis.spring.mapper.ClassPathMapperScanner] - Skipping MapperFactoryBean with name 'taskMapper' and 'com.tsing.mapper.TaskMapper' mapperInterface. Bean already defined with the same name!
[WARN ][2025-06-05 15:55:09.261][][org.mybatis.spring.mapper.ClassPathMapperScanner] - No MyBatis mapper was found in '[com.tsing.mapper]' package. Please check your configuration.
[WARN ][2025-06-05 16:17:07.701][][com.alibaba.cloud.nacos.client.NacosPropertySourceBuilder] - Ignore the empty nacos configuration and get it based on dataId[capture-simulator] & group[DEFAULT_GROUP]
[WARN ][2025-06-05 16:17:07.730][][com.alibaba.cloud.nacos.client.NacosPropertySourceBuilder] - Ignore the empty nacos configuration and get it based on dataId[capture-simulator.yml] & group[DEFAULT_GROUP]
[WARN ][2025-06-05 16:17:08.339][][org.mybatis.spring.mapper.ClassPathMapperScanner] - Skipping MapperFactoryBean with name 'configMapper' and 'com.tsing.mapper.ConfigMapper' mapperInterface. Bean already defined with the same name!
[WARN ][2025-06-05 16:17:08.339][][org.mybatis.spring.mapper.ClassPathMapperScanner] - Skipping MapperFactoryBean with name 'deviceMapper' and 'com.tsing.mapper.DeviceMapper' mapperInterface. Bean already defined with the same name!
[WARN ][2025-06-05 16:17:08.339][][org.mybatis.spring.mapper.ClassPathMapperScanner] - Skipping MapperFactoryBean with name 'libraryDetailMapper' and 'com.tsing.mapper.LibraryDetailMapper' mapperInterface. Bean already defined with the same name!
[WARN ][2025-06-05 16:17:08.339][][org.mybatis.spring.mapper.ClassPathMapperScanner] - Skipping MapperFactoryBean with name 'libraryMapper' and 'com.tsing.mapper.LibraryMapper' mapperInterface. Bean already defined with the same name!
[WARN ][2025-06-05 16:17:08.339][][org.mybatis.spring.mapper.ClassPathMapperScanner] - Skipping MapperFactoryBean with name 'taskLogMapper' and 'com.tsing.mapper.TaskLogMapper' mapperInterface. Bean already defined with the same name!
[WARN ][2025-06-05 16:17:08.339][][org.mybatis.spring.mapper.ClassPathMapperScanner] - Skipping MapperFactoryBean with name 'taskMapper' and 'com.tsing.mapper.TaskMapper' mapperInterface. Bean already defined with the same name!
[WARN ][2025-06-05 16:17:08.339][][org.mybatis.spring.mapper.ClassPathMapperScanner] - No MyBatis mapper was found in '[com.tsing.mapper]' package. Please check your configuration.
[WARN ][2025-06-05 16:19:52.858][][com.alibaba.cloud.nacos.client.NacosPropertySourceBuilder] - Ignore the empty nacos configuration and get it based on dataId[capture-simulator-local] & group[DEFAULT_GROUP]
[WARN ][2025-06-05 16:19:52.888][][com.alibaba.cloud.nacos.client.NacosPropertySourceBuilder] - Ignore the empty nacos configuration and get it based on dataId[capture-simulator-local.yml] & group[DEFAULT_GROUP]
[WARN ][2025-06-05 16:19:52.916][][com.alibaba.cloud.nacos.client.NacosPropertySourceBuilder] - Ignore the empty nacos configuration and get it based on dataId[capture-simulator-local-dev.yml] & group[DEFAULT_GROUP]
[WARN ][2025-06-05 16:25:50.551][][com.alibaba.cloud.nacos.client.NacosPropertySourceBuilder] - Ignore the empty nacos configuration and get it based on dataId[capture-simulator-local] & group[DEFAULT_GROUP]
[WARN ][2025-06-05 16:25:50.578][][com.alibaba.cloud.nacos.client.NacosPropertySourceBuilder] - Ignore the empty nacos configuration and get it based on dataId[capture-simulator-local.yml] & group[DEFAULT_GROUP]
[WARN ][2025-06-05 16:25:50.605][][com.alibaba.cloud.nacos.client.NacosPropertySourceBuilder] - Ignore the empty nacos configuration and get it based on dataId[capture-simulator-local-dev.yml] & group[DEFAULT_GROUP]
[WARN ][2025-06-05 16:25:50.985][][org.mybatis.spring.mapper.ClassPathMapperScanner] - Skipping MapperFactoryBean with name 'configMapper' and 'com.tsing.mapper.ConfigMapper' mapperInterface. Bean already defined with the same name!
[WARN ][2025-06-05 16:25:50.985][][org.mybatis.spring.mapper.ClassPathMapperScanner] - Skipping MapperFactoryBean with name 'deviceMapper' and 'com.tsing.mapper.DeviceMapper' mapperInterface. Bean already defined with the same name!
[WARN ][2025-06-05 16:25:50.985][][org.mybatis.spring.mapper.ClassPathMapperScanner] - Skipping MapperFactoryBean with name 'libraryDetailMapper' and 'com.tsing.mapper.LibraryDetailMapper' mapperInterface. Bean already defined with the same name!
[WARN ][2025-06-05 16:25:50.985][][org.mybatis.spring.mapper.ClassPathMapperScanner] - Skipping MapperFactoryBean with name 'libraryMapper' and 'com.tsing.mapper.LibraryMapper' mapperInterface. Bean already defined with the same name!
[WARN ][2025-06-05 16:25:50.985][][org.mybatis.spring.mapper.ClassPathMapperScanner] - Skipping MapperFactoryBean with name 'taskLogMapper' and 'com.tsing.mapper.TaskLogMapper' mapperInterface. Bean already defined with the same name!
[WARN ][2025-06-05 16:25:50.985][][org.mybatis.spring.mapper.ClassPathMapperScanner] - Skipping MapperFactoryBean with name 'taskMapper' and 'com.tsing.mapper.TaskMapper' mapperInterface. Bean already defined with the same name!
[WARN ][2025-06-05 16:25:50.986][][org.mybatis.spring.mapper.ClassPathMapperScanner] - No MyBatis mapper was found in '[com.tsing.mapper]' package. Please check your configuration.
[WARN ][2025-06-05 16:26:07.457][][com.alibaba.cloud.nacos.client.NacosPropertySourceBuilder] - Ignore the empty nacos configuration and get it based on dataId[capture-simulator] & group[DEFAULT_GROUP]
[WARN ][2025-06-05 16:26:07.484][][com.alibaba.cloud.nacos.client.NacosPropertySourceBuilder] - Ignore the empty nacos configuration and get it based on dataId[capture-simulator.yml] & group[DEFAULT_GROUP]
[WARN ][2025-06-05 16:26:07.801][][org.mybatis.spring.mapper.ClassPathMapperScanner] - Skipping MapperFactoryBean with name 'configMapper' and 'com.tsing.mapper.ConfigMapper' mapperInterface. Bean already defined with the same name!
[WARN ][2025-06-05 16:26:07.801][][org.mybatis.spring.mapper.ClassPathMapperScanner] - Skipping MapperFactoryBean with name 'deviceMapper' and 'com.tsing.mapper.DeviceMapper' mapperInterface. Bean already defined with the same name!
[WARN ][2025-06-05 16:26:07.801][][org.mybatis.spring.mapper.ClassPathMapperScanner] - Skipping MapperFactoryBean with name 'libraryDetailMapper' and 'com.tsing.mapper.LibraryDetailMapper' mapperInterface. Bean already defined with the same name!
[WARN ][2025-06-05 16:26:07.801][][org.mybatis.spring.mapper.ClassPathMapperScanner] - Skipping MapperFactoryBean with name 'libraryMapper' and 'com.tsing.mapper.LibraryMapper' mapperInterface. Bean already defined with the same name!
[WARN ][2025-06-05 16:26:07.801][][org.mybatis.spring.mapper.ClassPathMapperScanner] - Skipping MapperFactoryBean with name 'taskLogMapper' and 'com.tsing.mapper.TaskLogMapper' mapperInterface. Bean already defined with the same name!
[WARN ][2025-06-05 16:26:07.801][][org.mybatis.spring.mapper.ClassPathMapperScanner] - Skipping MapperFactoryBean with name 'taskMapper' and 'com.tsing.mapper.TaskMapper' mapperInterface. Bean already defined with the same name!
[WARN ][2025-06-05 16:26:07.801][][org.mybatis.spring.mapper.ClassPathMapperScanner] - No MyBatis mapper was found in '[com.tsing.mapper]' package. Please check your configuration.
[WARN ][2025-06-05 16:28:08.887][][com.alibaba.cloud.nacos.client.NacosPropertySourceBuilder] - Ignore the empty nacos configuration and get it based on dataId[capture-simulator] & group[DEFAULT_GROUP]
[WARN ][2025-06-05 16:28:08.914][][com.alibaba.cloud.nacos.client.NacosPropertySourceBuilder] - Ignore the empty nacos configuration and get it based on dataId[capture-simulator.yml] & group[DEFAULT_GROUP]
[WARN ][2025-06-05 16:28:09.407][][org.mybatis.spring.mapper.ClassPathMapperScanner] - Skipping MapperFactoryBean with name 'configMapper' and 'com.tsing.mapper.ConfigMapper' mapperInterface. Bean already defined with the same name!
[WARN ][2025-06-05 16:28:09.408][][org.mybatis.spring.mapper.ClassPathMapperScanner] - Skipping MapperFactoryBean with name 'deviceMapper' and 'com.tsing.mapper.DeviceMapper' mapperInterface. Bean already defined with the same name!
[WARN ][2025-06-05 16:28:09.408][][org.mybatis.spring.mapper.ClassPathMapperScanner] - Skipping MapperFactoryBean with name 'libraryDetailMapper' and 'com.tsing.mapper.LibraryDetailMapper' mapperInterface. Bean already defined with the same name!
[WARN ][2025-06-05 16:28:09.408][][org.mybatis.spring.mapper.ClassPathMapperScanner] - Skipping MapperFactoryBean with name 'libraryMapper' and 'com.tsing.mapper.LibraryMapper' mapperInterface. Bean already defined with the same name!
[WARN ][2025-06-05 16:28:09.408][][org.mybatis.spring.mapper.ClassPathMapperScanner] - Skipping MapperFactoryBean with name 'taskLogMapper' and 'com.tsing.mapper.TaskLogMapper' mapperInterface. Bean already defined with the same name!
[WARN ][2025-06-05 16:28:09.408][][org.mybatis.spring.mapper.ClassPathMapperScanner] - Skipping MapperFactoryBean with name 'taskMapper' and 'com.tsing.mapper.TaskMapper' mapperInterface. Bean already defined with the same name!
[WARN ][2025-06-05 16:28:09.408][][org.mybatis.spring.mapper.ClassPathMapperScanner] - No MyBatis mapper was found in '[com.tsing.mapper]' package. Please check your configuration.
[WARN ][2025-06-05 16:28:51.853][][com.alibaba.cloud.nacos.client.NacosPropertySourceBuilder] - Ignore the empty nacos configuration and get it based on dataId[capture-simulator] & group[DEFAULT_GROUP]
[WARN ][2025-06-05 16:28:51.884][][com.alibaba.cloud.nacos.client.NacosPropertySourceBuilder] - Ignore the empty nacos configuration and get it based on dataId[capture-simulator.yml] & group[DEFAULT_GROUP]
[WARN ][2025-06-05 16:28:52.255][][org.mybatis.spring.mapper.ClassPathMapperScanner] - Skipping MapperFactoryBean with name 'configMapper' and 'com.tsing.mapper.ConfigMapper' mapperInterface. Bean already defined with the same name!
[WARN ][2025-06-05 16:28:52.255][][org.mybatis.spring.mapper.ClassPathMapperScanner] - Skipping MapperFactoryBean with name 'deviceMapper' and 'com.tsing.mapper.DeviceMapper' mapperInterface. Bean already defined with the same name!
[WARN ][2025-06-05 16:28:52.255][][org.mybatis.spring.mapper.ClassPathMapperScanner] - Skipping MapperFactoryBean with name 'libraryDetailMapper' and 'com.tsing.mapper.LibraryDetailMapper' mapperInterface. Bean already defined with the same name!
[WARN ][2025-06-05 16:28:52.255][][org.mybatis.spring.mapper.ClassPathMapperScanner] - Skipping MapperFactoryBean with name 'libraryMapper' and 'com.tsing.mapper.LibraryMapper' mapperInterface. Bean already defined with the same name!
[WARN ][2025-06-05 16:28:52.255][][org.mybatis.spring.mapper.ClassPathMapperScanner] - Skipping MapperFactoryBean with name 'taskLogMapper' and 'com.tsing.mapper.TaskLogMapper' mapperInterface. Bean already defined with the same name!
[WARN ][2025-06-05 16:28:52.255][][org.mybatis.spring.mapper.ClassPathMapperScanner] - Skipping MapperFactoryBean with name 'taskMapper' and 'com.tsing.mapper.TaskMapper' mapperInterface. Bean already defined with the same name!
[WARN ][2025-06-05 16:28:52.255][][org.mybatis.spring.mapper.ClassPathMapperScanner] - No MyBatis mapper was found in '[com.tsing.mapper]' package. Please check your configuration.
[WARN ][2025-06-05 16:48:50.828][][com.alibaba.cloud.nacos.client.NacosPropertySourceBuilder] - Ignore the empty nacos configuration and get it based on dataId[capture-simulator] & group[DEFAULT_GROUP]
[WARN ][2025-06-05 16:48:50.918][][com.alibaba.cloud.nacos.client.NacosPropertySourceBuilder] - Ignore the empty nacos configuration and get it based on dataId[capture-simulator.yml] & group[DEFAULT_GROUP]
[WARN ][2025-06-05 16:48:51.251][][org.mybatis.spring.mapper.ClassPathMapperScanner] - Skipping MapperFactoryBean with name 'configMapper' and 'com.tsing.mapper.ConfigMapper' mapperInterface. Bean already defined with the same name!
[WARN ][2025-06-05 16:48:51.251][][org.mybatis.spring.mapper.ClassPathMapperScanner] - Skipping MapperFactoryBean with name 'deviceMapper' and 'com.tsing.mapper.DeviceMapper' mapperInterface. Bean already defined with the same name!
[WARN ][2025-06-05 16:48:51.251][][org.mybatis.spring.mapper.ClassPathMapperScanner] - Skipping MapperFactoryBean with name 'libraryDetailMapper' and 'com.tsing.mapper.LibraryDetailMapper' mapperInterface. Bean already defined with the same name!
[WARN ][2025-06-05 16:48:51.251][][org.mybatis.spring.mapper.ClassPathMapperScanner] - Skipping MapperFactoryBean with name 'libraryMapper' and 'com.tsing.mapper.LibraryMapper' mapperInterface. Bean already defined with the same name!
[WARN ][2025-06-05 16:48:51.251][][org.mybatis.spring.mapper.ClassPathMapperScanner] - Skipping MapperFactoryBean with name 'taskLogMapper' and 'com.tsing.mapper.TaskLogMapper' mapperInterface. Bean already defined with the same name!
[WARN ][2025-06-05 16:48:51.251][][org.mybatis.spring.mapper.ClassPathMapperScanner] - Skipping MapperFactoryBean with name 'taskMapper' and 'com.tsing.mapper.TaskMapper' mapperInterface. Bean already defined with the same name!
[WARN ][2025-06-05 16:48:51.251][][org.mybatis.spring.mapper.ClassPathMapperScanner] - No MyBatis mapper was found in '[com.tsing.mapper]' package. Please check your configuration.
[WARN ][2025-06-05 16:52:36.519][][com.alibaba.cloud.nacos.client.NacosPropertySourceBuilder] - Ignore the empty nacos configuration and get it based on dataId[capture-simulator] & group[DEFAULT_GROUP]
[WARN ][2025-06-05 16:52:36.546][][com.alibaba.cloud.nacos.client.NacosPropertySourceBuilder] - Ignore the empty nacos configuration and get it based on dataId[capture-simulator.yml] & group[DEFAULT_GROUP]
[WARN ][2025-06-05 16:52:37.038][][org.mybatis.spring.mapper.ClassPathMapperScanner] - Skipping MapperFactoryBean with name 'configMapper' and 'com.tsing.mapper.ConfigMapper' mapperInterface. Bean already defined with the same name!
[WARN ][2025-06-05 16:52:37.038][][org.mybatis.spring.mapper.ClassPathMapperScanner] - Skipping MapperFactoryBean with name 'deviceMapper' and 'com.tsing.mapper.DeviceMapper' mapperInterface. Bean already defined with the same name!
[WARN ][2025-06-05 16:52:37.038][][org.mybatis.spring.mapper.ClassPathMapperScanner] - Skipping MapperFactoryBean with name 'libraryDetailMapper' and 'com.tsing.mapper.LibraryDetailMapper' mapperInterface. Bean already defined with the same name!
[WARN ][2025-06-05 16:52:37.038][][org.mybatis.spring.mapper.ClassPathMapperScanner] - Skipping MapperFactoryBean with name 'libraryMapper' and 'com.tsing.mapper.LibraryMapper' mapperInterface. Bean already defined with the same name!
[WARN ][2025-06-05 16:52:37.038][][org.mybatis.spring.mapper.ClassPathMapperScanner] - Skipping MapperFactoryBean with name 'taskLogMapper' and 'com.tsing.mapper.TaskLogMapper' mapperInterface. Bean already defined with the same name!
[WARN ][2025-06-05 16:52:37.038][][org.mybatis.spring.mapper.ClassPathMapperScanner] - Skipping MapperFactoryBean with name 'taskMapper' and 'com.tsing.mapper.TaskMapper' mapperInterface. Bean already defined with the same name!
[WARN ][2025-06-05 16:52:37.038][][org.mybatis.spring.mapper.ClassPathMapperScanner] - No MyBatis mapper was found in '[com.tsing.mapper]' package. Please check your configuration.
[WARN ][2025-06-05 16:55:48.072][][com.alibaba.cloud.nacos.client.NacosPropertySourceBuilder] - Ignore the empty nacos configuration and get it based on dataId[capture-simulator] & group[DEFAULT_GROUP]
[WARN ][2025-06-05 16:55:48.099][][com.alibaba.cloud.nacos.client.NacosPropertySourceBuilder] - Ignore the empty nacos configuration and get it based on dataId[capture-simulator.yml] & group[DEFAULT_GROUP]
[WARN ][2025-06-05 16:55:48.410][][org.mybatis.spring.mapper.ClassPathMapperScanner] - Skipping MapperFactoryBean with name 'configMapper' and 'com.tsing.mapper.ConfigMapper' mapperInterface. Bean already defined with the same name!
[WARN ][2025-06-05 16:55:48.410][][org.mybatis.spring.mapper.ClassPathMapperScanner] - Skipping MapperFactoryBean with name 'deviceMapper' and 'com.tsing.mapper.DeviceMapper' mapperInterface. Bean already defined with the same name!
[WARN ][2025-06-05 16:55:48.410][][org.mybatis.spring.mapper.ClassPathMapperScanner] - Skipping MapperFactoryBean with name 'libraryDetailMapper' and 'com.tsing.mapper.LibraryDetailMapper' mapperInterface. Bean already defined with the same name!
[WARN ][2025-06-05 16:55:48.410][][org.mybatis.spring.mapper.ClassPathMapperScanner] - Skipping MapperFactoryBean with name 'libraryMapper' and 'com.tsing.mapper.LibraryMapper' mapperInterface. Bean already defined with the same name!
[WARN ][2025-06-05 16:55:48.410][][org.mybatis.spring.mapper.ClassPathMapperScanner] - Skipping MapperFactoryBean with name 'taskLogMapper' and 'com.tsing.mapper.TaskLogMapper' mapperInterface. Bean already defined with the same name!
[WARN ][2025-06-05 16:55:48.410][][org.mybatis.spring.mapper.ClassPathMapperScanner] - Skipping MapperFactoryBean with name 'taskMapper' and 'com.tsing.mapper.TaskMapper' mapperInterface. Bean already defined with the same name!
[WARN ][2025-06-05 16:55:48.410][][org.mybatis.spring.mapper.ClassPathMapperScanner] - No MyBatis mapper was found in '[com.tsing.mapper]' package. Please check your configuration.
[WARN ][2025-06-05 16:57:21.912][][com.alibaba.cloud.nacos.client.NacosPropertySourceBuilder] - Ignore the empty nacos configuration and get it based on dataId[capture-simulator] & group[DEFAULT_GROUP]
[WARN ][2025-06-05 16:57:21.939][][com.alibaba.cloud.nacos.client.NacosPropertySourceBuilder] - Ignore the empty nacos configuration and get it based on dataId[capture-simulator.yml] & group[DEFAULT_GROUP]
[WARN ][2025-06-05 16:57:22.377][][org.mybatis.spring.mapper.ClassPathMapperScanner] - Skipping MapperFactoryBean with name 'configMapper' and 'com.tsing.mapper.ConfigMapper' mapperInterface. Bean already defined with the same name!
[WARN ][2025-06-05 16:57:22.377][][org.mybatis.spring.mapper.ClassPathMapperScanner] - Skipping MapperFactoryBean with name 'deviceMapper' and 'com.tsing.mapper.DeviceMapper' mapperInterface. Bean already defined with the same name!
[WARN ][2025-06-05 16:57:22.377][][org.mybatis.spring.mapper.ClassPathMapperScanner] - Skipping MapperFactoryBean with name 'libraryDetailMapper' and 'com.tsing.mapper.LibraryDetailMapper' mapperInterface. Bean already defined with the same name!
[WARN ][2025-06-05 16:57:22.377][][org.mybatis.spring.mapper.ClassPathMapperScanner] - Skipping MapperFactoryBean with name 'libraryMapper' and 'com.tsing.mapper.LibraryMapper' mapperInterface. Bean already defined with the same name!
[WARN ][2025-06-05 16:57:22.377][][org.mybatis.spring.mapper.ClassPathMapperScanner] - Skipping MapperFactoryBean with name 'taskLogMapper' and 'com.tsing.mapper.TaskLogMapper' mapperInterface. Bean already defined with the same name!
[WARN ][2025-06-05 16:57:22.377][][org.mybatis.spring.mapper.ClassPathMapperScanner] - Skipping MapperFactoryBean with name 'taskMapper' and 'com.tsing.mapper.TaskMapper' mapperInterface. Bean already defined with the same name!
[WARN ][2025-06-05 16:57:22.378][][org.mybatis.spring.mapper.ClassPathMapperScanner] - No MyBatis mapper was found in '[com.tsing.mapper]' package. Please check your configuration.
