[INFO ][2025-05-30 14:32:56.751][][com.tsing.controller.DeviceController] - 获取设备缓存列表
[INFO ][2025-05-30 14:32:57.128][][com.tsing.controller.LibraryController] - 查询全部库列表
[INFO ][2025-05-30 14:32:57.165][][com.tsing.controller.TaskController] - 分页查询任务: page=1, size=10
[INFO ][2025-05-30 14:33:05.684][][com.tsing.controller.DeviceController] - 获取设备缓存列表
[INFO ][2025-05-30 14:33:07.584][][com.tsing.controller.DeviceController] - 获取设备缓存列表
[INFO ][2025-05-30 14:33:07.835][][com.tsing.controller.LibraryController] - 查询全部库列表
[INFO ][2025-05-30 14:33:07.890][][com.tsing.controller.TaskController] - 分页查询任务: page=1, size=10
[INFO ][2025-05-30 15:04:40.127][][com.tsing.controller.TaskController] - 批量启动任务: {ids=[1]}
[INFO ][2025-05-30 15:04:41.503][][com.tsing.controller.TaskController] - 分页查询任务: page=1, size=10
[INFO ][2025-05-30 15:22:54.223][][com.alibaba.cloud.nacos.registry.NacosServiceRegistry] - De-registering from Nacos Server now...
[INFO ][2025-05-30 15:27:24.791][][com.tsing.CaptureSimulatorApplication] - The following profiles are active: dev
[INFO ][2025-05-30 15:28:24.978][][com.tsing.CaptureSimulatorApplication] - No active profile set, falling back to default profiles: default
[INFO ][2025-05-30 15:29:48.487][][com.tsing.CaptureSimulatorApplication] - The following profiles are active: dev
[INFO ][2025-05-30 15:30:30.749][][com.tsing.CaptureSimulatorApplication] - The following profiles are active: dev
[INFO ][2025-05-30 15:30:31.238][][com.alibaba.druid.spring.boot.autoconfigure.DruidDataSourceAutoConfigure] - Init DruidDataSource
[INFO ][2025-05-30 15:30:31.304][][com.alibaba.druid.pool.DruidDataSource] - {dataSource-1} inited
[INFO ][2025-05-30 15:30:31.527][][com.tsing.service.DeviceCacheService] - 初始化设备缓存...
[INFO ][2025-05-30 15:31:03.305][][com.alibaba.cloud.nacos.registry.NacosServiceRegistry] - nacos registry, DEFAULT_GROUP capture-simulator 192.168.1.181:8111 register finished
[INFO ][2025-05-30 15:31:04.326][][com.tsing.CaptureSimulatorApplication] - Started CaptureSimulatorApplication in 36.329 seconds (JVM running for 36.565)
[INFO ][2025-05-30 15:31:43.259][][com.tsing.controller.DeviceController] - 获取设备缓存列表
[INFO ][2025-05-30 15:31:43.627][][com.tsing.controller.LibraryController] - 查询全部库列表
[INFO ][2025-05-30 15:31:43.695][][com.tsing.controller.TaskController] - 分页查询任务: page=1, size=10
[INFO ][2025-05-30 15:31:46.592][][com.tsing.controller.DeviceController] - 获取设备缓存列表
[INFO ][2025-05-30 15:31:48.094][][com.tsing.controller.DeviceController] - 获取设备缓存列表
[INFO ][2025-05-30 15:31:48.338][][com.tsing.controller.LibraryController] - 查询全部库列表
[INFO ][2025-05-30 15:31:48.403][][com.tsing.controller.TaskController] - 分页查询任务: page=1, size=10
[INFO ][2025-05-30 15:31:50.447][][com.tsing.controller.ConfigController] - 分页查询配置: page=1, size=10
[INFO ][2025-05-30 15:33:53.843][][com.alibaba.cloud.nacos.registry.NacosServiceRegistry] - De-registering from Nacos Server now...
[INFO ][2025-05-30 15:33:53.877][][com.alibaba.cloud.nacos.registry.NacosServiceRegistry] - De-registration finished.
[INFO ][2025-05-30 15:34:04.512][][com.alibaba.druid.pool.DruidDataSource] - {dataSource-1} closing ...
[INFO ][2025-05-30 15:34:04.515][][com.alibaba.druid.pool.DruidDataSource] - {dataSource-1} closed
[INFO ][2025-05-30 15:34:10.718][][com.tsing.CaptureSimulatorApplication] - The following profiles are active: dev
[INFO ][2025-05-30 15:34:11.164][][com.alibaba.druid.spring.boot.autoconfigure.DruidDataSourceAutoConfigure] - Init DruidDataSource
[INFO ][2025-05-30 15:34:11.229][][com.alibaba.druid.pool.DruidDataSource] - {dataSource-1} inited
[INFO ][2025-05-30 15:34:11.479][][com.tsing.service.DeviceCacheService] - 初始化设备缓存...
[INFO ][2025-05-30 15:34:28.820][][com.alibaba.cloud.nacos.registry.NacosServiceRegistry] - nacos registry, DEFAULT_GROUP capture-simulator 192.168.1.181:8111 register finished
[INFO ][2025-05-30 15:34:29.842][][com.tsing.CaptureSimulatorApplication] - Started CaptureSimulatorApplication in 22.102 seconds (JVM running for 22.622)
[INFO ][2025-05-30 15:36:22.976][][com.alibaba.cloud.nacos.registry.NacosServiceRegistry] - De-registering from Nacos Server now...
[INFO ][2025-05-30 15:36:23.008][][com.alibaba.cloud.nacos.registry.NacosServiceRegistry] - De-registration finished.
[INFO ][2025-05-30 15:36:27.731][][com.tsing.CaptureSimulatorApplication] - The following profiles are active: dev
[INFO ][2025-05-30 15:36:28.193][][com.alibaba.druid.spring.boot.autoconfigure.DruidDataSourceAutoConfigure] - Init DruidDataSource
[INFO ][2025-05-30 15:36:28.263][][com.alibaba.druid.pool.DruidDataSource] - {dataSource-1} inited
[INFO ][2025-05-30 15:36:28.497][][com.tsing.service.DeviceCacheService] - 初始化设备缓存...
[INFO ][2025-05-30 15:36:46.034][][com.alibaba.cloud.nacos.registry.NacosServiceRegistry] - nacos registry, DEFAULT_GROUP capture-simulator 192.168.1.181:8111 register finished
[INFO ][2025-05-30 15:36:47.075][][com.tsing.CaptureSimulatorApplication] - Started CaptureSimulatorApplication in 22.163 seconds (JVM running for 22.935)
[INFO ][2025-05-30 15:36:56.187][][com.tsing.controller.DeviceController] - 获取设备缓存列表
[INFO ][2025-05-30 15:36:56.667][][com.tsing.controller.LibraryController] - 查询全部库列表
[INFO ][2025-05-30 15:36:56.704][][com.tsing.controller.TaskController] - 分页查询任务: page=1, size=10
[INFO ][2025-05-30 15:37:06.600][][com.tsing.controller.DeviceController] - 获取设备缓存列表
[INFO ][2025-05-30 15:37:06.881][][com.tsing.controller.LibraryController] - 查询全部库列表
[INFO ][2025-05-30 15:37:06.988][][com.tsing.controller.TaskController] - 分页查询任务: page=1, size=10
[INFO ][2025-05-30 15:37:08.994][][com.tsing.controller.ConfigController] - 分页查询配置: page=1, size=10
[INFO ][2025-05-30 15:37:10.689][][com.tsing.controller.DeviceController] - 获取设备缓存列表
[INFO ][2025-05-30 15:37:10.981][][com.tsing.controller.LibraryController] - 查询全部库列表
[INFO ][2025-05-30 15:37:11.088][][com.tsing.controller.TaskController] - 分页查询任务: page=1, size=10
[INFO ][2025-05-30 15:37:11.996][][com.tsing.controller.ConfigController] - 分页查询配置: page=1, size=10
[INFO ][2025-05-30 15:37:13.769][][com.tsing.controller.DeviceController] - 获取设备缓存列表
[INFO ][2025-05-30 15:37:14.100][][com.tsing.controller.LibraryController] - 查询全部库列表
[INFO ][2025-05-30 15:37:14.188][][com.tsing.controller.TaskController] - 分页查询任务: page=1, size=10
[INFO ][2025-05-30 15:37:19.495][][com.tsing.controller.DeviceController] - 获取设备缓存列表
[INFO ][2025-05-30 15:37:19.942][][com.tsing.controller.LibraryController] - 查询全部库列表
[INFO ][2025-05-30 15:37:19.977][][com.tsing.controller.TaskController] - 分页查询任务: page=1, size=10
[INFO ][2025-05-30 15:37:21.417][][com.tsing.controller.TaskController] - 批量停止任务: {ids=[1]}
[INFO ][2025-05-30 15:37:21.698][][com.tsing.controller.TaskController] - 分页查询任务: page=1, size=10
[INFO ][2025-05-30 15:37:23.508][][com.tsing.controller.TaskController] - 批量启动任务: {ids=[2]}
[INFO ][2025-05-30 15:37:23.923][][com.tsing.controller.TaskController] - 分页查询任务: page=1, size=10
[INFO ][2025-05-30 15:37:26.356][][com.tsing.controller.TaskController] - 批量启动任务: {ids=[2]}
[INFO ][2025-05-30 15:37:26.701][][com.tsing.controller.TaskController] - 分页查询任务: page=1, size=10
[INFO ][2025-05-30 15:37:29.504][][com.tsing.controller.TaskController] - 批量启动任务: {ids=[2]}
[INFO ][2025-05-30 15:37:29.901][][com.tsing.controller.TaskController] - 分页查询任务: page=1, size=10
[INFO ][2025-05-30 15:37:30.876][][com.tsing.controller.TaskController] - 批量启动任务: {ids=[1]}
[INFO ][2025-05-30 15:37:31.200][][com.tsing.controller.TaskController] - 分页查询任务: page=1, size=10
[INFO ][2025-05-30 15:37:31.902][][com.tsing.controller.TaskController] - 批量启动任务: {ids=[3]}
[INFO ][2025-05-30 15:37:32.301][][com.tsing.controller.TaskController] - 分页查询任务: page=1, size=10
[INFO ][2025-05-30 15:37:32.588][][com.tsing.controller.TaskController] - 批量启动任务: {ids=[4]}
[INFO ][2025-05-30 15:37:33.199][][com.tsing.controller.TaskController] - 分页查询任务: page=1, size=10
[INFO ][2025-05-30 15:46:08.321][][com.alibaba.cloud.nacos.registry.NacosServiceRegistry] - De-registering from Nacos Server now...
[INFO ][2025-05-30 15:46:08.353][][com.alibaba.cloud.nacos.registry.NacosServiceRegistry] - De-registration finished.
[INFO ][2025-05-30 15:46:13.678][][com.tsing.CaptureSimulatorApplication] - The following profiles are active: dev
[INFO ][2025-05-30 15:46:14.391][][com.alibaba.druid.spring.boot.autoconfigure.DruidDataSourceAutoConfigure] - Init DruidDataSource
[INFO ][2025-05-30 15:46:14.494][][com.alibaba.druid.pool.DruidDataSource] - {dataSource-1} inited
[INFO ][2025-05-30 15:46:14.846][][com.tsing.service.DeviceCacheService] - 初始化设备缓存...
[INFO ][2025-05-30 15:46:32.270][][com.alibaba.cloud.nacos.registry.NacosServiceRegistry] - nacos registry, DEFAULT_GROUP capture-simulator 192.168.1.181:8111 register finished
[INFO ][2025-05-30 15:46:33.286][][com.tsing.CaptureSimulatorApplication] - Started CaptureSimulatorApplication in 22.315 seconds (JVM running for 22.619)
[INFO ][2025-05-30 15:46:38.388][][com.tsing.controller.DeviceController] - 获取设备缓存列表
[INFO ][2025-05-30 15:46:38.663][][com.tsing.controller.LibraryController] - 查询全部库列表
[INFO ][2025-05-30 15:46:38.699][][com.tsing.controller.TaskController] - 分页查询任务: page=1, size=10
[INFO ][2025-05-30 15:46:41.103][][com.tsing.controller.ConfigController] - 分页查询配置: page=1, size=10
[INFO ][2025-05-30 15:46:42.074][][com.tsing.controller.DeviceController] - 获取设备缓存列表
[INFO ][2025-05-30 15:46:42.502][][com.tsing.controller.LibraryController] - 查询全部库列表
[INFO ][2025-05-30 15:46:42.579][][com.tsing.controller.TaskController] - 分页查询任务: page=1, size=10
[INFO ][2025-05-30 15:46:49.417][][com.tsing.controller.DeviceController] - 获取设备缓存列表
[INFO ][2025-05-30 15:46:49.788][][com.tsing.controller.LibraryController] - 查询全部库列表
[INFO ][2025-05-30 15:46:49.880][][com.tsing.controller.TaskController] - 分页查询任务: page=1, size=10
[INFO ][2025-05-30 15:46:50.760][][com.tsing.controller.TaskController] - 批量启动任务: {ids=[1]}
[INFO ][2025-05-30 15:46:51.098][][com.tsing.controller.TaskController] - 分页查询任务: page=1, size=10
[INFO ][2025-05-30 15:51:48.410][][com.alibaba.cloud.nacos.registry.NacosServiceRegistry] - De-registering from Nacos Server now...
[INFO ][2025-05-30 15:51:48.448][][com.alibaba.cloud.nacos.registry.NacosServiceRegistry] - De-registration finished.
[INFO ][2025-05-30 15:51:53.818][][com.tsing.CaptureSimulatorApplication] - The following profiles are active: dev
[INFO ][2025-05-30 15:51:54.323][][com.alibaba.druid.spring.boot.autoconfigure.DruidDataSourceAutoConfigure] - Init DruidDataSource
[INFO ][2025-05-30 15:51:54.387][][com.alibaba.druid.pool.DruidDataSource] - {dataSource-1} inited
[INFO ][2025-05-30 15:51:54.623][][com.tsing.service.DeviceCacheService] - 初始化设备缓存...
[INFO ][2025-05-30 15:52:12.014][][com.alibaba.cloud.nacos.registry.NacosServiceRegistry] - nacos registry, DEFAULT_GROUP capture-simulator 192.168.1.181:8111 register finished
[INFO ][2025-05-30 15:52:13.031][][com.tsing.CaptureSimulatorApplication] - Started CaptureSimulatorApplication in 21.872 seconds (JVM running for 22.195)
[INFO ][2025-05-30 15:52:46.475][][com.tsing.controller.DeviceController] - 获取设备缓存列表
[INFO ][2025-05-30 15:52:46.831][][com.tsing.controller.LibraryController] - 查询全部库列表
[INFO ][2025-05-30 15:52:46.883][][com.tsing.controller.TaskController] - 分页查询任务: page=1, size=10
[INFO ][2025-05-30 15:52:49.086][][com.tsing.controller.DeviceController] - 获取设备缓存列表
[INFO ][2025-05-30 15:52:50.310][][com.tsing.controller.DeviceController] - 获取设备缓存列表
[INFO ][2025-05-30 15:52:50.551][][com.tsing.controller.LibraryController] - 查询全部库列表
[INFO ][2025-05-30 15:52:50.590][][com.tsing.controller.TaskController] - 分页查询任务: page=1, size=10
[INFO ][2025-05-30 15:52:52.795][][com.tsing.controller.ConfigController] - 分页查询配置: page=1, size=10
[INFO ][2025-05-30 15:52:56.269][][com.tsing.controller.DeviceController] - 获取设备缓存列表
[INFO ][2025-05-30 15:52:56.563][][com.tsing.controller.LibraryController] - 查询全部库列表
[INFO ][2025-05-30 15:52:56.679][][com.tsing.controller.TaskController] - 分页查询任务: page=1, size=10
[INFO ][2025-05-30 15:52:58.499][][com.tsing.controller.ConfigController] - 分页查询配置: page=1, size=10
[INFO ][2025-05-30 15:52:59.393][][com.tsing.controller.DeviceController] - 获取设备缓存列表
[INFO ][2025-05-30 15:52:59.881][][com.tsing.controller.LibraryController] - 查询全部库列表
[INFO ][2025-05-30 15:52:59.979][][com.tsing.controller.TaskController] - 分页查询任务: page=1, size=10
[INFO ][2025-05-30 15:53:02.009][][com.tsing.controller.TaskController] - 分页查询任务: page=1, size=10
[INFO ][2025-05-30 15:53:05.996][][com.tsing.controller.TaskController] - 分页查询任务: page=1, size=10
[INFO ][2025-05-30 15:53:47.001][][com.tsing.controller.DeviceController] - 缓存设备模糊搜索: keyword=a294dd37-07db-4935-bea1-22b60d0e6ad7
[INFO ][2025-05-30 15:56:48.317][][com.alibaba.cloud.nacos.registry.NacosServiceRegistry] - De-registering from Nacos Server now...
[INFO ][2025-05-30 15:56:48.355][][com.alibaba.cloud.nacos.registry.NacosServiceRegistry] - De-registration finished.
[INFO ][2025-05-30 15:56:52.242][][com.tsing.CaptureSimulatorApplication] - The following profiles are active: dev
[INFO ][2025-05-30 15:56:52.652][][com.alibaba.druid.spring.boot.autoconfigure.DruidDataSourceAutoConfigure] - Init DruidDataSource
[INFO ][2025-05-30 15:56:52.688][][com.alibaba.druid.pool.DruidDataSource] - {dataSource-1} inited
[INFO ][2025-05-30 15:56:52.902][][com.tsing.service.DeviceCacheService] - 初始化设备缓存...
[INFO ][2025-05-30 15:57:10.453][][com.alibaba.cloud.nacos.registry.NacosServiceRegistry] - nacos registry, DEFAULT_GROUP capture-simulator 192.168.1.181:8111 register finished
[INFO ][2025-05-30 15:57:11.477][][com.tsing.CaptureSimulatorApplication] - Started CaptureSimulatorApplication in 21.967 seconds (JVM running for 22.382)
[INFO ][2025-05-30 15:57:13.140][][com.tsing.controller.DeviceController] - 获取设备缓存列表
[INFO ][2025-05-30 15:57:13.495][][com.tsing.controller.LibraryController] - 查询全部库列表
[INFO ][2025-05-30 15:57:13.582][][com.tsing.controller.TaskController] - 分页查询任务: page=1, size=10
[INFO ][2025-05-30 15:57:15.801][][com.tsing.controller.TaskController] - 分页查询任务: page=1, size=10
[INFO ][2025-05-30 15:57:19.191][][com.tsing.controller.TaskController] - 分页查询任务: page=1, size=10
[INFO ][2025-05-30 15:57:31.902][][com.tsing.controller.DeviceController] - 缓存设备模糊搜索: keyword=a294dd37-07db-4935-bea1-22b60d0e6ad7
[INFO ][2025-05-30 15:57:38.469][][com.tsing.controller.TaskController] - 编辑任务: Task(id=1, taskName=模拟推流任务20250529, deviceId=a294dd37-07db-4935-bea1-22b60d0e6ad7, contentRef=1, pushRate=0 8 * * * ?, pushType=1, status=null, createdAt=null, updatedAt=null)
[INFO ][2025-05-30 15:57:38.718][][com.tsing.controller.TaskController] - 分页查询任务: page=1, size=10
[INFO ][2025-05-30 15:57:43.594][][com.tsing.controller.TaskController] - 分页查询任务: page=1, size=10
[INFO ][2025-05-30 15:57:48.589][][com.tsing.controller.TaskController] - 分页查询任务: page=1, size=10
[INFO ][2025-05-30 15:58:13.610][][com.tsing.controller.DeviceController] - 获取设备缓存列表
[INFO ][2025-05-30 15:58:13.998][][com.tsing.controller.LibraryController] - 查询全部库列表
[INFO ][2025-05-30 15:58:14.078][][com.tsing.controller.TaskController] - 分页查询任务: page=1, size=10
[INFO ][2025-05-30 15:58:23.694][][com.tsing.controller.TaskController] - 分页查询任务: page=1, size=10
[INFO ][2025-05-30 15:58:41.842][][com.tsing.controller.DeviceController] - 获取设备缓存列表
[INFO ][2025-05-30 15:58:42.226][][com.tsing.controller.LibraryController] - 查询全部库列表
[INFO ][2025-05-30 15:58:42.295][][com.tsing.controller.TaskController] - 分页查询任务: page=1, size=10
[INFO ][2025-05-30 15:58:55.376][][com.tsing.controller.DeviceController] - 获取设备缓存列表
[INFO ][2025-05-30 15:58:55.604][][com.tsing.controller.LibraryController] - 查询全部库列表
[INFO ][2025-05-30 15:58:55.681][][com.tsing.controller.TaskController] - 分页查询任务: page=1, size=10
[INFO ][2025-05-30 15:58:57.566][][com.tsing.controller.ConfigController] - 分页查询配置: page=1, size=10
[INFO ][2025-05-30 16:06:17.503][][com.tsing.controller.DeviceController] - 获取设备缓存列表
[INFO ][2025-05-30 16:06:17.847][][com.tsing.controller.LibraryController] - 查询全部库列表
[INFO ][2025-05-30 16:06:17.885][][com.tsing.controller.TaskController] - 分页查询任务: page=1, size=10
[INFO ][2025-05-30 16:06:21.056][][com.tsing.controller.DeviceController] - 缓存设备模糊搜索: keyword=a294dd37-07db-4935-bea1-22b60d0e6ad7
[INFO ][2025-05-30 16:18:04.151][][com.alibaba.cloud.nacos.registry.NacosServiceRegistry] - De-registering from Nacos Server now...
[INFO ][2025-05-30 16:18:04.192][][com.alibaba.cloud.nacos.registry.NacosServiceRegistry] - De-registration finished.
[INFO ][2025-05-30 16:18:11.071][][com.tsing.CaptureSimulatorApplication] - The following profiles are active: dev
[INFO ][2025-05-30 16:18:11.547][][com.alibaba.druid.spring.boot.autoconfigure.DruidDataSourceAutoConfigure] - Init DruidDataSource
[INFO ][2025-05-30 16:18:11.616][][com.alibaba.druid.pool.DruidDataSource] - {dataSource-1} inited
[INFO ][2025-05-30 16:18:11.832][][com.tsing.service.DeviceCacheService] - 初始化设备缓存...
[INFO ][2025-05-30 16:18:29.948][][com.alibaba.cloud.nacos.registry.NacosServiceRegistry] - nacos registry, DEFAULT_GROUP capture-simulator 192.168.1.124:8111 register finished
[INFO ][2025-05-30 16:18:30.958][][com.tsing.CaptureSimulatorApplication] - Started CaptureSimulatorApplication in 22.718 seconds (JVM running for 23.023)
[INFO ][2025-05-30 16:18:47.485][][com.tsing.controller.DeviceController] - 获取设备缓存列表
[INFO ][2025-05-30 16:18:47.962][][com.tsing.controller.LibraryController] - 查询全部库列表
[INFO ][2025-05-30 16:18:48.005][][com.tsing.controller.TaskController] - 分页查询任务: page=1, size=10
[INFO ][2025-05-30 16:18:56.798][][com.tsing.controller.TaskController] - 分页查询任务: page=1, size=10
[INFO ][2025-05-30 16:28:19.048][][com.alibaba.cloud.nacos.registry.NacosServiceRegistry] - De-registering from Nacos Server now...
[INFO ][2025-05-30 16:28:19.084][][com.alibaba.cloud.nacos.registry.NacosServiceRegistry] - De-registration finished.
[INFO ][2025-05-30 16:28:25.206][][com.tsing.CaptureSimulatorApplication] - The following profiles are active: dev
[INFO ][2025-05-30 16:28:25.710][][com.alibaba.druid.spring.boot.autoconfigure.DruidDataSourceAutoConfigure] - Init DruidDataSource
[INFO ][2025-05-30 16:28:25.780][][com.alibaba.druid.pool.DruidDataSource] - {dataSource-1} inited
[INFO ][2025-05-30 16:28:26.016][][com.tsing.service.DeviceCacheService] - 初始化设备缓存...
[INFO ][2025-05-30 16:28:43.849][][com.alibaba.cloud.nacos.registry.NacosServiceRegistry] - nacos registry, DEFAULT_GROUP capture-simulator 192.168.1.124:8111 register finished
[INFO ][2025-05-30 16:28:44.871][][com.tsing.CaptureSimulatorApplication] - Started CaptureSimulatorApplication in 22.309 seconds (JVM running for 22.663)
[INFO ][2025-05-30 16:28:56.351][][com.tsing.controller.DeviceController] - 获取设备缓存列表
[INFO ][2025-05-30 16:28:56.643][][com.tsing.controller.LibraryController] - 查询全部库列表
[INFO ][2025-05-30 16:28:56.697][][com.tsing.controller.TaskController] - 分页查询任务: page=1, size=10
[INFO ][2025-05-30 16:29:01.208][][com.tsing.controller.TaskController] - 分页查询任务: page=1, size=10
[INFO ][2025-05-30 16:29:12.931][][com.tsing.controller.DeviceController] - 缓存设备模糊搜索: keyword=16e04cab-4683-4c19-993d-ebec843facd4
[INFO ][2025-05-30 16:29:17.074][][com.tsing.controller.TaskController] - 编辑任务: Task(id=2, taskName=单图任务20250601, deviceId=16e04cab-4683-4c19-993d-ebec843facd4, contentRef=http://10.4.0.65:30098/buckets/hk1400/0962e0f82bf842f3a1b4de96fb5b238b.jpg, pushRate=0 20 * * * ?, pushType=0, status=null, createdAt=null, updatedAt=null)
[INFO ][2025-05-30 16:29:17.298][][com.tsing.controller.TaskController] - 分页查询任务: page=1, size=10
[INFO ][2025-05-30 16:29:24.514][][com.tsing.controller.DeviceController] - 缓存设备模糊搜索: keyword=55059e17-c7cd-48ed-970c-411d0b1a76a7
[INFO ][2025-05-30 16:29:27.803][][com.tsing.controller.TaskController] - 编辑任务: Task(id=3, taskName=模拟推流测试, deviceId=55059e17-c7cd-48ed-970c-411d0b1a76a7, contentRef=http://10.4.0.65:30098/buckets/hk1400/0962e0f82bf842f3a1b4de96fb5b238b.jpg, pushRate=0 8 * * * ?, pushType=0, status=null, createdAt=null, updatedAt=null)
[INFO ][2025-05-30 16:29:28.108][][com.tsing.controller.TaskController] - 分页查询任务: page=1, size=10
[INFO ][2025-05-30 16:29:30.513][][com.tsing.controller.TaskController] - 分页查询任务: page=1, size=10
[INFO ][2025-05-30 16:29:47.022][][com.tsing.controller.ConfigController] - 分页查询配置: page=1, size=10
[INFO ][2025-05-30 16:30:03.638][][com.alibaba.cloud.nacos.registry.NacosServiceRegistry] - De-registering from Nacos Server now...
[INFO ][2025-05-30 16:30:03.705][][com.alibaba.cloud.nacos.registry.NacosServiceRegistry] - De-registration finished.
[INFO ][2025-05-30 16:30:09.075][][com.tsing.CaptureSimulatorApplication] - The following profiles are active: dev
[INFO ][2025-05-30 16:30:09.573][][com.alibaba.druid.spring.boot.autoconfigure.DruidDataSourceAutoConfigure] - Init DruidDataSource
[INFO ][2025-05-30 16:30:09.642][][com.alibaba.druid.pool.DruidDataSource] - {dataSource-1} inited
[INFO ][2025-05-30 16:30:09.891][][com.tsing.service.DeviceCacheService] - 初始化设备缓存...
[INFO ][2025-05-30 16:30:27.577][][com.alibaba.cloud.nacos.registry.NacosServiceRegistry] - nacos registry, DEFAULT_GROUP capture-simulator 192.168.1.124:8111 register finished
[INFO ][2025-05-30 16:30:28.604][][com.tsing.CaptureSimulatorApplication] - Started CaptureSimulatorApplication in 22.636 seconds (JVM running for 23.076)
[INFO ][2025-05-30 16:33:27.199][][com.tsing.controller.ConfigController] - 分页查询配置: page=1, size=10
[INFO ][2025-05-30 16:33:28.918][][com.tsing.controller.DeviceController] - 获取设备缓存列表
[INFO ][2025-05-30 16:33:30.481][][com.tsing.controller.DeviceController] - 获取设备缓存列表
[INFO ][2025-05-30 16:33:30.875][][com.tsing.controller.LibraryController] - 查询全部库列表
[INFO ][2025-05-30 16:33:30.911][][com.tsing.controller.TaskController] - 分页查询任务: page=1, size=10
[INFO ][2025-05-30 16:33:49.554][][com.tsing.controller.DeviceController] - 获取设备缓存列表
[INFO ][2025-05-30 16:33:49.841][][com.tsing.controller.LibraryController] - 查询全部库列表
[INFO ][2025-05-30 16:33:49.889][][com.tsing.controller.TaskController] - 分页查询任务: page=1, size=10
[INFO ][2025-05-30 16:57:19.641][][com.alibaba.cloud.nacos.registry.NacosServiceRegistry] - De-registering from Nacos Server now...
[INFO ][2025-05-30 16:57:19.670][][com.alibaba.cloud.nacos.registry.NacosServiceRegistry] - De-registration finished.
[INFO ][2025-05-30 16:58:16.986][][com.tsing.CaptureSimulatorApplication] - The following profiles are active: dev
[INFO ][2025-05-30 16:58:17.444][][com.alibaba.druid.spring.boot.autoconfigure.DruidDataSourceAutoConfigure] - Init DruidDataSource
[INFO ][2025-05-30 16:58:17.506][][com.alibaba.druid.pool.DruidDataSource] - {dataSource-1} inited
[INFO ][2025-05-30 16:58:17.722][][com.tsing.service.DeviceCacheService] - 初始化设备缓存...
[INFO ][2025-05-30 16:58:34.945][][com.alibaba.cloud.nacos.registry.NacosServiceRegistry] - nacos registry, DEFAULT_GROUP capture-simulator 192.168.1.124:8111 register finished
[INFO ][2025-05-30 16:58:35.965][][com.tsing.CaptureSimulatorApplication] - Started CaptureSimulatorApplication in 21.688 seconds (JVM running for 21.962)
[INFO ][2025-05-30 16:59:09.928][][com.tsing.controller.DeviceController] - 获取设备缓存列表
[INFO ][2025-05-30 16:59:12.820][][com.tsing.controller.DeviceController] - 获取设备缓存列表
[INFO ][2025-05-30 16:59:13.057][][com.tsing.controller.LibraryController] - 查询全部库列表
[INFO ][2025-05-30 16:59:13.103][][com.tsing.controller.TaskController] - 分页查询任务: page=1, size=10
[INFO ][2025-05-30 16:59:16.688][][com.tsing.controller.TaskController] - 分页查询任务: page=1, size=10
[INFO ][2025-05-30 16:59:21.981][][com.tsing.controller.DeviceController] - 获取设备缓存列表
[INFO ][2025-05-30 16:59:22.246][][com.tsing.controller.LibraryController] - 查询全部库列表
[INFO ][2025-05-30 16:59:22.279][][com.tsing.controller.TaskController] - 分页查询任务: page=1, size=10
[INFO ][2025-05-30 17:00:02.867][][com.alibaba.cloud.nacos.registry.NacosServiceRegistry] - De-registering from Nacos Server now...
[INFO ][2025-05-30 17:00:02.903][][com.alibaba.cloud.nacos.registry.NacosServiceRegistry] - De-registration finished.
[INFO ][2025-05-30 17:00:06.929][][com.tsing.CaptureSimulatorApplication] - The following profiles are active: dev
[INFO ][2025-05-30 17:00:07.652][][com.alibaba.druid.spring.boot.autoconfigure.DruidDataSourceAutoConfigure] - Init DruidDataSource
[INFO ][2025-05-30 17:00:07.829][][com.alibaba.druid.pool.DruidDataSource] - {dataSource-1} inited
[INFO ][2025-05-30 17:00:08.234][][com.tsing.service.DeviceCacheService] - 初始化设备缓存...
[INFO ][2025-05-30 17:00:31.193][][com.alibaba.cloud.nacos.registry.NacosServiceRegistry] - nacos registry, DEFAULT_GROUP capture-simulator 192.168.1.124:8111 register finished
[INFO ][2025-05-30 17:00:32.216][][com.tsing.CaptureSimulatorApplication] - Started CaptureSimulatorApplication in 28.519 seconds (JVM running for 28.838)
[INFO ][2025-05-30 17:00:46.251][][com.tsing.controller.DeviceController] - 获取设备缓存列表
[INFO ][2025-05-30 17:00:46.640][][com.tsing.controller.LibraryController] - 查询全部库列表
[INFO ][2025-05-30 17:00:46.682][][com.tsing.controller.TaskController] - 分页查询任务: page=1, size=10
[INFO ][2025-05-30 17:00:48.762][][com.tsing.controller.DeviceController] - 获取设备缓存列表
[INFO ][2025-05-30 17:00:49.124][][com.tsing.controller.LibraryController] - 查询全部库列表
[INFO ][2025-05-30 17:00:49.179][][com.tsing.controller.TaskController] - 分页查询任务: page=1, size=10
[INFO ][2025-05-30 17:01:12.474][][com.tsing.controller.ConfigController] - 分页查询配置: page=1, size=10
[INFO ][2025-05-30 17:01:15.512][][com.tsing.controller.DeviceController] - 获取设备缓存列表
[INFO ][2025-05-30 17:01:15.884][][com.tsing.controller.LibraryController] - 查询全部库列表
[INFO ][2025-05-30 17:01:15.979][][com.tsing.controller.TaskController] - 分页查询任务: page=1, size=10
[INFO ][2025-05-30 17:01:18.493][][com.tsing.controller.TaskController] - 分页查询任务: page=1, size=10
[INFO ][2025-05-30 17:01:20.889][][com.tsing.controller.TaskController] - 分页查询任务: page=1, size=10
[INFO ][2025-05-30 17:01:26.014][][com.tsing.controller.DeviceController] - 获取设备缓存列表
[INFO ][2025-05-30 17:01:27.326][][com.tsing.controller.DeviceController] - 获取设备缓存列表
[INFO ][2025-05-30 17:01:27.563][][com.tsing.controller.LibraryController] - 查询全部库列表
[INFO ][2025-05-30 17:01:27.608][][com.tsing.controller.TaskController] - 分页查询任务: page=1, size=10
[INFO ][2025-05-30 17:01:30.632][][com.tsing.controller.ConfigController] - 分页查询配置: page=1, size=10
[INFO ][2025-05-30 17:01:32.612][][com.tsing.controller.DeviceController] - 获取设备缓存列表
[INFO ][2025-05-30 17:01:32.875][][com.tsing.controller.LibraryController] - 查询全部库列表
[INFO ][2025-05-30 17:01:32.978][][com.tsing.controller.TaskController] - 分页查询任务: page=1, size=10
[INFO ][2025-05-30 17:02:38.040][][com.tsing.controller.ConfigController] - 分页查询配置: page=1, size=10
[INFO ][2025-05-30 17:02:44.024][][com.tsing.controller.DeviceController] - 获取设备缓存列表
[INFO ][2025-05-30 17:02:48.660][][com.tsing.controller.DeviceController] - 获取设备缓存列表
[INFO ][2025-05-30 17:02:48.931][][com.tsing.controller.LibraryController] - 查询全部库列表
[INFO ][2025-05-30 17:02:48.981][][com.tsing.controller.TaskController] - 分页查询任务: page=1, size=10
[INFO ][2025-05-30 17:02:49.709][][com.tsing.controller.DeviceController] - 获取设备缓存列表
[INFO ][2025-05-30 17:03:23.173][][com.tsing.controller.DeviceController] - 获取设备缓存列表
[INFO ][2025-05-30 17:03:23.566][][com.tsing.controller.LibraryController] - 查询全部库列表
[INFO ][2025-05-30 17:03:23.608][][com.tsing.controller.TaskController] - 分页查询任务: page=1, size=10
[INFO ][2025-05-30 17:03:28.086][][com.tsing.controller.TaskController] - 分页查询任务: page=1, size=10
[INFO ][2025-05-30 17:03:41.212][][com.tsing.controller.DeviceController] - 缓存设备模糊搜索: keyword=55059e17-c7cd-48ed-970c-411d0b1a76a7
[INFO ][2025-05-30 17:03:56.657][][com.tsing.controller.DeviceController] - 缓存设备模糊搜索: keyword=55059e17-c7cd-48ed-970c-411d0b1a76a7
[INFO ][2025-05-30 17:04:03.099][][com.tsing.controller.ConfigController] - 分页查询配置: page=1, size=10
[INFO ][2025-05-30 17:04:04.872][][com.tsing.controller.DeviceController] - 获取设备缓存列表
[INFO ][2025-05-30 17:04:05.267][][com.tsing.controller.LibraryController] - 查询全部库列表
[INFO ][2025-05-30 17:04:05.378][][com.tsing.controller.TaskController] - 分页查询任务: page=1, size=10
[INFO ][2025-05-30 17:04:08.226][][com.tsing.controller.DeviceController] - 缓存设备模糊搜索: keyword=55059e17-c7cd-48ed-970c-411d0b1a76a7
[INFO ][2025-05-30 17:04:18.758][][com.tsing.controller.DeviceController] - 缓存设备模糊搜索: keyword=离线
[INFO ][2025-05-30 17:04:24.480][][com.tsing.controller.TaskController] - 新增任务: Task(id=null, taskName=模拟推流测试, deviceId=55059e17-c7cd-48ed-970c-411d0b1a76a7, contentRef=1, pushRate=0 0/5 * * * ?, pushType=1, status=0, createdAt=null, updatedAt=null)
[INFO ][2025-05-30 17:04:24.786][][com.tsing.controller.TaskController] - 分页查询任务: page=1, size=10
[INFO ][2025-05-30 17:04:29.548][][com.tsing.controller.DeviceController] - 缓存设备模糊搜索: keyword=55059e17-c7cd-48ed-970c-411d0b1a76a7
[INFO ][2025-05-30 17:04:33.480][][com.tsing.controller.TaskController] - 编辑任务: Task(id=5, taskName=模拟推流测试, deviceId=55059e17-c7cd-48ed-970c-411d0b1a76a7, contentRef=http://10.4.0.65:30098/buckets/hk1400/0962e0f82bf842f3a1b4de96fb5b238b.jpg, pushRate=0 0/5 * * * ?, pushType=0, status=null, createdAt=null, updatedAt=null)
[INFO ][2025-05-30 17:04:33.792][][com.tsing.controller.TaskController] - 分页查询任务: page=1, size=10
[INFO ][2025-05-30 17:04:39.400][][com.tsing.controller.DeviceController] - 缓存设备模糊搜索: keyword=55059e17-c7cd-48ed-970c-411d0b1a76a7
[INFO ][2025-05-30 17:04:55.332][][com.tsing.controller.DeviceController] - 缓存设备模糊搜索: keyword=55059e17-c7cd-48ed-970c-411d0b1a76a7
[INFO ][2025-05-30 17:05:00.321][][com.tsing.controller.TaskController] - 编辑任务: Task(id=3, taskName=模拟推流测试, deviceId=55059e17-c7cd-48ed-970c-411d0b1a76a7, contentRef=1, pushRate=0 8 * * * ?, pushType=1, status=null, createdAt=null, updatedAt=null)
[INFO ][2025-05-30 17:05:00.603][][com.tsing.controller.TaskController] - 分页查询任务: page=1, size=10
[INFO ][2025-05-30 17:08:12.016][][com.tsing.controller.DeviceController] - 缓存设备模糊搜索: keyword=55059e17-c7cd-48ed-970c-411d0b1a76a7
[INFO ][2025-05-30 17:08:14.424][][com.tsing.controller.TaskController] - 编辑任务: Task(id=5, taskName=模拟推流测试1, deviceId=55059e17-c7cd-48ed-970c-411d0b1a76a7, contentRef=http://10.4.0.65:30098/buckets/hk1400/0962e0f82bf842f3a1b4de96fb5b238b.jpg, pushRate=0 0/5 * * * ?, pushType=0, status=null, createdAt=null, updatedAt=null)
[INFO ][2025-05-30 17:08:14.793][][com.tsing.controller.TaskController] - 分页查询任务: page=1, size=10
[INFO ][2025-05-30 17:08:17.610][][com.tsing.controller.DeviceController] - 获取设备缓存列表
[INFO ][2025-05-30 17:08:17.882][][com.tsing.controller.LibraryController] - 查询全部库列表
[INFO ][2025-05-30 17:08:17.976][][com.tsing.controller.TaskController] - 分页查询任务: page=1, size=10
[INFO ][2025-05-30 17:08:21.617][][com.alibaba.cloud.nacos.registry.NacosServiceRegistry] - De-registering from Nacos Server now...
[INFO ][2025-05-30 17:08:21.700][][com.alibaba.cloud.nacos.registry.NacosServiceRegistry] - De-registration finished.
[INFO ][2025-05-30 17:08:26.165][][com.tsing.CaptureSimulatorApplication] - The following profiles are active: dev
[INFO ][2025-05-30 17:08:26.619][][com.alibaba.druid.spring.boot.autoconfigure.DruidDataSourceAutoConfigure] - Init DruidDataSource
[INFO ][2025-05-30 17:08:26.685][][com.alibaba.druid.pool.DruidDataSource] - {dataSource-1} inited
[INFO ][2025-05-30 17:08:26.911][][com.tsing.service.DeviceCacheService] - 初始化设备缓存...
[INFO ][2025-05-30 17:08:44.268][][com.alibaba.cloud.nacos.registry.NacosServiceRegistry] - nacos registry, DEFAULT_GROUP capture-simulator 192.168.1.124:8111 register finished
[INFO ][2025-05-30 17:08:45.279][][com.tsing.CaptureSimulatorApplication] - Started CaptureSimulatorApplication in 21.759 seconds (JVM running for 22.024)
[INFO ][2025-05-30 17:08:58.838][][com.tsing.controller.DeviceController] - 获取设备缓存列表
[INFO ][2025-05-30 17:08:59.116][][com.tsing.controller.LibraryController] - 查询全部库列表
[INFO ][2025-05-30 17:08:59.182][][com.tsing.controller.TaskController] - 分页查询任务: page=1, size=10
[INFO ][2025-05-30 17:10:12.499][][com.tsing.controller.DeviceController] - 缓存设备模糊搜索: keyword=55059e17-c7cd-48ed-970c-411d0b1a76a7
[INFO ][2025-05-30 17:10:14.686][][com.tsing.controller.TaskController] - 编辑任务: Task(id=3, taskName=模拟推流测试1, deviceId=55059e17-c7cd-48ed-970c-411d0b1a76a7, contentRef=1, pushRate=0 8 * * * ?, pushType=1, status=null, createdAt=null, updatedAt=null)
[INFO ][2025-05-30 17:10:21.947][][com.tsing.controller.DeviceController] - 缓存设备模糊搜索: keyword=55059e17-c7cd-48ed-970c-411d0b1a76a7
[INFO ][2025-05-30 17:10:27.034][][com.tsing.controller.DeviceController] - 获取设备缓存列表
[INFO ][2025-05-30 17:10:30.796][][com.tsing.controller.DeviceController] - 获取设备缓存列表
[INFO ][2025-05-30 17:10:31.146][][com.tsing.controller.LibraryController] - 查询全部库列表
[INFO ][2025-05-30 17:10:31.177][][com.tsing.controller.TaskController] - 分页查询任务: page=1, size=10
[INFO ][2025-05-30 18:42:25.932][][com.alibaba.cloud.nacos.registry.NacosServiceRegistry] - De-registering from Nacos Server now...
[INFO ][2025-05-30 18:42:25.977][][com.alibaba.cloud.nacos.registry.NacosServiceRegistry] - De-registration finished.
[INFO ][2025-05-30 18:42:35.185][][com.alibaba.druid.pool.DruidDataSource] - {dataSource-1} closing ...
[INFO ][2025-05-30 18:42:35.187][][com.alibaba.druid.pool.DruidDataSource] - {dataSource-1} closed
[INFO ][2025-05-30 18:42:40.508][][com.tsing.CaptureSimulatorApplication] - The following profiles are active: dev
[INFO ][2025-05-30 18:42:40.980][][com.alibaba.druid.spring.boot.autoconfigure.DruidDataSourceAutoConfigure] - Init DruidDataSource
[INFO ][2025-05-30 18:42:41.047][][com.alibaba.druid.pool.DruidDataSource] - {dataSource-1} inited
[INFO ][2025-05-30 18:42:41.307][][com.tsing.service.DeviceCacheService] - 初始化设备缓存...
[INFO ][2025-05-30 18:42:58.596][][com.alibaba.cloud.nacos.registry.NacosServiceRegistry] - nacos registry, DEFAULT_GROUP capture-simulator 192.168.1.124:8111 register finished
[INFO ][2025-05-30 18:42:59.620][][com.tsing.CaptureSimulatorApplication] - Started CaptureSimulatorApplication in 21.786 seconds (JVM running for 22.01)
[INFO ][2025-05-30 18:43:27.512][][com.tsing.controller.DeviceController] - 获取设备缓存列表
[INFO ][2025-05-30 18:43:27.766][][com.tsing.controller.LibraryController] - 查询全部库列表
[INFO ][2025-05-30 18:43:27.854][][com.tsing.controller.TaskController] - 分页查询任务: page=1, size=10
[INFO ][2025-05-30 19:22:35.762][][com.alibaba.cloud.nacos.registry.NacosServiceRegistry] - De-registering from Nacos Server now...
[INFO ][2025-05-30 19:22:35.792][][com.alibaba.cloud.nacos.registry.NacosServiceRegistry] - De-registration finished.
