[ERROR][2025-05-18 00:59:50.454][][com.alibaba.nacos.client.config.http.ServerHttpAgent] - [NACOS Exception httpPost] currentServerAddr: http://10.4.0.65:31080
java.io.IOException: Server returned HTTP response code: 502 for URL: http://10.4.0.65:31080/nacos/v1/cs/configs/listener
	at sun.reflect.NativeConstructorAccessorImpl.newInstance0(Native Method)
	at sun.reflect.NativeConstructorAccessorImpl.newInstance(NativeConstructorAccessorImpl.java:62)
	at sun.reflect.DelegatingConstructorAccessorImpl.newInstance(DelegatingConstructorAccessorImpl.java:45)
	at java.lang.reflect.Constructor.newInstance(Constructor.java:423)
	at sun.net.www.protocol.http.HttpURLConnection$10.run(HttpURLConnection.java:1967)
	at sun.net.www.protocol.http.HttpURLConnection$10.run(HttpURLConnection.java:1962)
	at java.security.AccessController.doPrivileged(Native Method)
	at sun.net.www.protocol.http.HttpURLConnection.getChainedException(HttpURLConnection.java:1961)
	at sun.net.www.protocol.http.HttpURLConnection.getInputStream0(HttpURLConnection.java:1531)
	at sun.net.www.protocol.http.HttpURLConnection.getInputStream(HttpURLConnection.java:1515)
	at com.alibaba.nacos.common.http.client.response.JdkHttpClientResponse.getBody(JdkHttpClientResponse.java:60)
	at com.alibaba.nacos.common.http.client.handler.AbstractResponseHandler.handleError(AbstractResponseHandler.java:51)
	at com.alibaba.nacos.common.http.client.handler.AbstractResponseHandler.handle(AbstractResponseHandler.java:44)
	at com.alibaba.nacos.common.http.client.NacosRestTemplate.execute(NacosRestTemplate.java:483)
	at com.alibaba.nacos.common.http.client.NacosRestTemplate.postForm(NacosRestTemplate.java:407)
	at com.alibaba.nacos.client.config.http.ServerHttpAgent.httpPost(ServerHttpAgent.java:154)
	at com.alibaba.nacos.client.config.http.MetricsHttpAgent.httpPost(MetricsHttpAgent.java:68)
	at com.alibaba.nacos.client.config.impl.ClientWorker.checkUpdateConfigStr(ClientWorker.java:465)
	at com.alibaba.nacos.client.config.impl.ClientWorker.checkUpdateDataIds(ClientWorker.java:432)
	at com.alibaba.nacos.client.config.impl.ClientWorker$LongPollingRunnable.run(ClientWorker.java:620)
	at java.util.concurrent.Executors$RunnableAdapter.call(Executors.java:511)
	at java.util.concurrent.FutureTask.run$$$capture(FutureTask.java:266)
	at java.util.concurrent.FutureTask.run(FutureTask.java)
	at java.util.concurrent.ScheduledThreadPoolExecutor$ScheduledFutureTask.access$201(ScheduledThreadPoolExecutor.java:180)
	at java.util.concurrent.ScheduledThreadPoolExecutor$ScheduledFutureTask.run(ScheduledThreadPoolExecutor.java:293)
	at java.util.concurrent.ThreadPoolExecutor.runWorker(ThreadPoolExecutor.java:1149)
	at java.util.concurrent.ThreadPoolExecutor$Worker.run(ThreadPoolExecutor.java:624)
	at java.lang.Thread.run(Thread.java:750)
Caused by: java.io.IOException: Server returned HTTP response code: 502 for URL: http://10.4.0.65:31080/nacos/v1/cs/configs/listener
	at sun.net.www.protocol.http.HttpURLConnection.getInputStream0(HttpURLConnection.java:1917)
	at sun.net.www.protocol.http.HttpURLConnection.getInputStream(HttpURLConnection.java:1515)
	at java.net.HttpURLConnection.getResponseCode(HttpURLConnection.java:480)
	at com.alibaba.nacos.common.http.client.response.JdkHttpClientResponse.getStatusCode(JdkHttpClientResponse.java:75)
	at com.alibaba.nacos.common.http.client.handler.AbstractResponseHandler.handle(AbstractResponseHandler.java:43)
	... 15 common frames omitted
[ERROR][2025-05-18 00:59:50.457][][com.alibaba.nacos.client.config.impl.ClientWorker] - [fixed-10.4.0.65_31080] [check-update] get changed dataId exception
java.io.IOException: Server returned HTTP response code: 502 for URL: http://10.4.0.65:31080/nacos/v1/cs/configs/listener
	at sun.reflect.NativeConstructorAccessorImpl.newInstance0(Native Method)
	at sun.reflect.NativeConstructorAccessorImpl.newInstance(NativeConstructorAccessorImpl.java:62)
	at sun.reflect.DelegatingConstructorAccessorImpl.newInstance(DelegatingConstructorAccessorImpl.java:45)
	at java.lang.reflect.Constructor.newInstance(Constructor.java:423)
	at sun.net.www.protocol.http.HttpURLConnection$10.run(HttpURLConnection.java:1967)
	at sun.net.www.protocol.http.HttpURLConnection$10.run(HttpURLConnection.java:1962)
	at java.security.AccessController.doPrivileged(Native Method)
	at sun.net.www.protocol.http.HttpURLConnection.getChainedException(HttpURLConnection.java:1961)
	at sun.net.www.protocol.http.HttpURLConnection.getInputStream0(HttpURLConnection.java:1531)
	at sun.net.www.protocol.http.HttpURLConnection.getInputStream(HttpURLConnection.java:1515)
	at com.alibaba.nacos.common.http.client.response.JdkHttpClientResponse.getBody(JdkHttpClientResponse.java:60)
	at com.alibaba.nacos.common.http.client.handler.AbstractResponseHandler.handleError(AbstractResponseHandler.java:51)
	at com.alibaba.nacos.common.http.client.handler.AbstractResponseHandler.handle(AbstractResponseHandler.java:44)
	at com.alibaba.nacos.common.http.client.NacosRestTemplate.execute(NacosRestTemplate.java:483)
	at com.alibaba.nacos.common.http.client.NacosRestTemplate.postForm(NacosRestTemplate.java:407)
	at com.alibaba.nacos.client.config.http.ServerHttpAgent.httpPost(ServerHttpAgent.java:154)
	at com.alibaba.nacos.client.config.http.MetricsHttpAgent.httpPost(MetricsHttpAgent.java:68)
	at com.alibaba.nacos.client.config.impl.ClientWorker.checkUpdateConfigStr(ClientWorker.java:465)
	at com.alibaba.nacos.client.config.impl.ClientWorker.checkUpdateDataIds(ClientWorker.java:432)
	at com.alibaba.nacos.client.config.impl.ClientWorker$LongPollingRunnable.run(ClientWorker.java:620)
	at java.util.concurrent.Executors$RunnableAdapter.call(Executors.java:511)
	at java.util.concurrent.FutureTask.run$$$capture(FutureTask.java:266)
	at java.util.concurrent.FutureTask.run(FutureTask.java)
	at java.util.concurrent.ScheduledThreadPoolExecutor$ScheduledFutureTask.access$201(ScheduledThreadPoolExecutor.java:180)
	at java.util.concurrent.ScheduledThreadPoolExecutor$ScheduledFutureTask.run(ScheduledThreadPoolExecutor.java:293)
	at java.util.concurrent.ThreadPoolExecutor.runWorker(ThreadPoolExecutor.java:1149)
	at java.util.concurrent.ThreadPoolExecutor$Worker.run(ThreadPoolExecutor.java:624)
	at java.lang.Thread.run(Thread.java:750)
Caused by: java.io.IOException: Server returned HTTP response code: 502 for URL: http://10.4.0.65:31080/nacos/v1/cs/configs/listener
	at sun.net.www.protocol.http.HttpURLConnection.getInputStream0(HttpURLConnection.java:1917)
	at sun.net.www.protocol.http.HttpURLConnection.getInputStream(HttpURLConnection.java:1515)
	at java.net.HttpURLConnection.getResponseCode(HttpURLConnection.java:480)
	at com.alibaba.nacos.common.http.client.response.JdkHttpClientResponse.getStatusCode(JdkHttpClientResponse.java:75)
	at com.alibaba.nacos.common.http.client.handler.AbstractResponseHandler.handle(AbstractResponseHandler.java:43)
	... 15 common frames omitted
[ERROR][2025-05-18 00:59:50.459][][com.alibaba.nacos.client.config.impl.ClientWorker] - longPolling error : 
java.io.IOException: Server returned HTTP response code: 502 for URL: http://10.4.0.65:31080/nacos/v1/cs/configs/listener
	at sun.reflect.NativeConstructorAccessorImpl.newInstance0(Native Method)
	at sun.reflect.NativeConstructorAccessorImpl.newInstance(NativeConstructorAccessorImpl.java:62)
	at sun.reflect.DelegatingConstructorAccessorImpl.newInstance(DelegatingConstructorAccessorImpl.java:45)
	at java.lang.reflect.Constructor.newInstance(Constructor.java:423)
	at sun.net.www.protocol.http.HttpURLConnection$10.run(HttpURLConnection.java:1967)
	at sun.net.www.protocol.http.HttpURLConnection$10.run(HttpURLConnection.java:1962)
	at java.security.AccessController.doPrivileged(Native Method)
	at sun.net.www.protocol.http.HttpURLConnection.getChainedException(HttpURLConnection.java:1961)
	at sun.net.www.protocol.http.HttpURLConnection.getInputStream0(HttpURLConnection.java:1531)
	at sun.net.www.protocol.http.HttpURLConnection.getInputStream(HttpURLConnection.java:1515)
	at com.alibaba.nacos.common.http.client.response.JdkHttpClientResponse.getBody(JdkHttpClientResponse.java:60)
	at com.alibaba.nacos.common.http.client.handler.AbstractResponseHandler.handleError(AbstractResponseHandler.java:51)
	at com.alibaba.nacos.common.http.client.handler.AbstractResponseHandler.handle(AbstractResponseHandler.java:44)
	at com.alibaba.nacos.common.http.client.NacosRestTemplate.execute(NacosRestTemplate.java:483)
	at com.alibaba.nacos.common.http.client.NacosRestTemplate.postForm(NacosRestTemplate.java:407)
	at com.alibaba.nacos.client.config.http.ServerHttpAgent.httpPost(ServerHttpAgent.java:154)
	at com.alibaba.nacos.client.config.http.MetricsHttpAgent.httpPost(MetricsHttpAgent.java:68)
	at com.alibaba.nacos.client.config.impl.ClientWorker.checkUpdateConfigStr(ClientWorker.java:465)
	at com.alibaba.nacos.client.config.impl.ClientWorker.checkUpdateDataIds(ClientWorker.java:432)
	at com.alibaba.nacos.client.config.impl.ClientWorker$LongPollingRunnable.run(ClientWorker.java:620)
	at java.util.concurrent.Executors$RunnableAdapter.call(Executors.java:511)
	at java.util.concurrent.FutureTask.run$$$capture(FutureTask.java:266)
	at java.util.concurrent.FutureTask.run(FutureTask.java)
	at java.util.concurrent.ScheduledThreadPoolExecutor$ScheduledFutureTask.access$201(ScheduledThreadPoolExecutor.java:180)
	at java.util.concurrent.ScheduledThreadPoolExecutor$ScheduledFutureTask.run(ScheduledThreadPoolExecutor.java:293)
	at java.util.concurrent.ThreadPoolExecutor.runWorker(ThreadPoolExecutor.java:1149)
	at java.util.concurrent.ThreadPoolExecutor$Worker.run(ThreadPoolExecutor.java:624)
	at java.lang.Thread.run(Thread.java:750)
Caused by: java.io.IOException: Server returned HTTP response code: 502 for URL: http://10.4.0.65:31080/nacos/v1/cs/configs/listener
	at sun.net.www.protocol.http.HttpURLConnection.getInputStream0(HttpURLConnection.java:1917)
	at sun.net.www.protocol.http.HttpURLConnection.getInputStream(HttpURLConnection.java:1515)
	at java.net.HttpURLConnection.getResponseCode(HttpURLConnection.java:480)
	at com.alibaba.nacos.common.http.client.response.JdkHttpClientResponse.getStatusCode(JdkHttpClientResponse.java:75)
	at com.alibaba.nacos.common.http.client.handler.AbstractResponseHandler.handle(AbstractResponseHandler.java:43)
	... 15 common frames omitted
[ERROR][2025-05-18 01:46:03.577][][com.alibaba.nacos.client.naming] - [NA] failed to request
java.io.IOException: Server returned HTTP response code: 502 for URL: http://10.4.0.65:31080/nacos/v1/ns/instance/beat?app=unknown&namespaceId=public&port=8111&clusterName=DEFAULT&ip=192.168.1.115&serviceName=DEFAULT_GROUP%40%40capture-simulator&accessToken=778cd42a0b084906a512985557a34cd140f9717f552b400bbd1c0807461ec82b
	at sun.reflect.NativeConstructorAccessorImpl.newInstance0(Native Method)
	at sun.reflect.NativeConstructorAccessorImpl.newInstance(NativeConstructorAccessorImpl.java:62)
	at sun.reflect.DelegatingConstructorAccessorImpl.newInstance(DelegatingConstructorAccessorImpl.java:45)
	at java.lang.reflect.Constructor.newInstance(Constructor.java:423)
	at sun.net.www.protocol.http.HttpURLConnection$10.run(HttpURLConnection.java:1967)
	at sun.net.www.protocol.http.HttpURLConnection$10.run(HttpURLConnection.java:1962)
	at java.security.AccessController.doPrivileged(Native Method)
	at sun.net.www.protocol.http.HttpURLConnection.getChainedException(HttpURLConnection.java:1961)
	at sun.net.www.protocol.http.HttpURLConnection.getInputStream0(HttpURLConnection.java:1531)
	at sun.net.www.protocol.http.HttpURLConnection.getInputStream(HttpURLConnection.java:1515)
	at com.alibaba.nacos.common.http.client.response.JdkHttpClientResponse.getBody(JdkHttpClientResponse.java:60)
	at com.alibaba.nacos.common.http.client.handler.AbstractResponseHandler.handleError(AbstractResponseHandler.java:51)
	at com.alibaba.nacos.common.http.client.handler.AbstractResponseHandler.handle(AbstractResponseHandler.java:44)
	at com.alibaba.nacos.common.http.client.NacosRestTemplate.execute(NacosRestTemplate.java:483)
	at com.alibaba.nacos.common.http.client.NacosRestTemplate.exchangeForm(NacosRestTemplate.java:427)
	at com.alibaba.nacos.client.naming.net.NamingProxy.callServer(NamingProxy.java:599)
	at com.alibaba.nacos.client.naming.net.NamingProxy.reqApi(NamingProxy.java:524)
	at com.alibaba.nacos.client.naming.net.NamingProxy.reqApi(NamingProxy.java:491)
	at com.alibaba.nacos.client.naming.net.NamingProxy.sendBeat(NamingProxy.java:426)
	at com.alibaba.nacos.client.naming.beat.BeatReactor$BeatTask.run(BeatReactor.java:167)
	at java.util.concurrent.Executors$RunnableAdapter.call(Executors.java:511)
	at java.util.concurrent.FutureTask.run$$$capture(FutureTask.java:266)
	at java.util.concurrent.FutureTask.run(FutureTask.java)
	at java.util.concurrent.ScheduledThreadPoolExecutor$ScheduledFutureTask.access$201(ScheduledThreadPoolExecutor.java:180)
	at java.util.concurrent.ScheduledThreadPoolExecutor$ScheduledFutureTask.run(ScheduledThreadPoolExecutor.java:293)
	at java.util.concurrent.ThreadPoolExecutor.runWorker(ThreadPoolExecutor.java:1149)
	at java.util.concurrent.ThreadPoolExecutor$Worker.run(ThreadPoolExecutor.java:624)
	at java.lang.Thread.run(Thread.java:750)
Caused by: java.io.IOException: Server returned HTTP response code: 502 for URL: http://10.4.0.65:31080/nacos/v1/ns/instance/beat?app=unknown&namespaceId=public&port=8111&clusterName=DEFAULT&ip=192.168.1.115&serviceName=DEFAULT_GROUP%40%40capture-simulator&accessToken=778cd42a0b084906a512985557a34cd140f9717f552b400bbd1c0807461ec82b
	at sun.net.www.protocol.http.HttpURLConnection.getInputStream0(HttpURLConnection.java:1917)
	at sun.net.www.protocol.http.HttpURLConnection.getInputStream(HttpURLConnection.java:1515)
	at java.net.HttpURLConnection.getResponseCode(HttpURLConnection.java:480)
	at com.alibaba.nacos.common.http.client.response.JdkHttpClientResponse.getStatusCode(JdkHttpClientResponse.java:75)
	at com.alibaba.nacos.common.http.client.handler.AbstractResponseHandler.handle(AbstractResponseHandler.java:43)
	... 15 common frames omitted
[ERROR][2025-05-18 02:02:48.220][][com.alibaba.nacos.client.naming] - [NA] failed to request
java.io.IOException: Server returned HTTP response code: 502 for URL: http://10.4.0.65:31080/nacos/v1/ns/instance/beat?app=unknown&namespaceId=public&port=8111&clusterName=DEFAULT&ip=192.168.1.115&serviceName=DEFAULT_GROUP%40%40capture-simulator&accessToken=778cd42a0b084906a512985557a34cd140f9717f552b400bbd1c0807461ec82b
	at sun.reflect.NativeConstructorAccessorImpl.newInstance0(Native Method)
	at sun.reflect.NativeConstructorAccessorImpl.newInstance(NativeConstructorAccessorImpl.java:62)
	at sun.reflect.DelegatingConstructorAccessorImpl.newInstance(DelegatingConstructorAccessorImpl.java:45)
	at java.lang.reflect.Constructor.newInstance(Constructor.java:423)
	at sun.net.www.protocol.http.HttpURLConnection$10.run(HttpURLConnection.java:1967)
	at sun.net.www.protocol.http.HttpURLConnection$10.run(HttpURLConnection.java:1962)
	at java.security.AccessController.doPrivileged(Native Method)
	at sun.net.www.protocol.http.HttpURLConnection.getChainedException(HttpURLConnection.java:1961)
	at sun.net.www.protocol.http.HttpURLConnection.getInputStream0(HttpURLConnection.java:1531)
	at sun.net.www.protocol.http.HttpURLConnection.getInputStream(HttpURLConnection.java:1515)
	at com.alibaba.nacos.common.http.client.response.JdkHttpClientResponse.getBody(JdkHttpClientResponse.java:60)
	at com.alibaba.nacos.common.http.client.handler.AbstractResponseHandler.handleError(AbstractResponseHandler.java:51)
	at com.alibaba.nacos.common.http.client.handler.AbstractResponseHandler.handle(AbstractResponseHandler.java:44)
	at com.alibaba.nacos.common.http.client.NacosRestTemplate.execute(NacosRestTemplate.java:483)
	at com.alibaba.nacos.common.http.client.NacosRestTemplate.exchangeForm(NacosRestTemplate.java:427)
	at com.alibaba.nacos.client.naming.net.NamingProxy.callServer(NamingProxy.java:599)
	at com.alibaba.nacos.client.naming.net.NamingProxy.reqApi(NamingProxy.java:524)
	at com.alibaba.nacos.client.naming.net.NamingProxy.reqApi(NamingProxy.java:491)
	at com.alibaba.nacos.client.naming.net.NamingProxy.sendBeat(NamingProxy.java:426)
	at com.alibaba.nacos.client.naming.beat.BeatReactor$BeatTask.run(BeatReactor.java:167)
	at java.util.concurrent.Executors$RunnableAdapter.call(Executors.java:511)
	at java.util.concurrent.FutureTask.run$$$capture(FutureTask.java:266)
	at java.util.concurrent.FutureTask.run(FutureTask.java)
	at java.util.concurrent.ScheduledThreadPoolExecutor$ScheduledFutureTask.access$201(ScheduledThreadPoolExecutor.java:180)
	at java.util.concurrent.ScheduledThreadPoolExecutor$ScheduledFutureTask.run(ScheduledThreadPoolExecutor.java:293)
	at java.util.concurrent.ThreadPoolExecutor.runWorker(ThreadPoolExecutor.java:1149)
	at java.util.concurrent.ThreadPoolExecutor$Worker.run(ThreadPoolExecutor.java:624)
	at java.lang.Thread.run(Thread.java:750)
Caused by: java.io.IOException: Server returned HTTP response code: 502 for URL: http://10.4.0.65:31080/nacos/v1/ns/instance/beat?app=unknown&namespaceId=public&port=8111&clusterName=DEFAULT&ip=192.168.1.115&serviceName=DEFAULT_GROUP%40%40capture-simulator&accessToken=778cd42a0b084906a512985557a34cd140f9717f552b400bbd1c0807461ec82b
	at sun.net.www.protocol.http.HttpURLConnection.getInputStream0(HttpURLConnection.java:1917)
	at sun.net.www.protocol.http.HttpURLConnection.getInputStream(HttpURLConnection.java:1515)
	at java.net.HttpURLConnection.getResponseCode(HttpURLConnection.java:480)
	at com.alibaba.nacos.common.http.client.response.JdkHttpClientResponse.getStatusCode(JdkHttpClientResponse.java:75)
	at com.alibaba.nacos.common.http.client.handler.AbstractResponseHandler.handle(AbstractResponseHandler.java:43)
	... 15 common frames omitted
[ERROR][2025-05-18 02:29:45.982][][com.alibaba.nacos.client.naming] - [NA] failed to request
java.io.IOException: Server returned HTTP response code: 502 for URL: http://10.4.0.65:31080/nacos/v1/ns/instance/beat?app=unknown&namespaceId=public&port=8111&clusterName=DEFAULT&ip=192.168.1.115&serviceName=DEFAULT_GROUP%40%40capture-simulator&accessToken=4c886af9986d44008ac0dbc7a93f68bae0909b9d18b04f048c13e6b132fa4577
	at sun.reflect.NativeConstructorAccessorImpl.newInstance0(Native Method)
	at sun.reflect.NativeConstructorAccessorImpl.newInstance(NativeConstructorAccessorImpl.java:62)
	at sun.reflect.DelegatingConstructorAccessorImpl.newInstance(DelegatingConstructorAccessorImpl.java:45)
	at java.lang.reflect.Constructor.newInstance(Constructor.java:423)
	at sun.net.www.protocol.http.HttpURLConnection$10.run(HttpURLConnection.java:1967)
	at sun.net.www.protocol.http.HttpURLConnection$10.run(HttpURLConnection.java:1962)
	at java.security.AccessController.doPrivileged(Native Method)
	at sun.net.www.protocol.http.HttpURLConnection.getChainedException(HttpURLConnection.java:1961)
	at sun.net.www.protocol.http.HttpURLConnection.getInputStream0(HttpURLConnection.java:1531)
	at sun.net.www.protocol.http.HttpURLConnection.getInputStream(HttpURLConnection.java:1515)
	at com.alibaba.nacos.common.http.client.response.JdkHttpClientResponse.getBody(JdkHttpClientResponse.java:60)
	at com.alibaba.nacos.common.http.client.handler.AbstractResponseHandler.handleError(AbstractResponseHandler.java:51)
	at com.alibaba.nacos.common.http.client.handler.AbstractResponseHandler.handle(AbstractResponseHandler.java:44)
	at com.alibaba.nacos.common.http.client.NacosRestTemplate.execute(NacosRestTemplate.java:483)
	at com.alibaba.nacos.common.http.client.NacosRestTemplate.exchangeForm(NacosRestTemplate.java:427)
	at com.alibaba.nacos.client.naming.net.NamingProxy.callServer(NamingProxy.java:599)
	at com.alibaba.nacos.client.naming.net.NamingProxy.reqApi(NamingProxy.java:524)
	at com.alibaba.nacos.client.naming.net.NamingProxy.reqApi(NamingProxy.java:491)
	at com.alibaba.nacos.client.naming.net.NamingProxy.sendBeat(NamingProxy.java:426)
	at com.alibaba.nacos.client.naming.beat.BeatReactor$BeatTask.run(BeatReactor.java:167)
	at java.util.concurrent.Executors$RunnableAdapter.call(Executors.java:511)
	at java.util.concurrent.FutureTask.run$$$capture(FutureTask.java:266)
	at java.util.concurrent.FutureTask.run(FutureTask.java)
	at java.util.concurrent.ScheduledThreadPoolExecutor$ScheduledFutureTask.access$201(ScheduledThreadPoolExecutor.java:180)
	at java.util.concurrent.ScheduledThreadPoolExecutor$ScheduledFutureTask.run(ScheduledThreadPoolExecutor.java:293)
	at java.util.concurrent.ThreadPoolExecutor.runWorker(ThreadPoolExecutor.java:1149)
	at java.util.concurrent.ThreadPoolExecutor$Worker.run(ThreadPoolExecutor.java:624)
	at java.lang.Thread.run(Thread.java:750)
Caused by: java.io.IOException: Server returned HTTP response code: 502 for URL: http://10.4.0.65:31080/nacos/v1/ns/instance/beat?app=unknown&namespaceId=public&port=8111&clusterName=DEFAULT&ip=192.168.1.115&serviceName=DEFAULT_GROUP%40%40capture-simulator&accessToken=4c886af9986d44008ac0dbc7a93f68bae0909b9d18b04f048c13e6b132fa4577
	at sun.net.www.protocol.http.HttpURLConnection.getInputStream0(HttpURLConnection.java:1917)
	at sun.net.www.protocol.http.HttpURLConnection.getInputStream(HttpURLConnection.java:1515)
	at java.net.HttpURLConnection.getResponseCode(HttpURLConnection.java:480)
	at com.alibaba.nacos.common.http.client.response.JdkHttpClientResponse.getStatusCode(JdkHttpClientResponse.java:75)
	at com.alibaba.nacos.common.http.client.handler.AbstractResponseHandler.handle(AbstractResponseHandler.java:43)
	... 15 common frames omitted
[ERROR][2025-05-18 05:14:49.449][][com.alibaba.nacos.client.naming] - [NA] failed to request
java.io.IOException: Server returned HTTP response code: 502 for URL: http://10.4.0.65:31080/nacos/v1/ns/instance/list?app=unknown&healthyOnly=false&namespaceId=public&clientIP=127.0.0.1&serviceName=DEFAULT_GROUP%40%40capture-simulator&udpPort=55575&accessToken=911243ebc8814b25a34ea1abcf9b93542eececdc53e94505b13caa3dadc7d606&clusters=DEFAULT
	at sun.reflect.NativeConstructorAccessorImpl.newInstance0(Native Method)
	at sun.reflect.NativeConstructorAccessorImpl.newInstance(NativeConstructorAccessorImpl.java:62)
	at sun.reflect.DelegatingConstructorAccessorImpl.newInstance(DelegatingConstructorAccessorImpl.java:45)
	at java.lang.reflect.Constructor.newInstance(Constructor.java:423)
	at sun.net.www.protocol.http.HttpURLConnection$10.run(HttpURLConnection.java:1967)
	at sun.net.www.protocol.http.HttpURLConnection$10.run(HttpURLConnection.java:1962)
	at java.security.AccessController.doPrivileged(Native Method)
	at sun.net.www.protocol.http.HttpURLConnection.getChainedException(HttpURLConnection.java:1961)
	at sun.net.www.protocol.http.HttpURLConnection.getInputStream0(HttpURLConnection.java:1531)
	at sun.net.www.protocol.http.HttpURLConnection.getInputStream(HttpURLConnection.java:1515)
	at com.alibaba.nacos.common.http.client.response.JdkHttpClientResponse.getBody(JdkHttpClientResponse.java:60)
	at com.alibaba.nacos.common.http.client.handler.AbstractResponseHandler.handleError(AbstractResponseHandler.java:51)
	at com.alibaba.nacos.common.http.client.handler.AbstractResponseHandler.handle(AbstractResponseHandler.java:44)
	at com.alibaba.nacos.common.http.client.NacosRestTemplate.execute(NacosRestTemplate.java:483)
	at com.alibaba.nacos.common.http.client.NacosRestTemplate.exchangeForm(NacosRestTemplate.java:427)
	at com.alibaba.nacos.client.naming.net.NamingProxy.callServer(NamingProxy.java:599)
	at com.alibaba.nacos.client.naming.net.NamingProxy.reqApi(NamingProxy.java:524)
	at com.alibaba.nacos.client.naming.net.NamingProxy.reqApi(NamingProxy.java:491)
	at com.alibaba.nacos.client.naming.net.NamingProxy.reqApi(NamingProxy.java:486)
	at com.alibaba.nacos.client.naming.net.NamingProxy.queryList(NamingProxy.java:400)
	at com.alibaba.nacos.client.naming.core.HostReactor.updateService(HostReactor.java:339)
	at com.alibaba.nacos.client.naming.core.HostReactor$UpdateTask.run(HostReactor.java:420)
	at java.util.concurrent.Executors$RunnableAdapter.call(Executors.java:511)
	at java.util.concurrent.FutureTask.run$$$capture(FutureTask.java:266)
	at java.util.concurrent.FutureTask.run(FutureTask.java)
	at java.util.concurrent.ScheduledThreadPoolExecutor$ScheduledFutureTask.access$201(ScheduledThreadPoolExecutor.java:180)
	at java.util.concurrent.ScheduledThreadPoolExecutor$ScheduledFutureTask.run(ScheduledThreadPoolExecutor.java:293)
	at java.util.concurrent.ThreadPoolExecutor.runWorker(ThreadPoolExecutor.java:1149)
	at java.util.concurrent.ThreadPoolExecutor$Worker.run(ThreadPoolExecutor.java:624)
	at java.lang.Thread.run(Thread.java:750)
Caused by: java.io.IOException: Server returned HTTP response code: 502 for URL: http://10.4.0.65:31080/nacos/v1/ns/instance/list?app=unknown&healthyOnly=false&namespaceId=public&clientIP=127.0.0.1&serviceName=DEFAULT_GROUP%40%40capture-simulator&udpPort=55575&accessToken=911243ebc8814b25a34ea1abcf9b93542eececdc53e94505b13caa3dadc7d606&clusters=DEFAULT
	at sun.net.www.protocol.http.HttpURLConnection.getInputStream0(HttpURLConnection.java:1917)
	at sun.net.www.protocol.http.HttpURLConnection.getInputStream(HttpURLConnection.java:1515)
	at java.net.HttpURLConnection.getResponseCode(HttpURLConnection.java:480)
	at com.alibaba.nacos.common.http.client.response.JdkHttpClientResponse.getStatusCode(JdkHttpClientResponse.java:75)
	at com.alibaba.nacos.common.http.client.handler.AbstractResponseHandler.handle(AbstractResponseHandler.java:43)
	... 17 common frames omitted
[ERROR][2025-05-18 05:43:05.304][][com.alibaba.nacos.client.naming] - [NA] failed to request
java.io.IOException: Server returned HTTP response code: 502 for URL: http://10.4.0.65:31080/nacos/v1/ns/instance/list?app=unknown&healthyOnly=false&namespaceId=public&clientIP=127.0.0.1&serviceName=DEFAULT_GROUP%40%40capture-simulator&udpPort=55575&accessToken=911243ebc8814b25a34ea1abcf9b93542eececdc53e94505b13caa3dadc7d606&clusters=DEFAULT
	at sun.reflect.NativeConstructorAccessorImpl.newInstance0(Native Method)
	at sun.reflect.NativeConstructorAccessorImpl.newInstance(NativeConstructorAccessorImpl.java:62)
	at sun.reflect.DelegatingConstructorAccessorImpl.newInstance(DelegatingConstructorAccessorImpl.java:45)
	at java.lang.reflect.Constructor.newInstance(Constructor.java:423)
	at sun.net.www.protocol.http.HttpURLConnection$10.run(HttpURLConnection.java:1967)
	at sun.net.www.protocol.http.HttpURLConnection$10.run(HttpURLConnection.java:1962)
	at java.security.AccessController.doPrivileged(Native Method)
	at sun.net.www.protocol.http.HttpURLConnection.getChainedException(HttpURLConnection.java:1961)
	at sun.net.www.protocol.http.HttpURLConnection.getInputStream0(HttpURLConnection.java:1531)
	at sun.net.www.protocol.http.HttpURLConnection.getInputStream(HttpURLConnection.java:1515)
	at com.alibaba.nacos.common.http.client.response.JdkHttpClientResponse.getBody(JdkHttpClientResponse.java:60)
	at com.alibaba.nacos.common.http.client.handler.AbstractResponseHandler.handleError(AbstractResponseHandler.java:51)
	at com.alibaba.nacos.common.http.client.handler.AbstractResponseHandler.handle(AbstractResponseHandler.java:44)
	at com.alibaba.nacos.common.http.client.NacosRestTemplate.execute(NacosRestTemplate.java:483)
	at com.alibaba.nacos.common.http.client.NacosRestTemplate.exchangeForm(NacosRestTemplate.java:427)
	at com.alibaba.nacos.client.naming.net.NamingProxy.callServer(NamingProxy.java:599)
	at com.alibaba.nacos.client.naming.net.NamingProxy.reqApi(NamingProxy.java:524)
	at com.alibaba.nacos.client.naming.net.NamingProxy.reqApi(NamingProxy.java:491)
	at com.alibaba.nacos.client.naming.net.NamingProxy.reqApi(NamingProxy.java:486)
	at com.alibaba.nacos.client.naming.net.NamingProxy.queryList(NamingProxy.java:400)
	at com.alibaba.nacos.client.naming.core.HostReactor.updateService(HostReactor.java:339)
	at com.alibaba.nacos.client.naming.core.HostReactor$UpdateTask.run(HostReactor.java:420)
	at java.util.concurrent.Executors$RunnableAdapter.call(Executors.java:511)
	at java.util.concurrent.FutureTask.run$$$capture(FutureTask.java:266)
	at java.util.concurrent.FutureTask.run(FutureTask.java)
	at java.util.concurrent.ScheduledThreadPoolExecutor$ScheduledFutureTask.access$201(ScheduledThreadPoolExecutor.java:180)
	at java.util.concurrent.ScheduledThreadPoolExecutor$ScheduledFutureTask.run(ScheduledThreadPoolExecutor.java:293)
	at java.util.concurrent.ThreadPoolExecutor.runWorker(ThreadPoolExecutor.java:1149)
	at java.util.concurrent.ThreadPoolExecutor$Worker.run(ThreadPoolExecutor.java:624)
	at java.lang.Thread.run(Thread.java:750)
Caused by: java.io.IOException: Server returned HTTP response code: 502 for URL: http://10.4.0.65:31080/nacos/v1/ns/instance/list?app=unknown&healthyOnly=false&namespaceId=public&clientIP=127.0.0.1&serviceName=DEFAULT_GROUP%40%40capture-simulator&udpPort=55575&accessToken=911243ebc8814b25a34ea1abcf9b93542eececdc53e94505b13caa3dadc7d606&clusters=DEFAULT
	at sun.net.www.protocol.http.HttpURLConnection.getInputStream0(HttpURLConnection.java:1917)
	at sun.net.www.protocol.http.HttpURLConnection.getInputStream(HttpURLConnection.java:1515)
	at java.net.HttpURLConnection.getResponseCode(HttpURLConnection.java:480)
	at com.alibaba.nacos.common.http.client.response.JdkHttpClientResponse.getStatusCode(JdkHttpClientResponse.java:75)
	at com.alibaba.nacos.common.http.client.handler.AbstractResponseHandler.handle(AbstractResponseHandler.java:43)
	... 17 common frames omitted
[ERROR][2025-05-18 06:34:44.525][][com.alibaba.nacos.client.naming] - [NA] failed to request
java.io.IOException: Server returned HTTP response code: 502 for URL: http://10.4.0.65:31080/nacos/v1/ns/instance/beat?app=unknown&namespaceId=public&port=8111&clusterName=DEFAULT&ip=192.168.1.115&serviceName=DEFAULT_GROUP%40%40capture-simulator&accessToken=682d1df03f774c4385b0bee451472f17c71fa3cfbb5646e2816bc436d8a43bf4
	at sun.reflect.NativeConstructorAccessorImpl.newInstance0(Native Method)
	at sun.reflect.NativeConstructorAccessorImpl.newInstance(NativeConstructorAccessorImpl.java:62)
	at sun.reflect.DelegatingConstructorAccessorImpl.newInstance(DelegatingConstructorAccessorImpl.java:45)
	at java.lang.reflect.Constructor.newInstance(Constructor.java:423)
	at sun.net.www.protocol.http.HttpURLConnection$10.run(HttpURLConnection.java:1967)
	at sun.net.www.protocol.http.HttpURLConnection$10.run(HttpURLConnection.java:1962)
	at java.security.AccessController.doPrivileged(Native Method)
	at sun.net.www.protocol.http.HttpURLConnection.getChainedException(HttpURLConnection.java:1961)
	at sun.net.www.protocol.http.HttpURLConnection.getInputStream0(HttpURLConnection.java:1531)
	at sun.net.www.protocol.http.HttpURLConnection.getInputStream(HttpURLConnection.java:1515)
	at com.alibaba.nacos.common.http.client.response.JdkHttpClientResponse.getBody(JdkHttpClientResponse.java:60)
	at com.alibaba.nacos.common.http.client.handler.AbstractResponseHandler.handleError(AbstractResponseHandler.java:51)
	at com.alibaba.nacos.common.http.client.handler.AbstractResponseHandler.handle(AbstractResponseHandler.java:44)
	at com.alibaba.nacos.common.http.client.NacosRestTemplate.execute(NacosRestTemplate.java:483)
	at com.alibaba.nacos.common.http.client.NacosRestTemplate.exchangeForm(NacosRestTemplate.java:427)
	at com.alibaba.nacos.client.naming.net.NamingProxy.callServer(NamingProxy.java:599)
	at com.alibaba.nacos.client.naming.net.NamingProxy.reqApi(NamingProxy.java:524)
	at com.alibaba.nacos.client.naming.net.NamingProxy.reqApi(NamingProxy.java:491)
	at com.alibaba.nacos.client.naming.net.NamingProxy.sendBeat(NamingProxy.java:426)
	at com.alibaba.nacos.client.naming.beat.BeatReactor$BeatTask.run(BeatReactor.java:167)
	at java.util.concurrent.Executors$RunnableAdapter.call(Executors.java:511)
	at java.util.concurrent.FutureTask.run$$$capture(FutureTask.java:266)
	at java.util.concurrent.FutureTask.run(FutureTask.java)
	at java.util.concurrent.ScheduledThreadPoolExecutor$ScheduledFutureTask.access$201(ScheduledThreadPoolExecutor.java:180)
	at java.util.concurrent.ScheduledThreadPoolExecutor$ScheduledFutureTask.run(ScheduledThreadPoolExecutor.java:293)
	at java.util.concurrent.ThreadPoolExecutor.runWorker(ThreadPoolExecutor.java:1149)
	at java.util.concurrent.ThreadPoolExecutor$Worker.run(ThreadPoolExecutor.java:624)
	at java.lang.Thread.run(Thread.java:750)
Caused by: java.io.IOException: Server returned HTTP response code: 502 for URL: http://10.4.0.65:31080/nacos/v1/ns/instance/beat?app=unknown&namespaceId=public&port=8111&clusterName=DEFAULT&ip=192.168.1.115&serviceName=DEFAULT_GROUP%40%40capture-simulator&accessToken=682d1df03f774c4385b0bee451472f17c71fa3cfbb5646e2816bc436d8a43bf4
	at sun.net.www.protocol.http.HttpURLConnection.getInputStream0(HttpURLConnection.java:1917)
	at sun.net.www.protocol.http.HttpURLConnection.getInputStream(HttpURLConnection.java:1515)
	at java.net.HttpURLConnection.getResponseCode(HttpURLConnection.java:480)
	at com.alibaba.nacos.common.http.client.response.JdkHttpClientResponse.getStatusCode(JdkHttpClientResponse.java:75)
	at com.alibaba.nacos.common.http.client.handler.AbstractResponseHandler.handle(AbstractResponseHandler.java:43)
	... 15 common frames omitted
[ERROR][2025-05-18 11:55:09.197][][com.alibaba.nacos.client.naming] - [NA] error while receiving push data
java.net.SocketException: Socket closed
	at java.net.PlainDatagramSocketImpl.receive0(Native Method)
	at java.net.AbstractPlainDatagramSocketImpl.receive(AbstractPlainDatagramSocketImpl.java:143)
	at java.net.DatagramSocket.receive(DatagramSocket.java:812)
	at com.alibaba.nacos.client.naming.core.PushReceiver.run(PushReceiver.java:83)
	at java.util.concurrent.Executors$RunnableAdapter.call(Executors.java:511)
	at java.util.concurrent.FutureTask.run$$$capture(FutureTask.java:266)
	at java.util.concurrent.FutureTask.run(FutureTask.java)
	at java.util.concurrent.ScheduledThreadPoolExecutor$ScheduledFutureTask.access$201(ScheduledThreadPoolExecutor.java:180)
	at java.util.concurrent.ScheduledThreadPoolExecutor$ScheduledFutureTask.run(ScheduledThreadPoolExecutor.java:293)
	at java.util.concurrent.ThreadPoolExecutor.runWorker(ThreadPoolExecutor.java:1149)
	at java.util.concurrent.ThreadPoolExecutor$Worker.run(ThreadPoolExecutor.java:624)
	at java.lang.Thread.run(Thread.java:750)
